Archive member included to satisfy reference by file (symbol)

c:/nxp/mcuxpressoide_11.4.0_6224/ide/plugins/com.nxp.mcuxpresso.tools.win32_11.4.0.202103011116/tools/bin/../lib/gcc/arm-none-eabi/10.2.1/../../../../arm-none-eabi/lib/thumb/v6-m/nofp\libcr_nohost_nf.a(_cr__main.o)
                              ./startup/startup_mkl46z4.o (__main)
c:/nxp/mcuxpressoide_11.4.0_6224/ide/plugins/com.nxp.mcuxpresso.tools.win32_11.4.0.202103011116/tools/bin/../lib/gcc/arm-none-eabi/10.2.1/../../../../arm-none-eabi/lib/thumb/v6-m/nofp\libcr_nohost_nf.a(_cr_assert.o)
                              ./utilities/fsl_debug_console.o (__assertion_failed)
c:/nxp/mcuxpressoide_11.4.0_6224/ide/plugins/com.nxp.mcuxpresso.tools.win32_11.4.0.202103011116/tools/bin/../lib/gcc/arm-none-eabi/10.2.1/../../../../arm-none-eabi/lib/thumb/v6-m/nofp\libcr_nohost_nf.a(__ciob.o)
                              c:/nxp/mcuxpressoide_11.4.0_6224/ide/plugins/com.nxp.mcuxpresso.tools.win32_11.4.0.202103011116/tools/bin/../lib/gcc/arm-none-eabi/10.2.1/../../../../arm-none-eabi/lib/thumb/v6-m/nofp\libcr_nohost_nf.a(_cr_assert.o) (__Ciob)
c:/nxp/mcuxpressoide_11.4.0_6224/ide/plugins/com.nxp.mcuxpresso.tools.win32_11.4.0.202103011116/tools/bin/../lib/gcc/arm-none-eabi/10.2.1/../../../../arm-none-eabi/lib/thumb/v6-m/nofp\libcr_nohost_nf.a(__sys_appexit.o)
                              c:/nxp/mcuxpressoide_11.4.0_6224/ide/plugins/com.nxp.mcuxpresso.tools.win32_11.4.0.202103011116/tools/bin/../lib/gcc/arm-none-eabi/10.2.1/../../../../arm-none-eabi/lib/thumb/v6-m/nofp\libcr_nohost_nf.a(_cr_assert.o) (__sys_appexit)
c:/nxp/mcuxpressoide_11.4.0_6224/ide/plugins/com.nxp.mcuxpresso.tools.win32_11.4.0.202103011116/tools/bin/../lib/gcc/arm-none-eabi/10.2.1/../../../../arm-none-eabi/lib/thumb/v6-m/nofp\libcr_c.a(memcpy.o)
                              ./drivers/fsl_ftfx_cache.o (memcpy)
c:/nxp/mcuxpressoide_11.4.0_6224/ide/plugins/com.nxp.mcuxpresso.tools.win32_11.4.0.202103011116/tools/bin/../lib/gcc/arm-none-eabi/10.2.1/../../../../arm-none-eabi/lib/thumb/v6-m/nofp\libcr_c.a(memset.o)
                              ./utilities/fsl_debug_console.o (memset)
c:/nxp/mcuxpressoide_11.4.0_6224/ide/plugins/com.nxp.mcuxpresso.tools.win32_11.4.0.202103011116/tools/bin/../lib/gcc/arm-none-eabi/10.2.1/../../../../arm-none-eabi/lib/thumb/v6-m/nofp\libcr_c.a(_deferredlazyseek.o)
                              c:/nxp/mcuxpressoide_11.4.0_6224/ide/plugins/com.nxp.mcuxpresso.tools.win32_11.4.0.202103011116/tools/bin/../lib/gcc/arm-none-eabi/10.2.1/../../../../arm-none-eabi/lib/thumb/v6-m/nofp\libcr_nohost_nf.a(_cr_assert.o) (__flsbuf)
c:/nxp/mcuxpressoide_11.4.0_6224/ide/plugins/com.nxp.mcuxpresso.tools.win32_11.4.0.202103011116/tools/bin/../lib/gcc/arm-none-eabi/10.2.1/../../../../arm-none-eabi/lib/thumb/v6-m/nofp\libcr_c.a(_fflush.o)
                              c:/nxp/mcuxpressoide_11.4.0_6224/ide/plugins/com.nxp.mcuxpresso.tools.win32_11.4.0.202103011116/tools/bin/../lib/gcc/arm-none-eabi/10.2.1/../../../../arm-none-eabi/lib/thumb/v6-m/nofp\libcr_c.a(_deferredlazyseek.o) (_fflush)
c:/nxp/mcuxpressoide_11.4.0_6224/ide/plugins/com.nxp.mcuxpresso.tools.win32_11.4.0.202103011116/tools/bin/../lib/gcc/arm-none-eabi/10.2.1/../../../../arm-none-eabi/lib/thumb/v6-m/nofp\libcr_c.a(_writebuf.o)
                              c:/nxp/mcuxpressoide_11.4.0_6224/ide/plugins/com.nxp.mcuxpresso.tools.win32_11.4.0.202103011116/tools/bin/../lib/gcc/arm-none-eabi/10.2.1/../../../../arm-none-eabi/lib/thumb/v6-m/nofp\libcr_c.a(_deferredlazyseek.o) (_Cwritebuf)
c:/nxp/mcuxpressoide_11.4.0_6224/ide/plugins/com.nxp.mcuxpresso.tools.win32_11.4.0.202103011116/tools/bin/../lib/gcc/arm-none-eabi/10.2.1/../../../../arm-none-eabi/lib/thumb/v6-m/nofp\libcr_c.a(alloc.o)
                              ./drivers/fsl_common.o (malloc)
c:/nxp/mcuxpressoide_11.4.0_6224/ide/plugins/com.nxp.mcuxpresso.tools.win32_11.4.0.202103011116/tools/bin/../lib/gcc/arm-none-eabi/10.2.1/../../../../arm-none-eabi/lib/thumb/v6-m/nofp\libcr_c.a(fputs.o)
                              c:/nxp/mcuxpressoide_11.4.0_6224/ide/plugins/com.nxp.mcuxpresso.tools.win32_11.4.0.202103011116/tools/bin/../lib/gcc/arm-none-eabi/10.2.1/../../../../arm-none-eabi/lib/thumb/v6-m/nofp\libcr_nohost_nf.a(_cr_assert.o) (fputs)
c:/nxp/mcuxpressoide_11.4.0_6224/ide/plugins/com.nxp.mcuxpresso.tools.win32_11.4.0.202103011116/tools/bin/../lib/gcc/arm-none-eabi/10.2.1/../../../../arm-none-eabi/lib/thumb/v6-m/nofp\libcr_c.a(fseek.o)
                              c:/nxp/mcuxpressoide_11.4.0_6224/ide/plugins/com.nxp.mcuxpresso.tools.win32_11.4.0.202103011116/tools/bin/../lib/gcc/arm-none-eabi/10.2.1/../../../../arm-none-eabi/lib/thumb/v6-m/nofp\libcr_c.a(_deferredlazyseek.o) (fseek)
c:/nxp/mcuxpressoide_11.4.0_6224/ide/plugins/com.nxp.mcuxpresso.tools.win32_11.4.0.202103011116/tools/bin/../lib/gcc/arm-none-eabi/10.2.1/../../../../arm-none-eabi/lib/thumb/v6-m/nofp\libcr_c.a(ftell.o)
[...]
Memory Configuration

Name             Origin             Length             Attributes
PROGRAM_FLASH    0x00000000         0x00040000         xr
SRAM             0x1fffe000         0x00008000         xrw
*default*        0x00000000         0xffffffff

Linker script and memory map

LOAD ./utilities/fsl_assert.o
LOAD ./utilities/fsl_debug_console.o
LOAD ./utilities/fsl_io.o
LOAD ./utilities/fsl_log.o
LOAD ./utilities/fsl_str.o
LOAD ./startup/startup_mkl46z4.o
LOAD ./source/CtlSalidas.o
LOAD ./source/freertos_hello.o
LOAD ./source/mtb.o
LOAD ./source/semihost_hardfault.o
LOAD ./freertos/portable/fsl_tickless_systick.o
LOAD ./drivers/fsl_clock.o
LOAD ./drivers/fsl_common.o
LOAD ./drivers/fsl_ftfx_cache.o
LOAD ./drivers/fsl_ftfx_controller.o
LOAD ./drivers/fsl_ftfx_flash.o
LOAD ./drivers/fsl_ftfx_flexnvm.o
LOAD ./drivers/fsl_gpio.o
LOAD ./drivers/fsl_lpsci.o
LOAD ./drivers/fsl_smc.o
LOAD ./drivers/fsl_uart.o
LOAD ./board/src/board.o
LOAD ./board/src/clock_config.o
LOAD ./board/pin_mux.o
LOAD ./amazon-freertos/FreeRTOS/portable/heap_4.o
LOAD ./amazon-freertos/FreeRTOS/portable/port.o
LOAD ./amazon-freertos/FreeRTOS/event_groups.o
LOAD ./amazon-freertos/FreeRTOS/list.o
LOAD ./amazon-freertos/FreeRTOS/queue.o
LOAD ./amazon-freertos/FreeRTOS/stream_buffer.o
LOAD ./amazon-freertos/FreeRTOS/tasks.o
LOAD ./amazon-freertos/FreeRTOS/timers.o
LOAD ./CMSIS/system_MKL46Z4.o
START GROUP
LOAD c:/nxp/mcuxpressoide_11.4.0_6224/ide/plugins/com.nxp.mcuxpresso.tools.win32_11.4.0.202103011116/tools/bin/../lib/gcc/arm-none-eabi/10.2.1/../../../../arm-none-eabi/lib/thumb/v6-m/nofp\libcr_nohost_nf.a
LOAD c:/nxp/mcuxpressoide_11.4.0_6224/ide/plugins/com.nxp.mcuxpresso.tools.win32_11.4.0.202103011116/tools/bin/../lib/gcc/arm-none-eabi/10.2.1/../../../../arm-none-eabi/lib/thumb/v6-m/nofp\libcr_c.a
LOAD c:/nxp/mcuxpressoide_11.4.0_6224/ide/plugins/com.nxp.mcuxpresso.tools.win32_11.4.0.202103011116/tools/bin/../lib/gcc/arm-none-eabi/10.2.1/thumb/v6-m/nofp\libcr_eabihelpers.a
LOAD c:/nxp/mcuxpressoide_11.4.0_6224/ide/plugins/com.nxp.mcuxpresso.tools.win32_11.4.0.202103011116/tools/bin/../lib/gcc/arm-none-eabi/10.2.1/thumb/v6-m/nofp\libgcc.a
END GROUP
                0x00000000                __base_PROGRAM_FLASH = 0x0
                0x00000000                __base_Flash = 0x0
                0x00040000                __top_PROGRAM_FLASH = 0x40000
                0x00040000                __top_Flash = 0x40000
                0x1fffe000                __base_SRAM = 0x1fffe000
                0x1fffe000                __base_RAM = 0x1fffe000
                0x20006000                __top_SRAM = 0x20006000
                0x20006000                __top_RAM = 0x20006000

.text           0x00000000     0x62bc
 FILL mask 0xff
                0x00000000                __vectors_start__ = ABSOLUTE (.)
 *(SORT_BY_ALIGNMENT(.isr_vector))
 .isr_vector    0x00000000       0xc0 ./startup/startup_mkl46z4.o
                0x00000000                g_pfnVectors
                0x00000000                __Vectors
                0x000000c0                . = ALIGN (0x4)
                0x000000c0                __section_table_start = .
                0x000000c0                __data_section_table = .
                0x000000c0        0x4 LONG 0x62bc LOADADDR (.data)
                0x000000c4        0x4 LONG 0x1fffe080 ADDR (.data)
                0x000000c8        0x4 LONG 0x2c SIZEOF (.data)
                0x000000cc                __data_section_table_end = .
                0x000000cc                __bss_section_table = .
                0x000000cc        0x4 LONG 0x1fffe0ac ADDR (.bss)
                0x000000d0        0x4 LONG 0x2c6c SIZEOF (.bss)
                0x000000d4                __bss_section_table_end = .
                0x000000d4                __section_table_end = .
 *(SORT_BY_ALIGNMENT(.after_vectors*))
 .after_vectors.reset
                0x000000d4       0x4c ./startup/startup_mkl46z4.o
                0x000000d4                ResetISR
 .after_vectors.init_data
                0x00000120       0x12 ./startup/startup_mkl46z4.o
                0x00000120                data_init
 .after_vectors.init_bss
                0x00000132       0x10 ./startup/startup_mkl46z4.o
                0x00000132                bss_init
 .after_vectors
                0x00000142      0x10c ./startup/startup_mkl46z4.o
                0x00000142                NMI_Handler
                0x0000014c                DMA0_DriverIRQHandler
                0x0000014c                SPI1_DriverIRQHandler
                0x0000014c                LPTMR0_DriverIRQHandler
                0x0000014c                PORTC_PORTD_DriverIRQHandler
                0x0000014c                I2C0_DriverIRQHandler
                0x0000014c                PIT_DriverIRQHandler
                0x0000014c                DMA2_DriverIRQHandler
                0x0000014c                CMP0_DriverIRQHandler
                0x0000014c                I2S0_DriverIRQHandler
                0x0000014c                ADC0_DriverIRQHandler
                0x0000014c                SPI0_DriverIRQHandler
                0x0000014c                TPM2_DriverIRQHandler
                0x0000014c                I2C1_DriverIRQHandler
                0x0000014c                DMA3_DriverIRQHandler
                0x0000014c                DMA1_DriverIRQHandler
                0x0000014c                TSI0_DriverIRQHandler
                0x0000014c                RTC_Seconds_DriverIRQHandler
                0x0000014c                LCD_DriverIRQHandler
                0x0000014c                RTC_DriverIRQHandler
                0x0000014c                LLWU_DriverIRQHandler
                0x0000014c                MCG_DriverIRQHandler
                0x0000014c                TPM1_DriverIRQHandler
                0x0000014c                PORTA_DriverIRQHandler
                0x0000014c                FTFA_DriverIRQHandler
                0x0000014c                IntDefaultHandler
                0x0000014c                USB0_DriverIRQHandler
                0x0000014c                DAC0_DriverIRQHandler
                0x0000014c                LVD_LVW_DriverIRQHandler
                0x0000014c                TPM0_DriverIRQHandler
                0x0000014c                Reserved20_DriverIRQHandler
                0x0000014e                DMA0_IRQHandler
                0x00000156                DMA1_IRQHandler
                0x0000015e                DMA2_IRQHandler
                0x00000166                DMA3_IRQHandler
                0x0000016e                Reserved20_IRQHandler
                0x00000176                FTFA_IRQHandler
                0x0000017e                LVD_LVW_IRQHandler
                0x00000186                LLWU_IRQHandler
                0x0000018e                I2C0_IRQHandler
                0x00000196                I2C1_IRQHandler
                0x0000019e                SPI0_IRQHandler
                0x000001a6                SPI1_IRQHandler
                0x000001ae                UART0_IRQHandler
                0x000001b6                UART1_IRQHandler
                0x000001be                UART2_IRQHandler
                0x000001c6                ADC0_IRQHandler
                0x000001ce                CMP0_IRQHandler
                0x000001d6                TPM0_IRQHandler
                0x000001de                TPM1_IRQHandler
                0x000001e6                TPM2_IRQHandler
                0x000001ee                RTC_IRQHandler
                0x000001f6                RTC_Seconds_IRQHandler
                0x000001fe                PIT_IRQHandler
                0x00000206                I2S0_IRQHandler
                0x0000020e                USB0_IRQHandler
                0x00000216                DAC0_IRQHandler
                0x0000021e                TSI0_IRQHandler
                0x00000226                MCG_IRQHandler
                0x0000022e                LPTMR0_IRQHandler
                0x00000236                LCD_IRQHandler
                0x0000023e                PORTA_IRQHandler
                0x00000246                PORTC_PORTD_IRQHandler
                0x00000400                . = 0x400
 *fill*         0x0000024e      0x1b2 ff
                0x00000400                PROVIDE (__FLASH_CONFIG_START__ = .)
 *(SORT_BY_ALIGNMENT(.FlashConfig))
 .FlashConfig   0x00000400       0x10 ./startup/startup_mkl46z4.o
                0x00000400                Flash_Config
                0x00000410                PROVIDE (__FLASH_CONFIG_END__ = .)
                0x00000001                ASSERT (! ((__FLASH_CONFIG_START__ == __FLASH_CONFIG_END__)), Linker Flash Config Support Enabled, but no .FlashConfig section provided within application)
 *(SORT_BY_ALIGNMENT(.text*))
 .text.vPortStartFirstTask
                0x00000410       0x38 ./amazon-freertos/FreeRTOS/portable/port.o
 *fill*         0x00000448        0x8 ff
 .text.PendSV_Handler
                0x00000450       0x48 ./amazon-freertos/FreeRTOS/portable/port.o
                0x00000450                PendSV_Handler
 .text.DbgConsole_Init
                0x00000498       0x40 ./utilities/fsl_debug_console.o
                0x00000498                DbgConsole_Init
 .text.DbgConsole_Printf
                0x000004d8       0x98 ./utilities/fsl_debug_console.o
                0x000004d8                DbgConsole_Printf
 .text.IO_Init  0x00000570       0xc8 ./utilities/fsl_io.o
                0x00000570                IO_Init
 .text.IO_Transfer
                0x00000638       0x94 ./utilities/fsl_io.o
                0x00000638                IO_Transfer
 .text.LOG_Push
                0x000006cc       0x34 ./utilities/fsl_log.o
                0x000006cc                LOG_Push
 .text.CSal_Inicie
                0x00000700       0xc4 ./source/CtlSalidas.o
                0x00000700                CSal_Inicie
 .text.CSal_Procese
                0x000007c4      0x6e8 ./source/CtlSalidas.o
                0x000007c4                CSal_Procese
 .text.main     0x00000eac       0x68 ./source/freertos_hello.o
                0x00000eac                main
 .text.hello_task
                0x00000f14       0x1c ./source/freertos_hello.o
 .text.HardFault_Handler
                0x00000f30       0x30 ./source/semihost_hardfault.o
                0x00000f30                HardFault_Handler
 .text.prvSetupTimerInterrupt
                0x00000f60       0x3c ./freertos/portable/fsl_tickless_systick.o
                0x00000f60                prvSetupTimerInterrupt
 .text.CLOCK_SetEr32kClock
                0x00000f9c       0x34 ./drivers/fsl_clock.o
 .text.CLOCK_SetPllFllSelClock
                0x00000fd0       0x38 ./drivers/fsl_clock.o
 .text.CLOCK_GetMcgExtClkFreq
                0x00001008       0x28 ./drivers/fsl_clock.o
 .text.CLOCK_GetFllExtRefClkFreq
                0x00001030       0xa8 ./drivers/fsl_clock.o
 .text.CLOCK_GetFllRefClkFreq
                0x000010d8       0x2c ./drivers/fsl_clock.o
 .text.CLOCK_GetOscRangeFromFreq
                0x00001104       0x4c ./drivers/fsl_clock.o
 .text.CLOCK_GetPllFllSelClkFreq
                0x00001150       0x4c ./drivers/fsl_clock.o
                0x00001150                CLOCK_GetPllFllSelClkFreq
 .text.CLOCK_SetSimConfig
                0x0000119c       0x38 ./drivers/fsl_clock.o
                0x0000119c                CLOCK_SetSimConfig
 .text.CLOCK_GetFllFreq
                0x000011d4       0x84 ./drivers/fsl_clock.o
                0x000011d4                CLOCK_GetFllFreq
 .text.CLOCK_GetPll0Freq
                0x00001258       0x70 ./drivers/fsl_clock.o
                0x00001258                CLOCK_GetPll0Freq
 .text.CLOCK_SetInternalRefClkConfig
                0x000012c8      0x124 ./drivers/fsl_clock.o
                0x000012c8                CLOCK_SetInternalRefClkConfig
 .text.CLOCK_EnablePll0
                0x000013ec       0x94 ./drivers/fsl_clock.o
                0x000013ec                CLOCK_EnablePll0
 .text.CLOCK_InitOsc0
                0x00001480       0x94 ./drivers/fsl_clock.o
                0x00001480                CLOCK_InitOsc0
 .text.CLOCK_SetPbeMode
                0x00001514       0xb0 ./drivers/fsl_clock.o
                0x00001514                CLOCK_SetPbeMode
 .text.CLOCK_BootToPeeMode
                0x000015c4       0x70 ./drivers/fsl_clock.o
                0x000015c4                CLOCK_BootToPeeMode
 .text.GPIO_PinInit
                0x00001634       0x64 ./drivers/fsl_gpio.o
                0x00001634                GPIO_PinInit
 .text.CLOCK_EnableClock
                0x00001698       0x34 ./drivers/fsl_lpsci.o
 .text.LPSCI_GetInstance
                0x000016cc       0x48 ./drivers/fsl_lpsci.o
                0x000016cc                LPSCI_GetInstance
 .text.LPSCI_Init
                0x00001714      0x270 ./drivers/fsl_lpsci.o
                0x00001714                LPSCI_Init
 .text.LPSCI_GetDefaultConfig
                0x00001984       0x48 ./drivers/fsl_lpsci.o
                0x00001984                LPSCI_GetDefaultConfig
 .text.LPSCI_ClearStatusFlags
                0x000019cc       0x94 ./drivers/fsl_lpsci.o
                0x000019cc                LPSCI_ClearStatusFlags
 .text.LPSCI_WriteBlocking
                0x00001a60       0x4c ./drivers/fsl_lpsci.o
                0x00001a60                LPSCI_WriteBlocking
 .text.LPSCI_ReadBlocking
                0x00001aac       0xc0 ./drivers/fsl_lpsci.o
                0x00001aac                LPSCI_ReadBlocking
 .text.UART0_DriverIRQHandler
                0x00001b6c       0x24 ./drivers/fsl_lpsci.o
                0x00001b6c                UART0_DriverIRQHandler
 .text.CLOCK_EnableClock
                0x00001b90       0x34 ./drivers/fsl_uart.o
 .text.UART_GetInstance
                0x00001bc4       0x54 ./drivers/fsl_uart.o
                0x00001bc4                UART_GetInstance
 .text.UART_Init
                0x00001c18      0x1f8 ./drivers/fsl_uart.o
                0x00001c18                UART_Init
 .text.UART_GetDefaultConfig
                0x00001e10       0x48 ./drivers/fsl_uart.o
                0x00001e10                UART_GetDefaultConfig
 .text.UART_ReadBlocking
                0x00001e58       0x98 ./drivers/fsl_uart.o
                0x00001e58                UART_ReadBlocking
 .text.UART1_DriverIRQHandler
                0x00001ef0       0x24 ./drivers/fsl_uart.o
                0x00001ef0                UART1_DriverIRQHandler
 .text.UART2_DriverIRQHandler
                0x00001f14       0x24 ./drivers/fsl_uart.o
                0x00001f14                UART2_DriverIRQHandler
 .text.CLOCK_SetLpsci0Clock
                0x00001f38       0x38 ./board/src/board.o
 .text.BOARD_InitDebugConsole
                0x00001f70       0x30 ./board/src/board.o
                0x00001f70                BOARD_InitDebugConsole
 .text.CLOCK_SetSimSafeDivs
                0x00001fa0       0x20 ./board/src/clock_config.o
 .text.CLOCK_SetXtal0Freq
                0x00001fc0       0x1c ./board/src/clock_config.o
 .text.CLOCK_CONFIG_SetFllExtRefDiv
                0x00001fdc       0x3c ./board/src/clock_config.o
 .text.BOARD_BootClockRUN
                0x00002018       0x64 ./board/src/clock_config.o
                0x00002018                BOARD_BootClockRUN
 .text.CLOCK_EnableClock
                0x0000207c       0x34 ./board/pin_mux.o
 .text.PORT_SetPinMux
                0x000020b0       0x40 ./board/pin_mux.o
 .text.BOARD_InitPins
                0x000020f0      0x5b4 ./board/pin_mux.o
                0x000020f0                BOARD_InitPins
 .text.pvPortMalloc
                0x000026a4      0x14c ./amazon-freertos/FreeRTOS/portable/heap_4.o
                0x000026a4                pvPortMalloc
 .text.vPortFree
                0x000027f0       0x90 ./amazon-freertos/FreeRTOS/portable/heap_4.o
                0x000027f0                vPortFree
 .text.prvHeapInit
                0x00002880       0xc0 ./amazon-freertos/FreeRTOS/portable/heap_4.o
 .text.prvInsertBlockIntoFreeList
                0x00002940       0xb0 ./amazon-freertos/FreeRTOS/portable/heap_4.o
 .text.pxPortInitialiseStack
                0x000029f0       0x54 ./amazon-freertos/FreeRTOS/portable/port.o
                0x000029f0                pxPortInitialiseStack
 .text.prvTaskExitError
                0x00002a44       0x30 ./amazon-freertos/FreeRTOS/portable/port.o
 .text.xPortStartScheduler
                0x00002a74       0x48 ./amazon-freertos/FreeRTOS/portable/port.o
                0x00002a74                xPortStartScheduler
 .text.vPortYield
                0x00002abc       0x20 ./amazon-freertos/FreeRTOS/portable/port.o
                0x00002abc                vPortYield
 .text.vPortEnterCritical
                0x00002adc       0x24 ./amazon-freertos/FreeRTOS/portable/port.o
                0x00002adc                vPortEnterCritical
 .text.vPortExitCritical
                0x00002b00       0x30 ./amazon-freertos/FreeRTOS/portable/port.o
                0x00002b00                vPortExitCritical
 .text.SysTick_Handler
                0x00002b30       0x34 ./amazon-freertos/FreeRTOS/portable/port.o
                0x00002b30                SysTick_Handler
 .text.vQueueAddToRegistry
                0x00002b64       0x50 ./amazon-freertos/FreeRTOS/queue.o
                0x00002b64                vQueueAddToRegistry
 .text.prvInitialiseNewTask
                0x00002bb4      0x12c ./amazon-freertos/FreeRTOS/tasks.o
 .text.prvAddNewTaskToReadyList
                0x00002ce0       0xd0 ./amazon-freertos/FreeRTOS/tasks.o
 .text.vTaskSuspend
                0x00002db0       0xcc ./amazon-freertos/FreeRTOS/tasks.o
                0x00002db0                vTaskSuspend
 .text.vTaskStartScheduler
                0x00002e7c       0x78 ./amazon-freertos/FreeRTOS/tasks.o
                0x00002e7c                vTaskStartScheduler
 .text.vTaskSuspendAll
                0x00002ef4       0x18 ./amazon-freertos/FreeRTOS/tasks.o
                0x00002ef4                vTaskSuspendAll
 .text.xTaskResumeAll
                0x00002f0c      0x118 ./amazon-freertos/FreeRTOS/tasks.o
                0x00002f0c                xTaskResumeAll
 .text.xTaskGetTickCount
                0x00003024       0x1c ./amazon-freertos/FreeRTOS/tasks.o
                0x00003024                xTaskGetTickCount
 .text.xTaskIncrementTick
                0x00003040      0x14c ./amazon-freertos/FreeRTOS/tasks.o
                0x00003040                xTaskIncrementTick
 .text.vTaskSwitchContext
                0x0000318c       0xa4 ./amazon-freertos/FreeRTOS/tasks.o
                0x0000318c                vTaskSwitchContext
 .text.vTaskPlaceOnEventList
                0x00003230       0x3c ./amazon-freertos/FreeRTOS/tasks.o
                0x00003230                vTaskPlaceOnEventList
 .text.vTaskPlaceOnEventListRestricted
                0x0000326c       0x4c ./amazon-freertos/FreeRTOS/tasks.o
                0x0000326c                vTaskPlaceOnEventListRestricted
 .text.xTaskRemoveFromEventList
                0x000032b8       0xb8 ./amazon-freertos/FreeRTOS/tasks.o
                0x000032b8                xTaskRemoveFromEventList
 .text.vTaskInternalSetTimeOutState
                0x00003370       0x28 ./amazon-freertos/FreeRTOS/tasks.o
                0x00003370                vTaskInternalSetTimeOutState
 .text.xTaskCheckForTimeOut
                0x00003398       0xa0 ./amazon-freertos/FreeRTOS/tasks.o
                0x00003398                xTaskCheckForTimeOut
 .text.vTaskMissedYield
                0x00003438       0x14 ./amazon-freertos/FreeRTOS/tasks.o
                0x00003438                vTaskMissedYield
 .text.prvIdleTask
                0x0000344c       0x20 ./amazon-freertos/FreeRTOS/tasks.o
 .text.prvInitialiseTaskLists
                0x0000346c       0x88 ./amazon-freertos/FreeRTOS/tasks.o
 .text.prvCheckTasksWaitingTermination
                0x000034f4       0x5c ./amazon-freertos/FreeRTOS/tasks.o
 .text.prvResetNextTaskUnblockTime
                0x00003550       0x48 ./amazon-freertos/FreeRTOS/tasks.o
 .text.xTaskGetSchedulerState
                0x00003598       0x38 ./amazon-freertos/FreeRTOS/tasks.o
                0x00003598                xTaskGetSchedulerState
 .text.xTaskPriorityInherit
                0x000035d0       0xdc ./amazon-freertos/FreeRTOS/tasks.o
                0x000035d0                xTaskPriorityInherit
 .text.xTaskPriorityDisinherit
                0x000036ac       0xb8 ./amazon-freertos/FreeRTOS/tasks.o
                0x000036ac                xTaskPriorityDisinherit
 .text.vTaskPriorityDisinheritAfterTimeout
                0x00003764       0xe8 ./amazon-freertos/FreeRTOS/tasks.o
                0x00003764                vTaskPriorityDisinheritAfterTimeout
 .text.pvTaskIncrementMutexHeldCount
                0x0000384c       0x24 ./amazon-freertos/FreeRTOS/tasks.o
                0x0000384c                pvTaskIncrementMutexHeldCount
 .text.xTaskGenericNotify
                0x00003870      0x118 ./amazon-freertos/FreeRTOS/tasks.o
                0x00003870                xTaskGenericNotify
 .text.xTaskGenericNotifyFromISR
                0x00003988      0x154 ./amazon-freertos/FreeRTOS/tasks.o
                0x00003988                xTaskGenericNotifyFromISR
 .text.prvAddCurrentTaskToDelayedList
                0x00003adc       0xa8 ./amazon-freertos/FreeRTOS/tasks.o
 .text.xTimerCreateTimerTask
                0x00003b84       0x54 ./amazon-freertos/FreeRTOS/timers.o
                0x00003b84                xTimerCreateTimerTask
 .text.xTimerGenericCommand
                0x00003bd8       0x94 ./amazon-freertos/FreeRTOS/timers.o
                0x00003bd8                xTimerGenericCommand
 .text.prvProcessExpiredTimer
                0x00003c6c       0x70 ./amazon-freertos/FreeRTOS/timers.o
 .text.prvProcessTimerOrBlockTask
                0x00003cdc       0x8c ./amazon-freertos/FreeRTOS/timers.o
 .text.prvGetNextExpireTime
                0x00003d68       0x40 ./amazon-freertos/FreeRTOS/timers.o
 .text.prvSampleTimeNow
                0x00003da8       0x40 ./amazon-freertos/FreeRTOS/timers.o
 .text.prvInsertTimerInActiveList
                0x00003de8       0x84 ./amazon-freertos/FreeRTOS/timers.o
 .text.prvProcessReceivedCommands
                0x00003e6c      0x128 ./amazon-freertos/FreeRTOS/timers.o
 .text.prvSwitchTimerLists
                0x00003f94       0xb4 ./amazon-freertos/FreeRTOS/timers.o
 .text.prvCheckForValidListAndQueue
                0x00004048       0x74 ./amazon-freertos/FreeRTOS/timers.o
 .text.SystemInit
                0x000040bc       0x1c ./CMSIS/system_MKL46Z4.o
                0x000040bc                SystemInit
 .text.__assertion_failed
                0x000040d8       0x4c c:/nxp/mcuxpressoide_11.4.0_6224/ide/plugins/com.nxp.mcuxpresso.tools.win32_11.4.0.202103011116/tools/bin/../lib/gcc/arm-none-eabi/10.2.1/../../../../arm-none-eabi/lib/thumb/v6-m/nofp\libcr_nohost_nf.a(_cr_assert.o)
                0x000040d8                __assertion_failed
 .text._deferredlazyseek
                0x00004124       0x40 c:/nxp/mcuxpressoide_11.4.0_6224/ide/plugins/com.nxp.mcuxpresso.tools.win32_11.4.0.202103011116/tools/bin/../lib/gcc/arm-none-eabi/10.2.1/../../../../arm-none-eabi/lib/thumb/v6-m/nofp\libcr_c.a(_deferredlazyseek.o)
                0x00004124                _deferredlazyseek
 .text.__flsbuf
                0x00004164      0x150 c:/nxp/mcuxpressoide_11.4.0_6224/ide/plugins/com.nxp.mcuxpresso.tools.win32_11.4.0.202103011116/tools/bin/../lib/gcc/arm-none-eabi/10.2.1/../../../../arm-none-eabi/lib/thumb/v6-m/nofp\libcr_c.a(_deferredlazyseek.o)
                0x00004164                __flsbuf
 .text._fflush  0x000042b4       0x60 c:/nxp/mcuxpressoide_11.4.0_6224/ide/plugins/com.nxp.mcuxpresso.tools.win32_11.4.0.202103011116/tools/bin/../lib/gcc/arm-none-eabi/10.2.1/../../../../arm-none-eabi/lib/thumb/v6-m/nofp\libcr_c.a(_fflush.o)
                0x000042b4                _fflush
 .text._Cwritebuf
                0x00004314       0x68 c:/nxp/mcuxpressoide_11.4.0_6224/ide/plugins/com.nxp.mcuxpresso.tools.win32_11.4.0.202103011116/tools/bin/../lib/gcc/arm-none-eabi/10.2.1/../../../../arm-none-eabi/lib/thumb/v6-m/nofp\libcr_c.a(_writebuf.o)
                0x00004314                _Cwritebuf
 .text.malloc   0x0000437c       0xd0 c:/nxp/mcuxpressoide_11.4.0_6224/ide/plugins/com.nxp.mcuxpresso.tools.win32_11.4.0.202103011116/tools/bin/../lib/gcc/arm-none-eabi/10.2.1/../../../../arm-none-eabi/lib/thumb/v6-m/nofp\libcr_c.a(alloc.o)
                0x0000437c                malloc
 .text._Csys_alloc
                0x0000444c       0x20 c:/nxp/mcuxpressoide_11.4.0_6224/ide/plugins/com.nxp.mcuxpresso.tools.win32_11.4.0.202103011116/tools/bin/../lib/gcc/arm-none-eabi/10.2.1/../../../../arm-none-eabi/lib/thumb/v6-m/nofp\libcr_c.a(alloc.o)
                0x0000444c                _Csys_alloc
 .text.fseek    0x0000446c       0xf0 c:/nxp/mcuxpressoide_11.4.0_6224/ide/plugins/com.nxp.mcuxpresso.tools.win32_11.4.0.202103011116/tools/bin/../lib/gcc/arm-none-eabi/10.2.1/../../../../arm-none-eabi/lib/thumb/v6-m/nofp\libcr_c.a(fseek.o)
                0x0000446c                fseek
 .text.ftell    0x0000455c       0x48 c:/nxp/mcuxpressoide_11.4.0_6224/ide/plugins/com.nxp.mcuxpresso.tools.win32_11.4.0.202103011116/tools/bin/../lib/gcc/arm-none-eabi/10.2.1/../../../../arm-none-eabi/lib/thumb/v6-m/nofp\libcr_c.a(ftell.o)
                0x0000455c                ftell
 .text._initio  0x000045a4       0x7c c:/nxp/mcuxpressoide_11.4.0_6224/ide/plugins/com.nxp.mcuxpresso.tools.win32_11.4.0.202103011116/tools/bin/../lib/gcc/arm-none-eabi/10.2.1/../../../../arm-none-eabi/lib/thumb/v6-m/nofp\libcr_c.a(initio.o)
                0x000045a4                _initio
 .text.setvbuf  0x00004620       0x4c c:/nxp/mcuxpressoide_11.4.0_6224/ide/plugins/com.nxp.mcuxpresso.tools.win32_11.4.0.202103011116/tools/bin/../lib/gcc/arm-none-eabi/10.2.1/../../../../arm-none-eabi/lib/thumb/v6-m/nofp\libcr_c.a(setvbuf.o)
                0x00004620                setvbuf
 .text.strlen   0x0000466c       0x58 c:/nxp/mcuxpressoide_11.4.0_6224/ide/plugins/com.nxp.mcuxpresso.tools.win32_11.4.0.202103011116/tools/bin/../lib/gcc/arm-none-eabi/10.2.1/../../../../arm-none-eabi/lib/thumb/v6-m/nofp\libcr_c.a(strlen.o)
                0x0000466c                strlen
 .text._sbrk    0x000046c4       0x44 c:/nxp/mcuxpressoide_11.4.0_6224/ide/plugins/com.nxp.mcuxpresso.tools.win32_11.4.0.202103011116/tools/bin/../lib/gcc/arm-none-eabi/10.2.1/../../../../arm-none-eabi/lib/thumb/v6-m/nofp\libcr_c.a(_cr_sbrk.o)
                0x000046c4                _sbrk
 .text._fdopen  0x00004708       0x74 c:/nxp/mcuxpressoide_11.4.0_6224/ide/plugins/com.nxp.mcuxpresso.tools.win32_11.4.0.202103011116/tools/bin/../lib/gcc/arm-none-eabi/10.2.1/../../../../arm-none-eabi/lib/thumb/v6-m/nofp\libcr_c.a(_fdopen.o)
                0x00004708                _fdopen
 .text.fclose   0x0000477c       0x5c c:/nxp/mcuxpressoide_11.4.0_6224/ide/plugins/com.nxp.mcuxpresso.tools.win32_11.4.0.202103011116/tools/bin/../lib/gcc/arm-none-eabi/10.2.1/../../../../arm-none-eabi/lib/thumb/v6-m/nofp\libcr_c.a(fclose.o)
                0x0000477c                fclose
 .text.fflush   0x000047d8       0x44 c:/nxp/mcuxpressoide_11.4.0_6224/ide/plugins/com.nxp.mcuxpresso.tools.win32_11.4.0.202103011116/tools/bin/../lib/gcc/arm-none-eabi/10.2.1/../../../../arm-none-eabi/lib/thumb/v6-m/nofp\libcr_c.a(fflush.o)
                0x000047d8                fflush
 .text.__check_heap_overflow
                0x0000481c       0x18 c:/nxp/mcuxpressoide_11.4.0_6224/ide/plugins/com.nxp.mcuxpresso.tools.win32_11.4.0.202103011116/tools/bin/../lib/gcc/arm-none-eabi/10.2.1/../../../../arm-none-eabi/lib/thumb/v6-m/nofp\libcr_c.a(_cr_check_heap.o)
                0x0000481c                __check_heap_overflow
 .text._do_fflush
                0x00004834       0x48 c:/nxp/mcuxpressoide_11.4.0_6224/ide/plugins/com.nxp.mcuxpresso.tools.win32_11.4.0.202103011116/tools/bin/../lib/gcc/arm-none-eabi/10.2.1/../../../../arm-none-eabi/lib/thumb/v6-m/nofp\libcr_c.a(_do_fflush.o)
                0x00004834                _do_fflush
 .text.DbgConsole_RelocateLog
                0x0000487c       0x6c ./utilities/fsl_debug_console.o
 .text.UART_EnableTx
                0x000048e8       0x40 ./utilities/fsl_io.o
 .text.UART_EnableRx
                0x00004928       0x40 ./utilities/fsl_io.o
 .text.LPSCI_EnableTx
                0x00004968       0x40 ./utilities/fsl_io.o
 .text.LPSCI_EnableRx
                0x000049a8       0x40 ./utilities/fsl_io.o
 .text.LOG_Init
                0x000049e8       0x3a ./utilities/fsl_log.o
                0x000049e8                LOG_Init
 .text.LOG_Pop  0x00004a22       0x4a ./utilities/fsl_log.o
                0x00004a22                LOG_Pop
 .text.ConvertRadixNumToString
                0x00004a6c      0x114 ./utilities/fsl_str.o
 .text.StrFormatPrintf
                0x00004b80      0x324 ./utilities/fsl_str.o
                0x00004b80                StrFormatPrintf
 .text.Es_momento
                0x00004ea4       0x8c ./source/CtlSalidas.o
 .text.OSC_SetExtRefClkConfig
                0x00004f30       0x3e ./drivers/fsl_clock.o
 .text.OSC_SetCapLoad
                0x00004f6e       0x42 ./drivers/fsl_clock.o
 .text.CLOCK_GetPll0RefFreq
                0x00004fb0       0x10 ./drivers/fsl_clock.o
 .text.CLOCK_SetExternalRefClkConfig
                0x00004fc0       0x16 ./drivers/fsl_clock.o
                0x00004fc0                CLOCK_SetExternalRefClkConfig
 .text.GPIO_PinWrite
                0x00004fd6       0x34 ./drivers/fsl_gpio.o
 .text.GPIO_WritePinOutput
                0x0000500a       0x24 ./drivers/fsl_gpio.o
 .text.LPSCI_GetStatusFlags
                0x0000502e       0x26 ./drivers/fsl_lpsci.o
                0x0000502e                LPSCI_GetStatusFlags
 .text.UART_GetStatusFlags
                0x00005054       0x26 ./drivers/fsl_uart.o
                0x00005054                UART_GetStatusFlags
 .text.UART_WriteBlocking
                0x0000507a       0x3c ./drivers/fsl_uart.o
                0x0000507a                UART_WriteBlocking
 .text.SVC_Handler
                0x000050b6        0xa ./amazon-freertos/FreeRTOS/portable/port.o
                0x000050b6                SVC_Handler
 .text.ulSetInterruptMaskFromISR
                0x000050c0        0xc ./amazon-freertos/FreeRTOS/portable/port.o
                0x000050c0                ulSetInterruptMaskFromISR
 .text.vClearInterruptMaskFromISR
                0x000050cc        0x8 ./amazon-freertos/FreeRTOS/portable/port.o
                0x000050cc                vClearInterruptMaskFromISR
 .text.vListInitialise
                0x000050d4       0x3c ./amazon-freertos/FreeRTOS/list.o
                0x000050d4                vListInitialise
 .text.vListInitialiseItem
                0x00005110       0x16 ./amazon-freertos/FreeRTOS/list.o
                0x00005110                vListInitialiseItem
 .text.vListInsertEnd
                0x00005126       0x44 ./amazon-freertos/FreeRTOS/list.o
                0x00005126                vListInsertEnd
 .text.vListInsert
                0x0000516a       0x6c ./amazon-freertos/FreeRTOS/list.o
                0x0000516a                vListInsert
 .text.uxListRemove
                0x000051d6       0x50 ./amazon-freertos/FreeRTOS/list.o
                0x000051d6                uxListRemove
 .text.xQueueGenericReset
                0x00005226       0xa8 ./amazon-freertos/FreeRTOS/queue.o
                0x00005226                xQueueGenericReset
 .text.xQueueGenericCreate
                0x000052ce       0x64 ./amazon-freertos/FreeRTOS/queue.o
                0x000052ce                xQueueGenericCreate
 .text.prvInitialiseNewQueue
                0x00005332       0x4e ./amazon-freertos/FreeRTOS/queue.o
 .text.prvInitialiseMutex
                0x00005380       0x34 ./amazon-freertos/FreeRTOS/queue.o
 .text.xQueueCreateMutex
                0x000053b4       0x38 ./amazon-freertos/FreeRTOS/queue.o
                0x000053b4                xQueueCreateMutex
 .text.xQueueGenericSend
                0x000053ec      0x188 ./amazon-freertos/FreeRTOS/queue.o
                0x000053ec                xQueueGenericSend
 .text.xQueueGenericSendFromISR
                0x00005574       0xe2 ./amazon-freertos/FreeRTOS/queue.o
                0x00005574                xQueueGenericSendFromISR
 .text.xQueueReceive
                0x00005656      0x16a ./amazon-freertos/FreeRTOS/queue.o
                0x00005656                xQueueReceive
 .text.xQueueSemaphoreTake
                0x000057c0      0x1b8 ./amazon-freertos/FreeRTOS/queue.o
                0x000057c0                xQueueSemaphoreTake
 .text.prvGetDisinheritPriorityAfterTimeout
                0x00005978       0x2c ./amazon-freertos/FreeRTOS/queue.o
 .text.prvCopyDataToQueue
                0x000059a4       0xd6 ./amazon-freertos/FreeRTOS/queue.o
 .text.prvCopyDataFromQueue
                0x00005a7a       0x4c ./amazon-freertos/FreeRTOS/queue.o
 .text.prvUnlockQueue
                0x00005ac6       0xbc ./amazon-freertos/FreeRTOS/queue.o
 .text.prvIsQueueEmpty
                0x00005b82       0x2c ./amazon-freertos/FreeRTOS/queue.o
 .text.prvIsQueueFull
                0x00005bae       0x30 ./amazon-freertos/FreeRTOS/queue.o
 .text.vQueueWaitForMessageRestricted
                0x00005bde       0x66 ./amazon-freertos/FreeRTOS/queue.o
                0x00005bde                vQueueWaitForMessageRestricted
 .text.xTaskCreate
                0x00005c44       0x90 ./amazon-freertos/FreeRTOS/tasks.o
                0x00005c44                xTaskCreate
 .text.prvDeleteTCB
                0x00005cd4       0x22 ./amazon-freertos/FreeRTOS/tasks.o
 .text.prvTimerTask
                0x00005cf6       0x28 ./amazon-freertos/FreeRTOS/timers.o
 .text.SystemInitHook
                0x00005d1e        0xa ./CMSIS/system_MKL46Z4.o
                0x00005d1e                SystemInitHook
 .text.__main   0x00005d28        0xc c:/nxp/mcuxpressoide_11.4.0_6224/ide/plugins/com.nxp.mcuxpresso.tools.win32_11.4.0.202103011116/tools/bin/../lib/gcc/arm-none-eabi/10.2.1/../../../../arm-none-eabi/lib/thumb/v6-m/nofp\libcr_nohost_nf.a(_cr__main.o)
                0x00005d28                __main
 .text.__sys_appexit
                0x00005d34        0x2 c:/nxp/mcuxpressoide_11.4.0_6224/ide/plugins/com.nxp.mcuxpresso.tools.win32_11.4.0.202103011116/tools/bin/../lib/gcc/arm-none-eabi/10.2.1/../../../../arm-none-eabi/lib/thumb/v6-m/nofp\libcr_nohost_nf.a(__sys_appexit.o)
                0x00005d34                __sys_appexit
                0x00005d34                __exit
 .text.memcpy   0x00005d36        0x8 c:/nxp/mcuxpressoide_11.4.0_6224/ide/plugins/com.nxp.mcuxpresso.tools.win32_11.4.0.202103011116/tools/bin/../lib/gcc/arm-none-eabi/10.2.1/../../../../arm-none-eabi/lib/thumb/v6-m/nofp\libcr_c.a(memcpy.o)
                0x00005d36                memcpy
 .text.memset   0x00005d3e        0x8 c:/nxp/mcuxpressoide_11.4.0_6224/ide/plugins/com.nxp.mcuxpresso.tools.win32_11.4.0.202103011116/tools/bin/../lib/gcc/arm-none-eabi/10.2.1/../../../../arm-none-eabi/lib/thumb/v6-m/nofp\libcr_c.a(memset.o)
                0x00005d3e                memset
 .text.free     0x00005d46       0x2c c:/nxp/mcuxpressoide_11.4.0_6224/ide/plugins/com.nxp.mcuxpresso.tools.win32_11.4.0.202103011116/tools/bin/../lib/gcc/arm-none-eabi/10.2.1/../../../../arm-none-eabi/lib/thumb/v6-m/nofp\libcr_c.a(alloc.o)
                0x00005d46                free
 .text.fputs    0x00005d72       0x2e c:/nxp/mcuxpressoide_11.4.0_6224/ide/plugins/com.nxp.mcuxpresso.tools.win32_11.4.0.202103011116/tools/bin/../lib/gcc/arm-none-eabi/10.2.1/../../../../arm-none-eabi/lib/thumb/v6-m/nofp\libcr_c.a(fputs.o)
                0x00005d72                fputs
 .text.remove   0x00005da0       0x12 c:/nxp/mcuxpressoide_11.4.0_6224/ide/plugins/com.nxp.mcuxpresso.tools.win32_11.4.0.202103011116/tools/bin/../lib/gcc/arm-none-eabi/10.2.1/../../../../arm-none-eabi/lib/thumb/v6-m/nofp\libcr_c.a(remove.o)
                0x00005da0                remove
 .text.__aeabi_division_idivmod
                0x00005db2       0x78 c:/nxp/mcuxpressoide_11.4.0_6224/ide/plugins/com.nxp.mcuxpresso.tools.win32_11.4.0.202103011116/tools/bin/../lib/gcc/arm-none-eabi/10.2.1/thumb/v6-m/nofp\libcr_eabihelpers.a(division_32.o)
                0x00005db2                __aeabi_idivmod
                0x00005db2                __aeabi_idiv
                0x00005db8                __aeabi_uidivmod
                0x00005db8                __aeabi_uidiv
 .text.__aeabi_division_idiv0
                0x00005e2a        0x2 c:/nxp/mcuxpressoide_11.4.0_6224/ide/plugins/com.nxp.mcuxpresso.tools.win32_11.4.0.202103011116/tools/bin/../lib/gcc/arm-none-eabi/10.2.1/thumb/v6-m/nofp\libcr_eabihelpers.a(division_idiv0.o)
                0x00005e2a                __aeabi_idiv0
 .text.__aeabi_memcpy
                0x00005e2c       0x2c c:/nxp/mcuxpressoide_11.4.0_6224/ide/plugins/com.nxp.mcuxpresso.tools.win32_11.4.0.202103011116/tools/bin/../lib/gcc/arm-none-eabi/10.2.1/thumb/v6-m/nofp\libcr_eabihelpers.a(memcpy.o)
                0x00005e2c                __aeabi_memcpy4
                0x00005e2c                __aeabi_memcpy8
                0x00005e2c                __aeabi_memcpy
 .text.__aeabi_memset_lowlevel
                0x00005e58       0x2a c:/nxp/mcuxpressoide_11.4.0_6224/ide/plugins/com.nxp.mcuxpresso.tools.win32_11.4.0.202103011116/tools/bin/../lib/gcc/arm-none-eabi/10.2.1/thumb/v6-m/nofp\libcr_eabihelpers.a(memcpy.o)
                0x00005e58                __aeabi_lowlevel_memset
 .text.__sys_close
                0x00005e82        0x6 c:/nxp/mcuxpressoide_11.4.0_6224/ide/plugins/com.nxp.mcuxpresso.tools.win32_11.4.0.202103011116/tools/bin/../lib/gcc/arm-none-eabi/10.2.1/../../../../arm-none-eabi/lib/thumb/v6-m/nofp\libcr_nohost_nf.a(__sys_close.o)
                0x00005e82                __sys_close
 .text.__sys_flen
                0x00005e88        0x6 c:/nxp/mcuxpressoide_11.4.0_6224/ide/plugins/com.nxp.mcuxpresso.tools.win32_11.4.0.202103011116/tools/bin/../lib/gcc/arm-none-eabi/10.2.1/../../../../arm-none-eabi/lib/thumb/v6-m/nofp\libcr_nohost_nf.a(__sys_flen.o)
                0x00005e88                __sys_flen
 .text.__sys_istty
                0x00005e8e        0x6 c:/nxp/mcuxpressoide_11.4.0_6224/ide/plugins/com.nxp.mcuxpresso.tools.win32_11.4.0.202103011116/tools/bin/../lib/gcc/arm-none-eabi/10.2.1/../../../../arm-none-eabi/lib/thumb/v6-m/nofp\libcr_nohost_nf.a(__sys_istty.o)
                0x00005e8e                __sys_istty
 .text.__sys_remove
                0x00005e94        0x6 c:/nxp/mcuxpressoide_11.4.0_6224/ide/plugins/com.nxp.mcuxpresso.tools.win32_11.4.0.202103011116/tools/bin/../lib/gcc/arm-none-eabi/10.2.1/../../../../arm-none-eabi/lib/thumb/v6-m/nofp\libcr_nohost_nf.a(__sys_remove.o)
                0x00005e94                __sys_remove
 .text.__sys_seek
                0x00005e9a        0x6 c:/nxp/mcuxpressoide_11.4.0_6224/ide/plugins/com.nxp.mcuxpresso.tools.win32_11.4.0.202103011116/tools/bin/../lib/gcc/arm-none-eabi/10.2.1/../../../../arm-none-eabi/lib/thumb/v6-m/nofp\libcr_nohost_nf.a(__sys_seek.o)
                0x00005e9a                __sys_seek
 .text.__sys_tmpnam
                0x00005ea0        0x6 c:/nxp/mcuxpressoide_11.4.0_6224/ide/plugins/com.nxp.mcuxpresso.tools.win32_11.4.0.202103011116/tools/bin/../lib/gcc/arm-none-eabi/10.2.1/../../../../arm-none-eabi/lib/thumb/v6-m/nofp\libcr_nohost_nf.a(__sys_tmpnam.o)
                0x00005ea0                __sys_tmpnam
 .text.__sys_write
                0x00005ea6        0x4 c:/nxp/mcuxpressoide_11.4.0_6224/ide/plugins/com.nxp.mcuxpresso.tools.win32_11.4.0.202103011116/tools/bin/../lib/gcc/arm-none-eabi/10.2.1/../../../../arm-none-eabi/lib/thumb/v6-m/nofp\libcr_nohost_nf.a(__sys_write.o)
                0x00005ea6                __sys_write
 *freertos*/tasks.o(SORT_BY_ALIGNMENT(.rodata*))
 *fill*         0x00005eaa        0x2 ff
 .rodata.vTaskStartScheduler.str1.4
                0x00005eac        0x5 ./amazon-freertos/FreeRTOS/tasks.o
 *fill*         0x00005eb1        0x3 ff
 .rodata.xTaskGenericNotify
                0x00005eb4       0x14 ./amazon-freertos/FreeRTOS/tasks.o
 .rodata.xTaskGenericNotifyFromISR
                0x00005ec8       0x14 ./amazon-freertos/FreeRTOS/tasks.o
 .rodata        0x00005edc       0x10 ./amazon-freertos/FreeRTOS/tasks.o
                0x00005edc                FreeRTOSDebugConfig
 *(SORT_BY_ALIGNMENT(.rodata) SORT_BY_ALIGNMENT(.rodata.*) SORT_BY_ALIGNMENT(.constdata) SORT_BY_ALIGNMENT(.constdata.*))
 .rodata.DbgConsole_Init.str1.4
                0x00005eec       0x44 ./utilities/fsl_debug_console.o
 .rodata.IO_Init.str1.4
                0x00005f30       0x1b ./utilities/fsl_io.o
 *fill*         0x00005f4b        0x1 ff
 .rodata.LOG_Push.str1.4
                0x00005f4c       0x1d ./utilities/fsl_log.o
 *fill*         0x00005f69        0x3 ff
 .rodata.CSal_Inicie.str1.4
                0x00005f6c        0xa ./source/CtlSalidas.o
 *fill*         0x00005f76        0x2 ff
 .rodata.CSal_Procese.str1.4
                0x00005f78        0x8 ./source/CtlSalidas.o
 .rodata.main.str1.4
                0x00005f80       0x5a ./source/freertos_hello.o
 *fill*         0x00005fda        0x2 ff
 .rodata.hello_task.str1.4
                0x00005fdc        0xf ./source/freertos_hello.o
 *fill*         0x00005feb        0x1 ff
 .rodata.CLOCK_GetMcgExtClkFreq.str1.4
                0x00005fec       0x1f ./drivers/fsl_clock.o
 *fill*         0x0000600b        0x1 ff
 .rodata.CLOCK_GetPll0Freq.str1.4
                0x0000600c       0x1e ./drivers/fsl_clock.o
 *fill*         0x0000602a        0x2 ff
 .rodata.CLOCK_EnablePll0.str1.4
                0x0000602c       0x1a ./drivers/fsl_clock.o
 *fill*         0x00006046        0x2 ff
 .rodata.CLOCK_SetPbeMode.str1.4
                0x00006048       0x1b ./drivers/fsl_clock.o
 *fill*         0x00006063        0x1 ff
 .rodata.CLOCK_BootToPeeMode.str1.4
                0x00006064       0x1b ./drivers/fsl_clock.o
 *fill*         0x0000607f        0x1 ff
 .rodata.fllFactorTable.1
                0x00006080       0x10 ./drivers/fsl_clock.o
 .rodata.GPIO_PinInit.str1.4
                0x00006090       0x19 ./drivers/fsl_gpio.o
 *fill*         0x000060a9        0x3 ff
 .rodata.LPSCI_GetInstance.str1.4
                0x000060ac       0x37 ./drivers/fsl_lpsci.o
 *fill*         0x000060e3        0x1 ff
 .rodata.LPSCI_Init.str1.4
                0x000060e4       0x44 ./drivers/fsl_lpsci.o
 .rodata.LPSCI_GetDefaultConfig.str1.4
                0x00006128       0x1a ./drivers/fsl_lpsci.o
 *fill*         0x00006142        0x2 ff
 .rodata.LPSCI_WriteBlocking.str1.4
                0x00006144       0x18 ./drivers/fsl_lpsci.o
 .rodata.LPSCI_ReadBlocking.str1.4
                0x0000615c       0x18 ./drivers/fsl_lpsci.o
 .rodata.s_uartBases
                0x00006174        0xc ./drivers/fsl_uart.o
 .rodata.s_uartClock
                0x00006180        0xc ./drivers/fsl_uart.o
 .rodata.UART_GetInstance.str1.4
                0x0000618c       0x2c ./drivers/fsl_uart.o
 .rodata.UART_Init.str1.4
                0x000061b8       0x43 ./drivers/fsl_uart.o
 *fill*         0x000061fb        0x1 ff
 .rodata.UART_GetDefaultConfig.str1.4
                0x000061fc       0x19 ./drivers/fsl_uart.o
 *fill*         0x00006215        0x3 ff
 .rodata.UART_ReadBlocking.str1.4
                0x00006218       0x17 ./drivers/fsl_uart.o
 *fill*         0x0000622f        0x1 ff
 .rodata.mcgConfig_BOARD_BootClockRUN
                0x00006230        0xa ./board/src/clock_config.o
                0x00006230                mcgConfig_BOARD_BootClockRUN
 *fill*         0x0000623a        0x2 ff
 .rodata.simConfig_BOARD_BootClockRUN
                0x0000623c        0x8 ./board/src/clock_config.o
                0x0000623c                simConfig_BOARD_BootClockRUN
 .rodata.oscConfig_BOARD_BootClockRUN
                0x00006244        0x8 ./board/src/clock_config.o
                0x00006244                oscConfig_BOARD_BootClockRUN
 .rodata.xTimerCreateTimerTask.str1.4
                0x0000624c        0x8 ./amazon-freertos/FreeRTOS/timers.o
 .rodata.prvProcessReceivedCommands
                0x00006254       0x28 ./amazon-freertos/FreeRTOS/timers.o
 .rodata.prvCheckForValidListAndQueue.str1.4
                0x0000627c        0x5 ./amazon-freertos/FreeRTOS/timers.o
 *fill*         0x00006281        0x3 ff
 .rodata.__num_Ciob_streams
                0x00006284        0x4 c:/nxp/mcuxpressoide_11.4.0_6224/ide/plugins/com.nxp.mcuxpresso.tools.win32_11.4.0.202103011116/tools/bin/../lib/gcc/arm-none-eabi/10.2.1/../../../../arm-none-eabi/lib/thumb/v6-m/nofp\libcr_nohost_nf.a(__ciob.o)
                0x00006284                __num_Ciob_streams
 .rodata.__assertion_failed.str1.1
                0x00006288       0x15 c:/nxp/mcuxpressoide_11.4.0_6224/ide/plugins/com.nxp.mcuxpresso.tools.win32_11.4.0.202103011116/tools/bin/../lib/gcc/arm-none-eabi/10.2.1/../../../../arm-none-eabi/lib/thumb/v6-m/nofp\libcr_nohost_nf.a(_cr_assert.o)
 .rodata._Csys_alloc.str1.1
                0x0000629d       0x18 c:/nxp/mcuxpressoide_11.4.0_6224/ide/plugins/com.nxp.mcuxpresso.tools.win32_11.4.0.202103011116/tools/bin/../lib/gcc/arm-none-eabi/10.2.1/../../../../arm-none-eabi/lib/thumb/v6-m/nofp\libcr_c.a(alloc.o)
 .rodata._initio.str1.1
                0x000062b5        0x4 c:/nxp/mcuxpressoide_11.4.0_6224/ide/plugins/com.nxp.mcuxpresso.tools.win32_11.4.0.202103011116/tools/bin/../lib/gcc/arm-none-eabi/10.2.1/../../../../arm-none-eabi/lib/thumb/v6-m/nofp\libcr_c.a(initio.o)
                0x000062bc                . = ALIGN (0x4)
 *fill*         0x000062b9        0x3 ff

.glue_7         0x000062bc        0x0
 .glue_7        0x000062bc        0x0 linker stubs

.glue_7t        0x000062bc        0x0
 .glue_7t       0x000062bc        0x0 linker stubs

.vfp11_veneer   0x000062bc        0x0
 .vfp11_veneer  0x000062bc        0x0 linker stubs

.v4_bx          0x000062bc        0x0
 .v4_bx         0x000062bc        0x0 linker stubs

.iplt           0x000062bc        0x0
 .iplt          0x000062bc        0x0 ./utilities/fsl_debug_console.o

.rel.dyn        0x000062bc        0x0
 .rel.iplt      0x000062bc        0x0 ./utilities/fsl_debug_console.o

.ARM.extab
 *(SORT_BY_ALIGNMENT(.ARM.extab*) SORT_BY_ALIGNMENT(.gnu.linkonce.armextab.*))

.ARM.exidx      0x000062bc        0x0
                0x000062bc                __exidx_start = .
 *(SORT_BY_ALIGNMENT(.ARM.exidx*) SORT_BY_ALIGNMENT(.gnu.linkonce.armexidx.*))
                0x000062bc                __exidx_end = .
                0x000062bc                _etext = .

.m_usb_data
 *(SORT_BY_ALIGNMENT(m_usb_bdt))

.mtb_buffer_default
                0x1fffe000       0x80
 *(SORT_BY_ALIGNMENT(.mtb*))
 .mtb.$RAM1     0x1fffe000       0x80 ./source/mtb.o
                0x1fffe000                __mtb_buffer__

.uninit_RESERVED
                0x1fffe080        0x0
                0x1fffe080                _start_uninit_RESERVED = .
 *(SORT_BY_ALIGNMENT(.bss.$RESERVED*))
                0x1fffe080                . = ALIGN (0x4)
                0x1fffe080                _end_uninit_RESERVED = .

.data           0x1fffe080       0x2c load address 0x000062bc
 FILL mask 0xff
                0x1fffe080                _data = .
                [!provide]                PROVIDE (__start_data_RAM = .)
                [!provide]                PROVIDE (__start_data_SRAM = .)
 *(SORT_BY_ALIGNMENT(vtable))
 *(SORT_BY_ALIGNMENT(.ramfunc*))
 *(SORT_BY_ALIGNMENT(CodeQuickAccess))
 *(SORT_BY_ALIGNMENT(DataQuickAccess))
 *(SORT_BY_ALIGNMENT(RamFunction))
 *(SORT_BY_ALIGNMENT(.data*))
 .data.PIN_SALIDAS
                0x1fffe080       0x20 ./source/CtlSalidas.o
                0x1fffe080                PIN_SALIDAS
 .data.s_slowIrcFreq
                0x1fffe0a0        0x4 ./drivers/fsl_clock.o
 .data.uxCriticalNesting
                0x1fffe0a4        0x4 ./amazon-freertos/FreeRTOS/portable/port.o
 .data.SystemCoreClock
                0x1fffe0a8        0x4 ./CMSIS/system_MKL46Z4.o
                0x1fffe0a8                SystemCoreClock
                0x1fffe0ac                . = ALIGN (0x4)
                0x1fffe0ac                _edata = .
                [!provide]                PROVIDE (__end_data_RAM = .)
                [!provide]                PROVIDE (__end_data_SRAM = .)

.igot.plt       0x1fffe0ac        0x0 load address 0x000062e8
 .igot.plt      0x1fffe0ac        0x0 ./utilities/fsl_debug_console.o

.bss            0x1fffe0ac     0x2c6c
                0x1fffe0ac                _bss = .
                [!provide]                PROVIDE (__start_bss_RAM = .)
                [!provide]                PROVIDE (__start_bss_SRAM = .)
 *(SORT_BY_ALIGNMENT(.bss*))
 .bss.s_debugConsoleIO
                0x1fffe0ac        0x8 ./utilities/fsl_io.o
 .bss.c_salidas
                0x1fffe0b4      0x1f0 ./source/freertos_hello.o
                0x1fffe0b4                c_salidas
 .bss.g_xtal0Freq
                0x1fffe2a4        0x4 ./drivers/fsl_clock.o
                0x1fffe2a4                g_xtal0Freq
 .bss.s_lpsciHandle
                0x1fffe2a8        0x4 ./drivers/fsl_lpsci.o
 .bss.s_lpsciIsr
                0x1fffe2ac        0x4 ./drivers/fsl_lpsci.o
 .bss.s_uartHandle
                0x1fffe2b0        0xc ./drivers/fsl_uart.o
 .bss.s_uartIsr
                0x1fffe2bc        0x4 ./drivers/fsl_uart.o
 .bss.ucHeap    0x1fffe2c0     0x2800 ./amazon-freertos/FreeRTOS/portable/heap_4.o
 .bss.xStart    0x20000ac0        0x8 ./amazon-freertos/FreeRTOS/portable/heap_4.o
 .bss.pxEnd     0x20000ac8        0x4 ./amazon-freertos/FreeRTOS/portable/heap_4.o
 .bss.xFreeBytesRemaining
                0x20000acc        0x4 ./amazon-freertos/FreeRTOS/portable/heap_4.o
 .bss.xMinimumEverFreeBytesRemaining
                0x20000ad0        0x4 ./amazon-freertos/FreeRTOS/portable/heap_4.o
 .bss.xBlockAllocatedBit
                0x20000ad4        0x4 ./amazon-freertos/FreeRTOS/portable/heap_4.o
 .bss.xQueueRegistry
                0x20000ad8       0x40 ./amazon-freertos/FreeRTOS/queue.o
                0x20000ad8                xQueueRegistry
 .bss.pxCurrentTCB
                0x20000b18        0x4 ./amazon-freertos/FreeRTOS/tasks.o
                0x20000b18                pxCurrentTCB
 .bss.pxReadyTasksLists
                0x20000b1c       0x64 ./amazon-freertos/FreeRTOS/tasks.o
 .bss.xDelayedTaskList1
                0x20000b80       0x14 ./amazon-freertos/FreeRTOS/tasks.o
 .bss.xDelayedTaskList2
                0x20000b94       0x14 ./amazon-freertos/FreeRTOS/tasks.o
 .bss.pxDelayedTaskList
                0x20000ba8        0x4 ./amazon-freertos/FreeRTOS/tasks.o
 .bss.pxOverflowDelayedTaskList
                0x20000bac        0x4 ./amazon-freertos/FreeRTOS/tasks.o
 .bss.xPendingReadyList
                0x20000bb0       0x14 ./amazon-freertos/FreeRTOS/tasks.o
 .bss.xTasksWaitingTermination
                0x20000bc4       0x14 ./amazon-freertos/FreeRTOS/tasks.o
 .bss.uxDeletedTasksWaitingCleanUp
                0x20000bd8        0x4 ./amazon-freertos/FreeRTOS/tasks.o
 .bss.xSuspendedTaskList
                0x20000bdc       0x14 ./amazon-freertos/FreeRTOS/tasks.o
 .bss.uxCurrentNumberOfTasks
                0x20000bf0        0x4 ./amazon-freertos/FreeRTOS/tasks.o
 .bss.xTickCount
                0x20000bf4        0x4 ./amazon-freertos/FreeRTOS/tasks.o
 .bss.uxTopReadyPriority
                0x20000bf8        0x4 ./amazon-freertos/FreeRTOS/tasks.o
 .bss.xSchedulerRunning
                0x20000bfc        0x4 ./amazon-freertos/FreeRTOS/tasks.o
 .bss.uxPendedTicks
                0x20000c00        0x4 ./amazon-freertos/FreeRTOS/tasks.o
 .bss.xYieldPending
                0x20000c04        0x4 ./amazon-freertos/FreeRTOS/tasks.o
 .bss.xNumOfOverflows
                0x20000c08        0x4 ./amazon-freertos/FreeRTOS/tasks.o
 .bss.uxTaskNumber
                0x20000c0c        0x4 ./amazon-freertos/FreeRTOS/tasks.o
 .bss.xNextTaskUnblockTime
                0x20000c10        0x4 ./amazon-freertos/FreeRTOS/tasks.o
 .bss.xIdleTaskHandle
                0x20000c14        0x4 ./amazon-freertos/FreeRTOS/tasks.o
 .bss.uxSchedulerSuspended
                0x20000c18        0x4 ./amazon-freertos/FreeRTOS/tasks.o
 .bss.xActiveTimerList1
                0x20000c1c       0x14 ./amazon-freertos/FreeRTOS/timers.o
 .bss.xActiveTimerList2
                0x20000c30       0x14 ./amazon-freertos/FreeRTOS/timers.o
 .bss.pxCurrentTimerList
                0x20000c44        0x4 ./amazon-freertos/FreeRTOS/timers.o
 .bss.pxOverflowTimerList
                0x20000c48        0x4 ./amazon-freertos/FreeRTOS/timers.o
 .bss.xTimerQueue
                0x20000c4c        0x4 ./amazon-freertos/FreeRTOS/timers.o
 .bss.xTimerTaskHandle
                0x20000c50        0x4 ./amazon-freertos/FreeRTOS/timers.o
 .bss.xLastTime.0
                0x20000c54        0x4 ./amazon-freertos/FreeRTOS/timers.o
 .bss.__Ciob    0x20000c58       0xb4 c:/nxp/mcuxpressoide_11.4.0_6224/ide/plugins/com.nxp.mcuxpresso.tools.win32_11.4.0.202103011116/tools/bin/../lib/gcc/arm-none-eabi/10.2.1/../../../../arm-none-eabi/lib/thumb/v6-m/nofp\libcr_nohost_nf.a(__ciob.o)
                0x20000c58                __Ciob
 .bss.__end_of_heap
                0x20000d0c        0x4 c:/nxp/mcuxpressoide_11.4.0_6224/ide/plugins/com.nxp.mcuxpresso.tools.win32_11.4.0.202103011116/tools/bin/../lib/gcc/arm-none-eabi/10.2.1/../../../../arm-none-eabi/lib/thumb/v6-m/nofp\libcr_c.a(__init_alloc.o)
                0x20000d0c                __end_of_heap
 .bss.__heaps   0x20000d10        0x4 c:/nxp/mcuxpressoide_11.4.0_6224/ide/plugins/com.nxp.mcuxpresso.tools.win32_11.4.0.202103011116/tools/bin/../lib/gcc/arm-none-eabi/10.2.1/../../../../arm-none-eabi/lib/thumb/v6-m/nofp\libcr_c.a(__init_alloc.o)
                0x20000d10                __heaps
 .bss.errno     0x20000d14        0x4 c:/nxp/mcuxpressoide_11.4.0_6224/ide/plugins/com.nxp.mcuxpresso.tools.win32_11.4.0.202103011116/tools/bin/../lib/gcc/arm-none-eabi/10.2.1/../../../../arm-none-eabi/lib/thumb/v6-m/nofp\libcr_c.a(errno.o)
                0x20000d14                errno
 *(SORT_BY_ALIGNMENT(COMMON))
                0x20000d18                . = ALIGN (0x4)
                0x20000d18                _ebss = .
                [!provide]                PROVIDE (__end_bss_RAM = .)
                [!provide]                PROVIDE (__end_bss_SRAM = .)
                [!provide]                PROVIDE (end = .)

.noinit         0x20000d18        0x0
                0x20000d18                _noinit = .
                [!provide]                PROVIDE (__start_noinit_RAM = .)
                [!provide]                PROVIDE (__start_noinit_SRAM = .)
 *(SORT_BY_ALIGNMENT(.noinit*))
                0x20000d18                . = ALIGN (0x4)
                0x20000d18                _end_noinit = .
                [!provide]                PROVIDE (__end_noinit_RAM = .)
                [!provide]                PROVIDE (__end_noinit_SRAM = .)
                0x00000800                _HeapSize = 0x800

.heap           0x20000d18      0x800
                0x20000d18                _pvHeapStart = .
                0x20001518                . = (. + _HeapSize)
 *fill*         0x20000d18      0x800 
                0x20001518                . = ALIGN (0x4)
                0x20001518                _pvHeapLimit = .
                0x00000800                _StackSize = 0x800

.heap2stackfill
                0x20001518      0x800
                0x20001d18                . = (. + _StackSize)
 *fill*         0x20001518      0x800 

.stack          0x20005800        0x0
                0x20005800                _vStackBase = .
                0x20005800                . = ALIGN (0x4)
                0x20006000                _vStackTop = (. + _StackSize)
                0x00000000                _image_start = LOADADDR (.text)
                0x000062e8                _image_end = (LOADADDR (.data) + SIZEOF (.data))
                0x000062e8                _image_size = (_image_end - _image_start)
OUTPUT(proyect2_freertos_hello.axf elf32-littlearm)
LOAD linker stubs

.debug_info     0x00000000     0xcb94
 .debug_info    0x00000000      0x32b ./utilities/fsl_debug_console.o
 .debug_info    0x0000032b      0x8c2 ./utilities/fsl_io.o
 .debug_info    0x00000bed      0x2ff ./utilities/fsl_log.o
 .debug_info    0x00000eec      0x4e7 ./utilities/fsl_str.o
 .debug_info    0x000013d3      0x4e7 ./startup/startup_mkl46z4.o
 .debug_info    0x000018ba      0x92b ./source/CtlSalidas.o
 .debug_info    0x000021e5      0x515 ./source/freertos_hello.o
 .debug_info    0x000026fa       0x4f ./source/mtb.o
 .debug_info    0x00002749       0x38 ./source/semihost_hardfault.o
 .debug_info    0x00002781       0xb0 ./freertos/portable/fsl_tickless_systick.o
 .debug_info    0x00002831     0x1a87 ./drivers/fsl_clock.o
 .debug_info    0x000042b8      0x7d8 ./drivers/fsl_gpio.o
 .debug_info    0x00004a90     0x14a8 ./drivers/fsl_lpsci.o
 .debug_info    0x00005f38     0x1449 ./drivers/fsl_uart.o
 .debug_info    0x00007381      0x390 ./board/src/board.o
 .debug_info    0x00007711      0xafe ./board/src/clock_config.o
 .debug_info    0x0000820f      0x834 ./board/pin_mux.o
 .debug_info    0x00008a43      0x2f8 ./amazon-freertos/FreeRTOS/portable/heap_4.o
 .debug_info    0x00008d3b      0x24a ./amazon-freertos/FreeRTOS/portable/port.o
 .debug_info    0x00008f85      0x2b4 ./amazon-freertos/FreeRTOS/list.o
 .debug_info    0x00009239     0x1046 ./amazon-freertos/FreeRTOS/queue.o
 .debug_info    0x0000a27f     0x194e ./amazon-freertos/FreeRTOS/tasks.o
 .debug_info    0x0000bbcd      0xbbd ./amazon-freertos/FreeRTOS/timers.o
 .debug_info    0x0000c78a      0x40a ./CMSIS/system_MKL46Z4.o

.debug_abbrev   0x00000000     0x2810
 .debug_abbrev  0x00000000      0x155 ./utilities/fsl_debug_console.o
 .debug_abbrev  0x00000155      0x1d1 ./utilities/fsl_io.o
 .debug_abbrev  0x00000326      0x159 ./utilities/fsl_log.o
 .debug_abbrev  0x0000047f      0x193 ./utilities/fsl_str.o
 .debug_abbrev  0x00000612      0x195 ./startup/startup_mkl46z4.o
 .debug_abbrev  0x000007a7      0x264 ./source/CtlSalidas.o
 .debug_abbrev  0x00000a0b      0x11f ./source/freertos_hello.o
 .debug_abbrev  0x00000b2a       0x43 ./source/mtb.o
 .debug_abbrev  0x00000b6d       0x2e ./source/semihost_hardfault.o
 .debug_abbrev  0x00000b9b       0x66 ./freertos/portable/fsl_tickless_systick.o
 .debug_abbrev  0x00000c01      0x348 ./drivers/fsl_clock.o
 .debug_abbrev  0x00000f49      0x1f3 ./drivers/fsl_gpio.o
 .debug_abbrev  0x0000113c      0x2f0 ./drivers/fsl_lpsci.o
 .debug_abbrev  0x0000142c      0x2f0 ./drivers/fsl_uart.o
 .debug_abbrev  0x0000171c      0x118 ./board/src/board.o
 .debug_abbrev  0x00001834      0x1ef ./board/src/clock_config.o
 .debug_abbrev  0x00001a23      0x1d5 ./board/pin_mux.o
 .debug_abbrev  0x00001bf8      0x172 ./amazon-freertos/FreeRTOS/portable/heap_4.o
 .debug_abbrev  0x00001d6a      0x196 ./amazon-freertos/FreeRTOS/portable/port.o
 .debug_abbrev  0x00001f00       0xef ./amazon-freertos/FreeRTOS/list.o
 .debug_abbrev  0x00001fef      0x21d ./amazon-freertos/FreeRTOS/queue.o
 .debug_abbrev  0x0000220c      0x2b5 ./amazon-freertos/FreeRTOS/tasks.o
 .debug_abbrev  0x000024c1      0x20a ./amazon-freertos/FreeRTOS/timers.o
 .debug_abbrev  0x000026cb      0x145 ./CMSIS/system_MKL46Z4.o

.debug_aranges  0x00000000      0xe00
 .debug_aranges
                0x00000000       0x58 ./utilities/fsl_debug_console.o
 .debug_aranges
                0x00000058       0x58 ./utilities/fsl_io.o
 .debug_aranges
                0x000000b0       0x58 ./utilities/fsl_log.o
 .debug_aranges
                0x00000108       0x38 ./utilities/fsl_str.o
 .debug_aranges
                0x00000140      0x160 ./startup/startup_mkl46z4.o
 .debug_aranges
                0x000002a0       0x50 ./source/CtlSalidas.o
 .debug_aranges
                0x000002f0       0x28 ./source/freertos_hello.o
 .debug_aranges
                0x00000318       0x18 ./source/mtb.o
 .debug_aranges
                0x00000330       0x20 ./source/semihost_hardfault.o
 .debug_aranges
                0x00000350       0x20 ./freertos/portable/fsl_tickless_systick.o
 .debug_aranges
                0x00000370      0x1d8 ./drivers/fsl_clock.o
 .debug_aranges
                0x00000548       0x78 ./drivers/fsl_gpio.o
 .debug_aranges
                0x000005c0      0x118 ./drivers/fsl_lpsci.o
 .debug_aranges
                0x000006d8      0x130 ./drivers/fsl_uart.o
 .debug_aranges
                0x00000808       0x28 ./board/src/board.o
 .debug_aranges
                0x00000830       0x58 ./board/src/clock_config.o
 .debug_aranges
                0x00000888       0x38 ./board/pin_mux.o
 .debug_aranges
                0x000008c0       0x50 ./amazon-freertos/FreeRTOS/portable/heap_4.o
 .debug_aranges
                0x00000910       0x80 ./amazon-freertos/FreeRTOS/portable/port.o
 .debug_aranges
                0x00000990       0x40 ./amazon-freertos/FreeRTOS/list.o
 .debug_aranges
                0x000009d0      0x130 ./amazon-freertos/FreeRTOS/queue.o
 .debug_aranges
                0x00000b00      0x1f8 ./amazon-freertos/FreeRTOS/tasks.o
 .debug_aranges
                0x00000cf8       0xd8 ./amazon-freertos/FreeRTOS/timers.o
 .debug_aranges
                0x00000dd0       0x30 ./CMSIS/system_MKL46Z4.o

.debug_ranges   0x00000000      0xc78
 .debug_ranges  0x00000000       0x48 ./utilities/fsl_debug_console.o
 .debug_ranges  0x00000048       0x48 ./utilities/fsl_io.o
 .debug_ranges  0x00000090       0x48 ./utilities/fsl_log.o
 .debug_ranges  0x000000d8       0x28 ./utilities/fsl_str.o
 .debug_ranges  0x00000100      0x150 ./startup/startup_mkl46z4.o
 .debug_ranges  0x00000250       0x40 ./source/CtlSalidas.o
 .debug_ranges  0x00000290       0x18 ./source/freertos_hello.o
 .debug_ranges  0x000002a8       0x10 ./source/semihost_hardfault.o
 .debug_ranges  0x000002b8       0x10 ./freertos/portable/fsl_tickless_systick.o
 .debug_ranges  0x000002c8      0x1c8 ./drivers/fsl_clock.o
 .debug_ranges  0x00000490       0x68 ./drivers/fsl_gpio.o
 .debug_ranges  0x000004f8      0x108 ./drivers/fsl_lpsci.o
 .debug_ranges  0x00000600      0x120 ./drivers/fsl_uart.o
 .debug_ranges  0x00000720       0x18 ./board/src/board.o
 .debug_ranges  0x00000738       0x48 ./board/src/clock_config.o
 .debug_ranges  0x00000780       0x28 ./board/pin_mux.o
 .debug_ranges  0x000007a8       0x40 ./amazon-freertos/FreeRTOS/portable/heap_4.o
 .debug_ranges  0x000007e8       0x70 ./amazon-freertos/FreeRTOS/portable/port.o
 .debug_ranges  0x00000858       0x30 ./amazon-freertos/FreeRTOS/list.o
 .debug_ranges  0x00000888      0x120 ./amazon-freertos/FreeRTOS/queue.o
 .debug_ranges  0x000009a8      0x1e8 ./amazon-freertos/FreeRTOS/tasks.o
 .debug_ranges  0x00000b90       0xc8 ./amazon-freertos/FreeRTOS/timers.o
 .debug_ranges  0x00000c58       0x20 ./CMSIS/system_MKL46Z4.o

.debug_line     0x00000000     0x9198
 .debug_line    0x00000000      0x28d ./utilities/fsl_debug_console.o
 .debug_line    0x0000028d      0x460 ./utilities/fsl_io.o
 .debug_line    0x000006ed      0x344 ./utilities/fsl_log.o
 .debug_line    0x00000a31      0x770 ./utilities/fsl_str.o
 .debug_line    0x000011a1      0x1ed ./startup/startup_mkl46z4.o
 .debug_line    0x0000138e      0x7c1 ./source/CtlSalidas.o
 .debug_line    0x00001b4f      0x35e ./source/freertos_hello.o
 .debug_line    0x00001ead       0x30 ./source/mtb.o
 .debug_line    0x00001edd       0x59 ./source/semihost_hardfault.o
 .debug_line    0x00001f36      0x18a ./freertos/portable/fsl_tickless_systick.o
 .debug_line    0x000020c0     0x11ac ./drivers/fsl_clock.o
 .debug_line    0x0000326c      0x363 ./drivers/fsl_gpio.o
 .debug_line    0x000035cf      0xd0c ./drivers/fsl_lpsci.o
 .debug_line    0x000042db      0xd17 ./drivers/fsl_uart.o
 .debug_line    0x00004ff2      0x1e6 ./board/src/board.o
 .debug_line    0x000051d8      0x2e7 ./board/src/clock_config.o
 .debug_line    0x000054bf      0x3d1 ./board/pin_mux.o
 .debug_line    0x00005890      0x3df ./amazon-freertos/FreeRTOS/portable/heap_4.o
 .debug_line    0x00005c6f      0x3a8 ./amazon-freertos/FreeRTOS/portable/port.o
 .debug_line    0x00006017      0x2ec ./amazon-freertos/FreeRTOS/list.o
 .debug_line    0x00006303      0xf05 ./amazon-freertos/FreeRTOS/queue.o
 .debug_line    0x00007208     0x1644 ./amazon-freertos/FreeRTOS/tasks.o
 .debug_line    0x0000884c      0x724 ./amazon-freertos/FreeRTOS/timers.o
 .debug_line    0x00008f70      0x228 ./CMSIS/system_MKL46Z4.o

.debug_str      0x00000000     0x5d4c
 .debug_str     0x00000000      0x36b ./utilities/fsl_debug_console.o
                                0x3a2 (size before relaxing)
 .debug_str     0x0000036b      0xaed ./utilities/fsl_io.o
                                0xd9b (size before relaxing)
 .debug_str     0x00000e58       0x85 ./utilities/fsl_log.o
                                0x367 (size before relaxing)
 .debug_str     0x00000edd      0x1bc ./utilities/fsl_str.o
                                0x3c9 (size before relaxing)
 .debug_str     0x00001099      0x379 ./startup/startup_mkl46z4.o
                                0x4ce (size before relaxing)
 .debug_str     0x00001412      0x240 ./source/CtlSalidas.o
                                0x9b3 (size before relaxing)
 .debug_str     0x00001652       0x42 ./source/freertos_hello.o
                                0x88b (size before relaxing)
 .debug_str     0x00001694       0x1f ./source/mtb.o
                                0x173 (size before relaxing)
 .debug_str     0x000016b3       0x1f ./source/semihost_hardfault.o
                                0x173 (size before relaxing)
 .debug_str     0x000016d2       0x53 ./freertos/portable/fsl_tickless_systick.o
                                0x239 (size before relaxing)
 .debug_str     0x00001725     0x10a2 ./drivers/fsl_clock.o
                               0x18b6 (size before relaxing)
 .debug_str     0x000027c7      0x184 ./drivers/fsl_gpio.o
                                0x967 (size before relaxing)
 .debug_str     0x0000294b      0xa79 ./drivers/fsl_lpsci.o
                               0x1700 (size before relaxing)
 .debug_str     0x000033c4      0x735 ./drivers/fsl_uart.o
                               0x1707 (size before relaxing)
 .debug_str     0x00003af9       0x50 ./board/src/board.o
                                0x2fd (size before relaxing)
 .debug_str     0x00003b49      0x2ec ./board/src/clock_config.o
                                0xea3 (size before relaxing)
 .debug_str     0x00003e35      0x2b8 ./board/pin_mux.o
                                0x7dd (size before relaxing)
 .debug_str     0x000040ed      0x1ec ./amazon-freertos/FreeRTOS/portable/heap_4.o
                                0x3cd (size before relaxing)
 .debug_str     0x000042d9      0x151 ./amazon-freertos/FreeRTOS/portable/port.o
                                0x37b (size before relaxing)
 .debug_str     0x0000442a      0x135 ./amazon-freertos/FreeRTOS/list.o
                                0x338 (size before relaxing)
 .debug_str     0x0000455f      0x5f6 ./amazon-freertos/FreeRTOS/queue.o
                                0x8e9 (size before relaxing)
 .debug_str     0x00004b55      0xc81 ./amazon-freertos/FreeRTOS/tasks.o
                               0x106a (size before relaxing)
 .debug_str     0x000057d6      0x518 ./amazon-freertos/FreeRTOS/timers.o
                                0x845 (size before relaxing)
 .debug_str     0x00005cee       0x5e ./CMSIS/system_MKL46Z4.o
                                0x32e (size before relaxing)

.comment        0x00000000       0x4d
 .comment       0x00000000       0x4d ./utilities/fsl_debug_console.o
                                 0x4e (size before relaxing)
 .comment       0x0000004d       0x4e ./utilities/fsl_io.o
 .comment       0x0000004d       0x4e ./utilities/fsl_log.o
 .comment       0x0000004d       0x4e ./utilities/fsl_str.o
 .comment       0x0000004d       0x4e ./startup/startup_mkl46z4.o
 .comment       0x0000004d       0x4e ./source/CtlSalidas.o
 .comment       0x0000004d       0x4e ./source/freertos_hello.o
 .comment       0x0000004d       0x4e ./source/mtb.o
 .comment       0x0000004d       0x4e ./source/semihost_hardfault.o
 .comment       0x0000004d       0x4e ./freertos/portable/fsl_tickless_systick.o
 .comment       0x0000004d       0x4e ./drivers/fsl_clock.o
 .comment       0x0000004d       0x4e ./drivers/fsl_gpio.o
 .comment       0x0000004d       0x4e ./drivers/fsl_lpsci.o
 .comment       0x0000004d       0x4e ./drivers/fsl_uart.o
 .comment       0x0000004d       0x4e ./board/src/board.o
 .comment       0x0000004d       0x4e ./board/src/clock_config.o
 .comment       0x0000004d       0x4e ./board/pin_mux.o
 .comment       0x0000004d       0x4e ./amazon-freertos/FreeRTOS/portable/heap_4.o
 .comment       0x0000004d       0x4e ./amazon-freertos/FreeRTOS/portable/port.o
 .comment       0x0000004d       0x4e ./amazon-freertos/FreeRTOS/list.o
 .comment       0x0000004d       0x4e ./amazon-freertos/FreeRTOS/queue.o
 .comment       0x0000004d       0x4e ./amazon-freertos/FreeRTOS/tasks.o
 .comment       0x0000004d       0x4e ./amazon-freertos/FreeRTOS/timers.o
 .comment       0x0000004d       0x4e ./CMSIS/system_MKL46Z4.o
 .comment       0x0000004d       0x4e c:/nxp/mcuxpressoide_11.4.0_6224/ide/plugins/com.nxp.mcuxpresso.tools.win32_11.4.0.202103011116/tools/bin/../lib/gcc/arm-none-eabi/10.2.1/../../../../arm-none-eabi/lib/thumb/v6-m/nofp\libcr_nohost_nf.a(_cr__main.o)
 .comment       0x0000004d       0x4e c:/nxp/mcuxpressoide_11.4.0_6224/ide/plugins/com.nxp.mcuxpresso.tools.win32_11.4.0.202103011116/tools/bin/../lib/gcc/arm-none-eabi/10.2.1/../../../../arm-none-eabi/lib/thumb/v6-m/nofp\libcr_nohost_nf.a(_cr_assert.o)
 .comment       0x0000004d       0x4e c:/nxp/mcuxpressoide_11.4.0_6224/ide/plugins/com.nxp.mcuxpresso.tools.win32_11.4.0.202103011116/tools/bin/../lib/gcc/arm-none-eabi/10.2.1/../../../../arm-none-eabi/lib/thumb/v6-m/nofp\libcr_nohost_nf.a(__ciob.o)
 .comment       0x0000004d       0x4e c:/nxp/mcuxpressoide_11.4.0_6224/ide/plugins/com.nxp.mcuxpresso.tools.win32_11.4.0.202103011116/tools/bin/../lib/gcc/arm-none-eabi/10.2.1/../../../../arm-none-eabi/lib/thumb/v6-m/nofp\libcr_nohost_nf.a(__sys_appexit.o)
 .comment       0x0000004d       0x4e c:/nxp/mcuxpressoide_11.4.0_6224/ide/plugins/com.nxp.mcuxpresso.tools.win32_11.4.0.202103011116/tools/bin/../lib/gcc/arm-none-eabi/10.2.1/../../../../arm-none-eabi/lib/thumb/v6-m/nofp\libcr_c.a(memcpy.o)
 .comment       0x0000004d       0x4e c:/nxp/mcuxpressoide_11.4.0_6224/ide/plugins/com.nxp.mcuxpresso.tools.win32_11.4.0.202103011116/tools/bin/../lib/gcc/arm-none-eabi/10.2.1/../../../../arm-none-eabi/lib/thumb/v6-m/nofp\libcr_c.a(memset.o)
 .comment       0x0000004d       0x4e c:/nxp/mcuxpressoide_11.4.0_6224/ide/plugins/com.nxp.mcuxpresso.tools.win32_11.4.0.202103011116/tools/bin/../lib/gcc/arm-none-eabi/10.2.1/../../../../arm-none-eabi/lib/thumb/v6-m/nofp\libcr_c.a(_deferredlazyseek.o)
 .comment       0x0000004d       0x4e c:/nxp/mcuxpressoide_11.4.0_6224/ide/plugins/com.nxp.mcuxpresso.tools.win32_11.4.0.202103011116/tools/bin/../lib/gcc/arm-none-eabi/10.2.1/../../../../arm-none-eabi/lib/thumb/v6-m/nofp\libcr_c.a(_fflush.o)
 .comment       0x0000004d       0x4e c:/nxp/mcuxpressoide_11.4.0_6224/ide/plugins/com.nxp.mcuxpresso.tools.win32_11.4.0.202103011116/tools/bin/../lib/gcc/arm-none-eabi/10.2.1/../../../../arm-none-eabi/lib/thumb/v6-m/nofp\libcr_c.a(_writebuf.o)
 .comment       0x0000004d       0x4e c:/nxp/mcuxpressoide_11.4.0_6224/ide/plugins/com.nxp.mcuxpresso.tools.win32_11.4.0.202103011116/tools/bin/../lib/gcc/arm-none-eabi/10.2.1/../../../../arm-none-eabi/lib/thumb/v6-m/nofp\libcr_c.a(alloc.o)
 .comment       0x0000004d       0x4e c:/nxp/mcuxpressoide_11.4.0_6224/ide/plugins/com.nxp.mcuxpresso.tools.win32_11.4.0.202103011116/tools/bin/../lib/gcc/arm-none-eabi/10.2.1/../../../../arm-none-eabi/lib/thumb/v6-m/nofp\libcr_c.a(fputs.o)
 .comment       0x0000004d       0x4e c:/nxp/mcuxpressoide_11.4.0_6224/ide/plugins/com.nxp.mcuxpresso.tools.win32_11.4.0.202103011116/tools/bin/../lib/gcc/arm-none-eabi/10.2.1/../../../../arm-none-eabi/lib/thumb/v6-m/nofp\libcr_c.a(fseek.o)
 .comment       0x0000004d       0x4e c:/nxp/mcuxpressoide_11.4.0_6224/ide/plugins/com.nxp.mcuxpresso.tools.win32_11.4.0.202103011116/tools/bin/../lib/gcc/arm-none-eabi/10.2.1/../../../../arm-none-eabi/lib/thumb/v6-m/nofp\libcr_c.a(ftell.o)
 .comment       0x0000004d       0x4e c:/nxp/mcuxpressoide_11.4.0_6224/ide/plugins/com.nxp.mcuxpresso.tools.win32_11.4.0.202103011116/tools/bin/../lib/gcc/arm-none-eabi/10.2.1/../../../../arm-none-eabi/lib/thumb/v6-m/nofp\libcr_c.a(initio.o)
 .comment       0x0000004d       0x4e c:/nxp/mcuxpressoide_11.4.0_6224/ide/plugins/com.nxp.mcuxpresso.tools.win32_11.4.0.202103011116/tools/bin/../lib/gcc/arm-none-eabi/10.2.1/../../../../arm-none-eabi/lib/thumb/v6-m/nofp\libcr_c.a(setvbuf.o)
 .comment       0x0000004d       0x4e c:/nxp/mcuxpressoide_11.4.0_6224/ide/plugins/com.nxp.mcuxpresso.tools.win32_11.4.0.202103011116/tools/bin/../lib/gcc/arm-none-eabi/10.2.1/../../../../arm-none-eabi/lib/thumb/v6-m/nofp\libcr_c.a(strlen.o)
 .comment       0x0000004d       0x4e c:/nxp/mcuxpressoide_11.4.0_6224/ide/plugins/com.nxp.mcuxpresso.tools.win32_11.4.0.202103011116/tools/bin/../lib/gcc/arm-none-eabi/10.2.1/../../../../arm-none-eabi/lib/thumb/v6-m/nofp\libcr_c.a(__init_alloc.o)
 .comment       0x0000004d       0x4e c:/nxp/mcuxpressoide_11.4.0_6224/ide/plugins/com.nxp.mcuxpresso.tools.win32_11.4.0.202103011116/tools/bin/../lib/gcc/arm-none-eabi/10.2.1/../../../../arm-none-eabi/lib/thumb/v6-m/nofp\libcr_c.a(_cr_sbrk.o)
 .comment       0x0000004d       0x4e c:/nxp/mcuxpressoide_11.4.0_6224/ide/plugins/com.nxp.mcuxpresso.tools.win32_11.4.0.202103011116/tools/bin/../lib/gcc/arm-none-eabi/10.2.1/../../../../arm-none-eabi/lib/thumb/v6-m/nofp\libcr_c.a(_fdopen.o)
 .comment       0x0000004d       0x4e c:/nxp/mcuxpressoide_11.4.0_6224/ide/plugins/com.nxp.mcuxpresso.tools.win32_11.4.0.202103011116/tools/bin/../lib/gcc/arm-none-eabi/10.2.1/../../../../arm-none-eabi/lib/thumb/v6-m/nofp\libcr_c.a(errno.o)
 .comment       0x0000004d       0x4e c:/nxp/mcuxpressoide_11.4.0_6224/ide/plugins/com.nxp.mcuxpresso.tools.win32_11.4.0.202103011116/tools/bin/../lib/gcc/arm-none-eabi/10.2.1/../../../../arm-none-eabi/lib/thumb/v6-m/nofp\libcr_c.a(fclose.o)
 .comment       0x0000004d       0x4e c:/nxp/mcuxpressoide_11.4.0_6224/ide/plugins/com.nxp.mcuxpresso.tools.win32_11.4.0.202103011116/tools/bin/../lib/gcc/arm-none-eabi/10.2.1/../../../../arm-none-eabi/lib/thumb/v6-m/nofp\libcr_c.a(fflush.o)
 .comment       0x0000004d       0x4e c:/nxp/mcuxpressoide_11.4.0_6224/ide/plugins/com.nxp.mcuxpresso.tools.win32_11.4.0.202103011116/tools/bin/../lib/gcc/arm-none-eabi/10.2.1/../../../../arm-none-eabi/lib/thumb/v6-m/nofp\libcr_c.a(remove.o)
 .comment       0x0000004d       0x4e c:/nxp/mcuxpressoide_11.4.0_6224/ide/plugins/com.nxp.mcuxpresso.tools.win32_11.4.0.202103011116/tools/bin/../lib/gcc/arm-none-eabi/10.2.1/../../../../arm-none-eabi/lib/thumb/v6-m/nofp\libcr_c.a(_cr_check_heap.o)
 .comment       0x0000004d       0x4e c:/nxp/mcuxpressoide_11.4.0_6224/ide/plugins/com.nxp.mcuxpresso.tools.win32_11.4.0.202103011116/tools/bin/../lib/gcc/arm-none-eabi/10.2.1/../../../../arm-none-eabi/lib/thumb/v6-m/nofp\libcr_c.a(_do_fflush.o)
 .comment       0x0000004d       0x4e c:/nxp/mcuxpressoide_11.4.0_6224/ide/plugins/com.nxp.mcuxpresso.tools.win32_11.4.0.202103011116/tools/bin/../lib/gcc/arm-none-eabi/10.2.1/../../../../arm-none-eabi/lib/thumb/v6-m/nofp\libcr_nohost_nf.a(__sys_close.o)
 .comment       0x0000004d       0x4e c:/nxp/mcuxpressoide_11.4.0_6224/ide/plugins/com.nxp.mcuxpresso.tools.win32_11.4.0.202103011116/tools/bin/../lib/gcc/arm-none-eabi/10.2.1/../../../../arm-none-eabi/lib/thumb/v6-m/nofp\libcr_nohost_nf.a(__sys_flen.o)
 .comment       0x0000004d       0x4e c:/nxp/mcuxpressoide_11.4.0_6224/ide/plugins/com.nxp.mcuxpresso.tools.win32_11.4.0.202103011116/tools/bin/../lib/gcc/arm-none-eabi/10.2.1/../../../../arm-none-eabi/lib/thumb/v6-m/nofp\libcr_nohost_nf.a(__sys_istty.o)
 .comment       0x0000004d       0x4e c:/nxp/mcuxpressoide_11.4.0_6224/ide/plugins/com.nxp.mcuxpresso.tools.win32_11.4.0.202103011116/tools/bin/../lib/gcc/arm-none-eabi/10.2.1/../../../../arm-none-eabi/lib/thumb/v6-m/nofp\libcr_nohost_nf.a(__sys_remove.o)
 .comment       0x0000004d       0x4e c:/nxp/mcuxpressoide_11.4.0_6224/ide/plugins/com.nxp.mcuxpresso.tools.win32_11.4.0.202103011116/tools/bin/../lib/gcc/arm-none-eabi/10.2.1/../../../../arm-none-eabi/lib/thumb/v6-m/nofp\libcr_nohost_nf.a(__sys_seek.o)
 .comment       0x0000004d       0x4e c:/nxp/mcuxpressoide_11.4.0_6224/ide/plugins/com.nxp.mcuxpresso.tools.win32_11.4.0.202103011116/tools/bin/../lib/gcc/arm-none-eabi/10.2.1/../../../../arm-none-eabi/lib/thumb/v6-m/nofp\libcr_nohost_nf.a(__sys_tmpnam.o)
 .comment       0x0000004d       0x4e c:/nxp/mcuxpressoide_11.4.0_6224/ide/plugins/com.nxp.mcuxpresso.tools.win32_11.4.0.202103011116/tools/bin/../lib/gcc/arm-none-eabi/10.2.1/../../../../arm-none-eabi/lib/thumb/v6-m/nofp\libcr_nohost_nf.a(__sys_write.o)

.ARM.attributes
                0x00000000       0x2a
 .ARM.attributes
                0x00000000       0x2c ./utilities/fsl_debug_console.o
 .ARM.attributes
                0x0000002c       0x2c ./utilities/fsl_io.o
 .ARM.attributes
                0x00000058       0x2c ./utilities/fsl_log.o
 .ARM.attributes
                0x00000084       0x2c ./utilities/fsl_str.o
 .ARM.attributes
                0x000000b0       0x2c ./startup/startup_mkl46z4.o
 .ARM.attributes
                0x000000dc       0x2c ./source/CtlSalidas.o
 .ARM.attributes
                0x00000108       0x2c ./source/freertos_hello.o
 .ARM.attributes
                0x00000134       0x32 ./source/mtb.o
 .ARM.attributes
                0x00000166       0x2c ./source/semihost_hardfault.o
 .ARM.attributes
                0x00000192       0x2c ./freertos/portable/fsl_tickless_systick.o
 .ARM.attributes
                0x000001be       0x2c ./drivers/fsl_clock.o
 .ARM.attributes
                0x000001ea       0x2c ./drivers/fsl_gpio.o
 .ARM.attributes
                0x00000216       0x2c ./drivers/fsl_lpsci.o
 .ARM.attributes
                0x00000242       0x2c ./drivers/fsl_uart.o
 .ARM.attributes
                0x0000026e       0x2c ./board/src/board.o
 .ARM.attributes
                0x0000029a       0x2c ./board/src/clock_config.o
 .ARM.attributes
                0x000002c6       0x2c ./board/pin_mux.o
 .ARM.attributes
                0x000002f2       0x2c ./amazon-freertos/FreeRTOS/portable/heap_4.o
 .ARM.attributes
                0x0000031e       0x2c ./amazon-freertos/FreeRTOS/portable/port.o
 .ARM.attributes
                0x0000034a       0x2c ./amazon-freertos/FreeRTOS/list.o
 .ARM.attributes
                0x00000376       0x2c ./amazon-freertos/FreeRTOS/queue.o
 .ARM.attributes
                0x000003a2       0x2c ./amazon-freertos/FreeRTOS/tasks.o
 .ARM.attributes
                0x000003ce       0x2c ./amazon-freertos/FreeRTOS/timers.o
 .ARM.attributes
                0x000003fa       0x2c ./CMSIS/system_MKL46Z4.o
 .ARM.attributes
                0x00000426       0x2c c:/nxp/mcuxpressoide_11.4.0_6224/ide/plugins/com.nxp.mcuxpresso.tools.win32_11.4.0.202103011116/tools/bin/../lib/gcc/arm-none-eabi/10.2.1/../../../../arm-none-eabi/lib/thumb/v6-m/nofp\libcr_nohost_nf.a(_cr__main.o)
 .ARM.attributes
                0x00000452       0x2c c:/nxp/mcuxpressoide_11.4.0_6224/ide/plugins/com.nxp.mcuxpresso.tools.win32_11.4.0.202103011116/tools/bin/../lib/gcc/arm-none-eabi/10.2.1/../../../../arm-none-eabi/lib/thumb/v6-m/nofp\libcr_nohost_nf.a(_cr_assert.o)
 .ARM.attributes
                0x0000047e       0x31 c:/nxp/mcuxpressoide_11.4.0_6224/ide/plugins/com.nxp.mcuxpresso.tools.win32_11.4.0.202103011116/tools/bin/../lib/gcc/arm-none-eabi/10.2.1/../../../../arm-none-eabi/lib/thumb/v6-m/nofp\libcr_nohost_nf.a(__ciob.o)
 .ARM.attributes
                0x000004af       0x2c c:/nxp/mcuxpressoide_11.4.0_6224/ide/plugins/com.nxp.mcuxpresso.tools.win32_11.4.0.202103011116/tools/bin/../lib/gcc/arm-none-eabi/10.2.1/../../../../arm-none-eabi/lib/thumb/v6-m/nofp\libcr_nohost_nf.a(__sys_appexit.o)
 .ARM.attributes
                0x000004db       0x2c c:/nxp/mcuxpressoide_11.4.0_6224/ide/plugins/com.nxp.mcuxpresso.tools.win32_11.4.0.202103011116/tools/bin/../lib/gcc/arm-none-eabi/10.2.1/../../../../arm-none-eabi/lib/thumb/v6-m/nofp\libcr_c.a(memcpy.o)
 .ARM.attributes
                0x00000507       0x2c c:/nxp/mcuxpressoide_11.4.0_6224/ide/plugins/com.nxp.mcuxpresso.tools.win32_11.4.0.202103011116/tools/bin/../lib/gcc/arm-none-eabi/10.2.1/../../../../arm-none-eabi/lib/thumb/v6-m/nofp\libcr_c.a(memset.o)
 .ARM.attributes
                0x00000533       0x2c c:/nxp/mcuxpressoide_11.4.0_6224/ide/plugins/com.nxp.mcuxpresso.tools.win32_11.4.0.202103011116/tools/bin/../lib/gcc/arm-none-eabi/10.2.1/../../../../arm-none-eabi/lib/thumb/v6-m/nofp\libcr_c.a(_deferredlazyseek.o)
 .ARM.attributes
                0x0000055f       0x2c c:/nxp/mcuxpressoide_11.4.0_6224/ide/plugins/com.nxp.mcuxpresso.tools.win32_11.4.0.202103011116/tools/bin/../lib/gcc/arm-none-eabi/10.2.1/../../../../arm-none-eabi/lib/thumb/v6-m/nofp\libcr_c.a(_fflush.o)
 .ARM.attributes
                0x0000058b       0x2c c:/nxp/mcuxpressoide_11.4.0_6224/ide/plugins/com.nxp.mcuxpresso.tools.win32_11.4.0.202103011116/tools/bin/../lib/gcc/arm-none-eabi/10.2.1/../../../../arm-none-eabi/lib/thumb/v6-m/nofp\libcr_c.a(_writebuf.o)
 .ARM.attributes
                0x000005b7       0x2c c:/nxp/mcuxpressoide_11.4.0_6224/ide/plugins/com.nxp.mcuxpresso.tools.win32_11.4.0.202103011116/tools/bin/../lib/gcc/arm-none-eabi/10.2.1/../../../../arm-none-eabi/lib/thumb/v6-m/nofp\libcr_c.a(alloc.o)
 .ARM.attributes
                0x000005e3       0x2c c:/nxp/mcuxpressoide_11.4.0_6224/ide/plugins/com.nxp.mcuxpresso.tools.win32_11.4.0.202103011116/tools/bin/../lib/gcc/arm-none-eabi/10.2.1/../../../../arm-none-eabi/lib/thumb/v6-m/nofp\libcr_c.a(fputs.o)
 .ARM.attributes
                0x0000060f       0x2c c:/nxp/mcuxpressoide_11.4.0_6224/ide/plugins/com.nxp.mcuxpresso.tools.win32_11.4.0.202103011116/tools/bin/../lib/gcc/arm-none-eabi/10.2.1/../../../../arm-none-eabi/lib/thumb/v6-m/nofp\libcr_c.a(fseek.o)
 .ARM.attributes
                0x0000063b       0x2c c:/nxp/mcuxpressoide_11.4.0_6224/ide/plugins/com.nxp.mcuxpresso.tools.win32_11.4.0.202103011116/tools/bin/../lib/gcc/arm-none-eabi/10.2.1/../../../../arm-none-eabi/lib/thumb/v6-m/nofp\libcr_c.a(ftell.o)
 .ARM.attributes
                0x00000667       0x2c c:/nxp/mcuxpressoide_11.4.0_6224/ide/plugins/com.nxp.mcuxpresso.tools.win32_11.4.0.202103011116/tools/bin/../lib/gcc/arm-none-eabi/10.2.1/../../../../arm-none-eabi/lib/thumb/v6-m/nofp\libcr_c.a(initio.o)
 .ARM.attributes
                0x00000693       0x2c c:/nxp/mcuxpressoide_11.4.0_6224/ide/plugins/com.nxp.mcuxpresso.tools.win32_11.4.0.202103011116/tools/bin/../lib/gcc/arm-none-eabi/10.2.1/../../../../arm-none-eabi/lib/thumb/v6-m/nofp\libcr_c.a(setvbuf.o)
 .ARM.attributes
                0x000006bf       0x2c c:/nxp/mcuxpressoide_11.4.0_6224/ide/plugins/com.nxp.mcuxpresso.tools.win32_11.4.0.202103011116/tools/bin/../lib/gcc/arm-none-eabi/10.2.1/../../../../arm-none-eabi/lib/thumb/v6-m/nofp\libcr_c.a(strlen.o)
 .ARM.attributes
                0x000006eb       0x2c c:/nxp/mcuxpressoide_11.4.0_6224/ide/plugins/com.nxp.mcuxpresso.tools.win32_11.4.0.202103011116/tools/bin/../lib/gcc/arm-none-eabi/10.2.1/../../../../arm-none-eabi/lib/thumb/v6-m/nofp\libcr_c.a(__init_alloc.o)
 .ARM.attributes
                0x00000717       0x2c c:/nxp/mcuxpressoide_11.4.0_6224/ide/plugins/com.nxp.mcuxpresso.tools.win32_11.4.0.202103011116/tools/bin/../lib/gcc/arm-none-eabi/10.2.1/../../../../arm-none-eabi/lib/thumb/v6-m/nofp\libcr_c.a(_cr_sbrk.o)
 .ARM.attributes
                0x00000743       0x2c c:/nxp/mcuxpressoide_11.4.0_6224/ide/plugins/com.nxp.mcuxpresso.tools.win32_11.4.0.202103011116/tools/bin/../lib/gcc/arm-none-eabi/10.2.1/../../../../arm-none-eabi/lib/thumb/v6-m/nofp\libcr_c.a(_fdopen.o)
 .ARM.attributes
                0x0000076f       0x31 c:/nxp/mcuxpressoide_11.4.0_6224/ide/plugins/com.nxp.mcuxpresso.tools.win32_11.4.0.202103011116/tools/bin/../lib/gcc/arm-none-eabi/10.2.1/../../../../arm-none-eabi/lib/thumb/v6-m/nofp\libcr_c.a(errno.o)
 .ARM.attributes
                0x000007a0       0x2c c:/nxp/mcuxpressoide_11.4.0_6224/ide/plugins/com.nxp.mcuxpresso.tools.win32_11.4.0.202103011116/tools/bin/../lib/gcc/arm-none-eabi/10.2.1/../../../../arm-none-eabi/lib/thumb/v6-m/nofp\libcr_c.a(fclose.o)
 .ARM.attributes
                0x000007cc       0x2c c:/nxp/mcuxpressoide_11.4.0_6224/ide/plugins/com.nxp.mcuxpresso.tools.win32_11.4.0.202103011116/tools/bin/../lib/gcc/arm-none-eabi/10.2.1/../../../../arm-none-eabi/lib/thumb/v6-m/nofp\libcr_c.a(fflush.o)
 .ARM.attributes
                0x000007f8       0x2c c:/nxp/mcuxpressoide_11.4.0_6224/ide/plugins/com.nxp.mcuxpresso.tools.win32_11.4.0.202103011116/tools/bin/../lib/gcc/arm-none-eabi/10.2.1/../../../../arm-none-eabi/lib/thumb/v6-m/nofp\libcr_c.a(remove.o)
 .ARM.attributes
                0x00000824       0x2c c:/nxp/mcuxpressoide_11.4.0_6224/ide/plugins/com.nxp.mcuxpresso.tools.win32_11.4.0.202103011116/tools/bin/../lib/gcc/arm-none-eabi/10.2.1/../../../../arm-none-eabi/lib/thumb/v6-m/nofp\libcr_c.a(_cr_check_heap.o)
 .ARM.attributes
                0x00000850       0x2c c:/nxp/mcuxpressoide_11.4.0_6224/ide/plugins/com.nxp.mcuxpresso.tools.win32_11.4.0.202103011116/tools/bin/../lib/gcc/arm-none-eabi/10.2.1/../../../../arm-none-eabi/lib/thumb/v6-m/nofp\libcr_c.a(_do_fflush.o)
 .ARM.attributes
                0x0000087c       0x1c c:/nxp/mcuxpressoide_11.4.0_6224/ide/plugins/com.nxp.mcuxpresso.tools.win32_11.4.0.202103011116/tools/bin/../lib/gcc/arm-none-eabi/10.2.1/thumb/v6-m/nofp\libcr_eabihelpers.a(division_32.o)
 .ARM.attributes
                0x00000898       0x1c c:/nxp/mcuxpressoide_11.4.0_6224/ide/plugins/com.nxp.mcuxpresso.tools.win32_11.4.0.202103011116/tools/bin/../lib/gcc/arm-none-eabi/10.2.1/thumb/v6-m/nofp\libcr_eabihelpers.a(division_idiv0.o)
 .ARM.attributes
                0x000008b4       0x1c c:/nxp/mcuxpressoide_11.4.0_6224/ide/plugins/com.nxp.mcuxpresso.tools.win32_11.4.0.202103011116/tools/bin/../lib/gcc/arm-none-eabi/10.2.1/thumb/v6-m/nofp\libcr_eabihelpers.a(memcpy.o)
 .ARM.attributes
                0x000008d0       0x2c c:/nxp/mcuxpressoide_11.4.0_6224/ide/plugins/com.nxp.mcuxpresso.tools.win32_11.4.0.202103011116/tools/bin/../lib/gcc/arm-none-eabi/10.2.1/../../../../arm-none-eabi/lib/thumb/v6-m/nofp\libcr_nohost_nf.a(__sys_close.o)
 .ARM.attributes
                0x000008fc       0x2c c:/nxp/mcuxpressoide_11.4.0_6224/ide/plugins/com.nxp.mcuxpresso.tools.win32_11.4.0.202103011116/tools/bin/../lib/gcc/arm-none-eabi/10.2.1/../../../../arm-none-eabi/lib/thumb/v6-m/nofp\libcr_nohost_nf.a(__sys_flen.o)
 .ARM.attributes
                0x00000928       0x2c c:/nxp/mcuxpressoide_11.4.0_6224/ide/plugins/com.nxp.mcuxpresso.tools.win32_11.4.0.202103011116/tools/bin/../lib/gcc/arm-none-eabi/10.2.1/../../../../arm-none-eabi/lib/thumb/v6-m/nofp\libcr_nohost_nf.a(__sys_istty.o)
 .ARM.attributes
                0x00000954       0x2c c:/nxp/mcuxpressoide_11.4.0_6224/ide/plugins/com.nxp.mcuxpresso.tools.win32_11.4.0.202103011116/tools/bin/../lib/gcc/arm-none-eabi/10.2.1/../../../../arm-none-eabi/lib/thumb/v6-m/nofp\libcr_nohost_nf.a(__sys_remove.o)
 .ARM.attributes
                0x00000980       0x2c c:/nxp/mcuxpressoide_11.4.0_6224/ide/plugins/com.nxp.mcuxpresso.tools.win32_11.4.0.202103011116/tools/bin/../lib/gcc/arm-none-eabi/10.2.1/../../../../arm-none-eabi/lib/thumb/v6-m/nofp\libcr_nohost_nf.a(__sys_seek.o)
 .ARM.attributes
                0x000009ac       0x2c c:/nxp/mcuxpressoide_11.4.0_6224/ide/plugins/com.nxp.mcuxpresso.tools.win32_11.4.0.202103011116/tools/bin/../lib/gcc/arm-none-eabi/10.2.1/../../../../arm-none-eabi/lib/thumb/v6-m/nofp\libcr_nohost_nf.a(__sys_tmpnam.o)
 .ARM.attributes
                0x000009d8       0x2c c:/nxp/mcuxpressoide_11.4.0_6224/ide/plugins/com.nxp.mcuxpresso.tools.win32_11.4.0.202103011116/tools/bin/../lib/gcc/arm-none-eabi/10.2.1/../../../../arm-none-eabi/lib/thumb/v6-m/nofp\libcr_nohost_nf.a(__sys_write.o)

.debug_frame    0x00000000     0x2e00
 .debug_frame   0x00000000      0x114 ./utilities/fsl_debug_console.o
 .debug_frame   0x00000114      0x108 ./utilities/fsl_io.o
 .debug_frame   0x0000021c      0x108 ./utilities/fsl_log.o
 .debug_frame   0x00000324       0x94 ./utilities/fsl_str.o
 .debug_frame   0x000003b8      0x3b0 ./startup/startup_mkl46z4.o
 .debug_frame   0x00000768       0xf0 ./source/CtlSalidas.o
 .debug_frame   0x00000858       0x50 ./source/freertos_hello.o
 .debug_frame   0x000008a8       0x20 ./source/semihost_hardfault.o
 .debug_frame   0x000008c8       0x2c ./freertos/portable/fsl_tickless_systick.o
 .debug_frame   0x000008f4      0x6e0 ./drivers/fsl_clock.o
 .debug_frame   0x00000fd4      0x190 ./drivers/fsl_gpio.o
 .debug_frame   0x00001164      0x414 ./drivers/fsl_lpsci.o
 .debug_frame   0x00001578      0x464 ./drivers/fsl_uart.o
 .debug_frame   0x000019dc       0x50 ./board/src/board.o
 .debug_frame   0x00001a2c      0x100 ./board/src/clock_config.o
 .debug_frame   0x00001b2c       0x8c ./board/pin_mux.o
 .debug_frame   0x00001bb8       0xe4 ./amazon-freertos/FreeRTOS/portable/heap_4.o
 .debug_frame   0x00001c9c      0x158 ./amazon-freertos/FreeRTOS/portable/port.o
 .debug_frame   0x00001df4       0xb0 ./amazon-freertos/FreeRTOS/list.o
 .debug_frame   0x00001ea4      0x470 ./amazon-freertos/FreeRTOS/queue.o
 .debug_frame   0x00002314      0x77c ./amazon-freertos/FreeRTOS/tasks.o
 .debug_frame   0x00002a90      0x308 ./amazon-freertos/FreeRTOS/timers.o
 .debug_frame   0x00002d98       0x68 ./CMSIS/system_MKL46Z4.o

Cross Reference Table

Symbol                                            File
ADC0_DriverIRQHandler                             ./startup/startup_mkl46z4.o
ADC0_IRQHandler                                   ./startup/startup_mkl46z4.o
BOARD_BootClockRUN                                ./board/src/clock_config.o
                                                  ./source/freertos_hello.o
BOARD_BootClockVLPR                               ./board/src/clock_config.o
BOARD_InitBootClocks                              ./board/src/clock_config.o
BOARD_InitBootPins                                ./board/pin_mux.o
BOARD_InitDebugConsole                            ./board/src/board.o
                                                  ./source/freertos_hello.o
BOARD_InitPins                                    ./board/pin_mux.o
                                                  ./source/freertos_hello.o
CLOCK_BootToBlpeMode                              ./drivers/fsl_clock.o
CLOCK_BootToBlpiMode                              ./drivers/fsl_clock.o
                                                  ./board/src/clock_config.o
CLOCK_BootToFeeMode                               ./drivers/fsl_clock.o
CLOCK_BootToFeiMode                               ./drivers/fsl_clock.o
CLOCK_BootToPeeMode                               ./drivers/fsl_clock.o
                                                  ./board/src/clock_config.o
CLOCK_CalcPllDiv                                  ./drivers/fsl_clock.o
CLOCK_ClearStatusFlags                            ./drivers/fsl_clock.o
CLOCK_DeinitOsc0                                  ./drivers/fsl_clock.o
CLOCK_EnablePll0                                  ./drivers/fsl_clock.o
CLOCK_EnableUsbfs0Clock                           ./drivers/fsl_clock.o
CLOCK_ExternalModeToFbeModeQuick                  ./drivers/fsl_clock.o
CLOCK_GetBusClkFreq                               ./drivers/fsl_clock.o
CLOCK_GetCoreSysClkFreq                           ./drivers/fsl_clock.o
CLOCK_GetEr32kClkFreq                             ./drivers/fsl_clock.o
CLOCK_GetFixedFreqClkFreq                         ./drivers/fsl_clock.o
CLOCK_GetFlashClkFreq                             ./drivers/fsl_clock.o
CLOCK_GetFllFreq                                  ./drivers/fsl_clock.o
CLOCK_GetFreq                                     ./drivers/fsl_clock.o
CLOCK_GetInternalRefClkFreq                       ./drivers/fsl_clock.o
CLOCK_GetMode                                     ./drivers/fsl_clock.o
CLOCK_GetOsc0ErClkFreq                            ./drivers/fsl_clock.o
CLOCK_GetOutClkFreq                               ./drivers/fsl_clock.o
CLOCK_GetPlatClkFreq                              ./drivers/fsl_clock.o
CLOCK_GetPll0Freq                                 ./drivers/fsl_clock.o
CLOCK_GetPllFllSelClkFreq                         ./drivers/fsl_clock.o
                                                  ./board/src/board.o
CLOCK_GetStatusFlags                              ./drivers/fsl_clock.o
CLOCK_InitOsc0                                    ./drivers/fsl_clock.o
                                                  ./board/src/clock_config.o
CLOCK_InternalModeToFbiModeQuick                  ./drivers/fsl_clock.o
CLOCK_SetBlpeMode                                 ./drivers/fsl_clock.o
CLOCK_SetBlpiMode                                 ./drivers/fsl_clock.o
CLOCK_SetExternalRefClkConfig                     ./drivers/fsl_clock.o
CLOCK_SetFbeMode                                  ./drivers/fsl_clock.o
CLOCK_SetFbiMode                                  ./drivers/fsl_clock.o
CLOCK_SetFeeMode                                  ./drivers/fsl_clock.o
CLOCK_SetFeiMode                                  ./drivers/fsl_clock.o
CLOCK_SetInternalRefClkConfig                     ./drivers/fsl_clock.o
                                                  ./board/src/clock_config.o
CLOCK_SetMcgConfig                                ./drivers/fsl_clock.o
CLOCK_SetOsc0MonitorMode                          ./drivers/fsl_clock.o
CLOCK_SetPbeMode                                  ./drivers/fsl_clock.o
CLOCK_SetPeeMode                                  ./drivers/fsl_clock.o
CLOCK_SetPll0MonitorMode                          ./drivers/fsl_clock.o
CLOCK_SetSimConfig                                ./drivers/fsl_clock.o
                                                  ./board/src/clock_config.o
CLOCK_TrimInternalRefClk                          ./drivers/fsl_clock.o
CMP0_DriverIRQHandler                             ./startup/startup_mkl46z4.o