Archive member included to satisfy reference by file (symbol)

c:/nxp/mcuxpressoide_11.4.0_6237/ide/plugins/com.nxp.mcuxpresso.tools.win32_11.4.0.202103011116/tools/bin/../lib/gcc/arm-none-eabi/10.2.1/../../../../arm-none-eabi/lib/thumb/v6-m/nofp\libcr_nohost_nf.a(_cr__main.o)
                              ./startup/startup_mkl46z4.o (__main)
c:/nxp/mcuxpressoide_11.4.0_6237/ide/plugins/com.nxp.mcuxpresso.tools.win32_11.4.0.202103011116/tools/bin/../lib/gcc/arm-none-eabi/10.2.1/../../../../arm-none-eabi/lib/thumb/v6-m/nofp\libcr_nohost_nf.a(_cr_assert.o)
                              ./utilities/fsl_debug_console.o (__assertion_failed)
c:/nxp/mcuxpressoide_11.4.0_6237/ide/plugins/com.nxp.mcuxpresso.tools.win32_11.4.0.202103011116/tools/bin/../lib/gcc/arm-none-eabi/10.2.1/../../../../arm-none-eabi/lib/thumb/v6-m/nofp\libcr_nohost_nf.a(__ciob.o)
                              c:/nxp/mcuxpressoide_11.4.0_6237/ide/plugins/com.nxp.mcuxpresso.tools.win32_11.4.0.202103011116/tools/bin/../lib/gcc/arm-none-eabi/10.2.1/../../../../arm-none-eabi/lib/thumb/v6-m/nofp\libcr_nohost_nf.a(_cr_assert.o) (__Ciob)
c:/nxp/mcuxpressoide_11.4.0_6237/ide/plugins/com.nxp.mcuxpresso.tools.win32_11.4.0.202103011116/tools/bin/../lib/gcc/arm-none-eabi/10.2.1/../../../../arm-none-eabi/lib/thumb/v6-m/nofp\libcr_nohost_nf.a(__sys_appexit.o)
                              c:/nxp/mcuxpressoide_11.4.0_6237/ide/plugins/com.nxp.mcuxpresso.tools.win32_11.4.0.202103011116/tools/bin/../lib/gcc/arm-none-eabi/10.2.1/../../../../arm-none-eabi/lib/thumb/v6-m/nofp\libcr_nohost_nf.a(_cr_assert.o) (__sys_appexit)
c:/nxp/mcuxpressoide_11.4.0_6237/ide/plugins/com.nxp.mcuxpresso.tools.win32_11.4.0.202103011116/tools/bin/../lib/gcc/arm-none-eabi/10.2.1/../../../../arm-none-eabi/lib/thumb/v6-m/nofp\libcr_c.a(memcpy.o)
                              ./drivers/fsl_ftfx_cache.o (memcpy)
c:/nxp/mcuxpressoide_11.4.0_6237/ide/plugins/com.nxp.mcuxpresso.tools.win32_11.4.0.202103011116/tools/bin/../lib/gcc/arm-none-eabi/10.2.1/../../../../arm-none-eabi/lib/thumb/v6-m/nofp\libcr_c.a(memset.o)
                              ./utilities/fsl_debug_console.o (memset)
c:/nxp/mcuxpressoide_11.4.0_6237/ide/plugins/com.nxp.mcuxpresso.tools.win32_11.4.0.202103011116/tools/bin/../lib/gcc/arm-none-eabi/10.2.1/../../../../arm-none-eabi/lib/thumb/v6-m/nofp\libcr_c.a(_deferredlazyseek.o)
                              c:/nxp/mcuxpressoide_11.4.0_6237/ide/plugins/com.nxp.mcuxpresso.tools.win32_11.4.0.202103011116/tools/bin/../lib/gcc/arm-none-eabi/10.2.1/../../../../arm-none-eabi/lib/thumb/v6-m/nofp\libcr_nohost_nf.a(_cr_assert.o) (__flsbuf)
c:/nxp/mcuxpressoide_11.4.0_6237/ide/plugins/com.nxp.mcuxpresso.tools.win32_11.4.0.202103011116/tools/bin/../lib/gcc/arm-none-eabi/10.2.1/../../../../arm-none-eabi/lib/thumb/v6-m/nofp\libcr_c.a(_fflush.o)
                              c:/nxp/mcuxpressoide_11.4.0_6237/ide/plugins/com.nxp.mcuxpresso.tools.win32_11.4.0.202103011116/tools/bin/../lib/gcc/arm-none-eabi/10.2.1/../../../../arm-none-eabi/lib/thumb/v6-m/nofp\libcr_c.a(_deferredlazyseek.o) (_fflush)
c:/nxp/mcuxpressoide_11.4.0_6237/ide/plugins/com.nxp.mcuxpresso.tools.win32_11.4.0.202103011116/tools/bin/../lib/gcc/arm-none-eabi/10.2.1/../../../../arm-none-eabi/lib/thumb/v6-m/nofp\libcr_c.a(_writebuf.o)
                              c:/nxp/mcuxpressoide_11.4.0_6237/ide/plugins/com.nxp.mcuxpresso.tools.win32_11.4.0.202103011116/tools/bin/../lib/gcc/arm-none-eabi/10.2.1/../../../../arm-none-eabi/lib/thumb/v6-m/nofp\libcr_c.a(_deferredlazyseek.o) (_Cwritebuf)
c:/nxp/mcuxpressoide_11.4.0_6237/ide/plugins/com.nxp.mcuxpresso.tools.win32_11.4.0.202103011116/tools/bin/../lib/gcc/arm-none-eabi/10.2.1/../../../../arm-none-eabi/lib/thumb/v6-m/nofp\libcr_c.a(alloc.o)
                              ./drivers/fsl_common.o (malloc)
c:/nxp/mcuxpressoide_11.4.0_6237/ide/plugins/com.nxp.mcuxpresso.tools.win32_11.4.0.202103011116/tools/bin/../lib/gcc/arm-none-eabi/10.2.1/../../../../arm-none-eabi/lib/thumb/v6-m/nofp\libcr_c.a(fputs.o)
                              c:/nxp/mcuxpressoide_11.4.0_6237/ide/plugins/com.nxp.mcuxpresso.tools.win32_11.4.0.202103011116/tools/bin/../lib/gcc/arm-none-eabi/10.2.1/../../../../arm-none-eabi/lib/thumb/v6-m/nofp\libcr_nohost_nf.a(_cr_assert.o) (fputs)
c:/nxp/mcuxpressoide_11.4.0_6237/ide/plugins/com.nxp.mcuxpresso.tools.win32_11.4.0.202103011116/tools/bin/../lib/gcc/arm-none-eabi/10.2.1/../../../../arm-none-eabi/lib/thumb/v6-m/nofp\libcr_c.a(fseek.o)
                              c:/nxp/mcuxpressoide_11.4.0_6237/ide/plugins/com.nxp.mcuxpresso.tools.win32_11.4.0.202103011116/tools/bin/../lib/gcc/arm-none-eabi/10.2.1/../../../../arm-none-eabi/lib/thumb/v6-m/nofp\libcr_c.a(_deferredlazyseek.o) (fseek)
c:/nxp/mcuxpressoide_11.4.0_6237/ide/plugins/com.nxp.mcuxpresso.tools.win32_11.4.0.202103011116/tools/bin/../lib/gcc/arm-none-eabi/10.2.1/../../../../arm-none-eabi/lib/thumb/v6-m/nofp\libcr_c.a(ftell.o)
[...]
Memory Configuration

Name             Origin             Length             Attributes
PROGRAM_FLASH    0x00000000         0x00040000         xr
SRAM             0x1fffe000         0x00008000         xrw
*default*        0x00000000         0xffffffff

Linker script and memory map

LOAD ./utilities/fsl_assert.o
LOAD ./utilities/fsl_debug_console.o
LOAD ./utilities/fsl_io.o
LOAD ./utilities/fsl_log.o
LOAD ./utilities/fsl_str.o
LOAD ./startup/startup_mkl46z4.o
LOAD ./source/CtlSalidas.o
LOAD ./source/freertos_hello.o
LOAD ./source/mtb.o
LOAD ./source/semihost_hardfault.o
LOAD ./freertos/portable/fsl_tickless_systick.o
LOAD ./drivers/fsl_clock.o
LOAD ./drivers/fsl_common.o
LOAD ./drivers/fsl_ftfx_cache.o
LOAD ./drivers/fsl_ftfx_controller.o
LOAD ./drivers/fsl_ftfx_flash.o
LOAD ./drivers/fsl_ftfx_flexnvm.o
LOAD ./drivers/fsl_gpio.o
LOAD ./drivers/fsl_lpsci.o
LOAD ./drivers/fsl_smc.o
LOAD ./drivers/fsl_uart.o
LOAD ./board/src/board.o
LOAD ./board/src/clock_config.o
LOAD ./board/pin_mux.o
LOAD ./amazon-freertos/FreeRTOS/portable/heap_4.o
LOAD ./amazon-freertos/FreeRTOS/portable/port.o
LOAD ./amazon-freertos/FreeRTOS/event_groups.o
LOAD ./amazon-freertos/FreeRTOS/list.o
LOAD ./amazon-freertos/FreeRTOS/queue.o
LOAD ./amazon-freertos/FreeRTOS/stream_buffer.o
LOAD ./amazon-freertos/FreeRTOS/tasks.o
LOAD ./amazon-freertos/FreeRTOS/timers.o
LOAD ./CMSIS/system_MKL46Z4.o
START GROUP
LOAD c:/nxp/mcuxpressoide_11.4.0_6237/ide/plugins/com.nxp.mcuxpresso.tools.win32_11.4.0.202103011116/tools/bin/../lib/gcc/arm-none-eabi/10.2.1/../../../../arm-none-eabi/lib/thumb/v6-m/nofp\libcr_nohost_nf.a
LOAD c:/nxp/mcuxpressoide_11.4.0_6237/ide/plugins/com.nxp.mcuxpresso.tools.win32_11.4.0.202103011116/tools/bin/../lib/gcc/arm-none-eabi/10.2.1/../../../../arm-none-eabi/lib/thumb/v6-m/nofp\libcr_c.a
LOAD c:/nxp/mcuxpressoide_11.4.0_6237/ide/plugins/com.nxp.mcuxpresso.tools.win32_11.4.0.202103011116/tools/bin/../lib/gcc/arm-none-eabi/10.2.1/thumb/v6-m/nofp\libcr_eabihelpers.a
LOAD c:/nxp/mcuxpressoide_11.4.0_6237/ide/plugins/com.nxp.mcuxpresso.tools.win32_11.4.0.202103011116/tools/bin/../lib/gcc/arm-none-eabi/10.2.1/thumb/v6-m/nofp\libgcc.a
END GROUP
                0x00000000                __base_PROGRAM_FLASH = 0x0
                0x00000000                __base_Flash = 0x0
                0x00040000                __top_PROGRAM_FLASH = 0x40000
                0x00040000                __top_Flash = 0x40000
                0x1fffe000                __base_SRAM = 0x1fffe000
                0x1fffe000                __base_RAM = 0x1fffe000
                0x20006000                __top_SRAM = 0x20006000
                0x20006000                __top_RAM = 0x20006000

.text           0x00000000     0x6708
 FILL mask 0xff
                0x00000000                __vectors_start__ = ABSOLUTE (.)
 *(SORT_BY_ALIGNMENT(.isr_vector))
 .isr_vector    0x00000000       0xc0 ./startup/startup_mkl46z4.o
                0x00000000                g_pfnVectors
                0x00000000                __Vectors
                0x000000c0                . = ALIGN (0x4)
                0x000000c0                __section_table_start = .
                0x000000c0                __data_section_table = .
                0x000000c0        0x4 LONG 0x6708 LOADADDR (.data)
                0x000000c4        0x4 LONG 0x1fffe080 ADDR (.data)
                0x000000c8        0x4 LONG 0x44 SIZEOF (.data)
                0x000000cc                __data_section_table_end = .
                0x000000cc                __bss_section_table = .
                0x000000cc        0x4 LONG 0x1fffe0c4 ADDR (.bss)
                0x000000d0        0x4 LONG 0x2c84 SIZEOF (.bss)
                0x000000d4                __bss_section_table_end = .
                0x000000d4                __section_table_end = .
 *(SORT_BY_ALIGNMENT(.after_vectors*))
 .after_vectors.reset
                0x000000d4       0x4c ./startup/startup_mkl46z4.o
                0x000000d4                ResetISR
 .after_vectors.init_data
                0x00000120       0x12 ./startup/startup_mkl46z4.o
                0x00000120                data_init
 .after_vectors.init_bss
                0x00000132       0x10 ./startup/startup_mkl46z4.o
                0x00000132                bss_init
 .after_vectors
                0x00000142      0x10c ./startup/startup_mkl46z4.o
                0x00000142                NMI_Handler
                0x0000014c                DMA0_DriverIRQHandler
                0x0000014c                SPI1_DriverIRQHandler
                0x0000014c                LPTMR0_DriverIRQHandler
                0x0000014c                PORTC_PORTD_DriverIRQHandler
                0x0000014c                I2C0_DriverIRQHandler
                0x0000014c                PIT_DriverIRQHandler
                0x0000014c                DMA2_DriverIRQHandler
                0x0000014c                CMP0_DriverIRQHandler
                0x0000014c                I2S0_DriverIRQHandler
                0x0000014c                ADC0_DriverIRQHandler
                0x0000014c                TPM2_DriverIRQHandler
                0x0000014c                SPI0_DriverIRQHandler
                0x0000014c                I2C1_DriverIRQHandler
                0x0000014c                DMA3_DriverIRQHandler
                0x0000014c                TSI0_DriverIRQHandler
                0x0000014c                RTC_Seconds_DriverIRQHandler
                0x0000014c                DMA1_DriverIRQHandler
                0x0000014c                LCD_DriverIRQHandler
                0x0000014c                LLWU_DriverIRQHandler
                0x0000014c                MCG_DriverIRQHandler
                0x0000014c                RTC_DriverIRQHandler
                0x0000014c                TPM1_DriverIRQHandler
                0x0000014c                FTFA_DriverIRQHandler
                0x0000014c                IntDefaultHandler
                0x0000014c                USB0_DriverIRQHandler
                0x0000014c                DAC0_DriverIRQHandler
                0x0000014c                LVD_LVW_DriverIRQHandler
                0x0000014c                TPM0_DriverIRQHandler
                0x0000014c                PORTA_DriverIRQHandler
                0x0000014c                Reserved20_DriverIRQHandler
                0x0000014e                DMA0_IRQHandler
                0x00000156                DMA1_IRQHandler
                0x0000015e                DMA2_IRQHandler
                0x00000166                DMA3_IRQHandler
                0x0000016e                Reserved20_IRQHandler
                0x00000176                FTFA_IRQHandler
                0x0000017e                LVD_LVW_IRQHandler
                0x00000186                LLWU_IRQHandler
                0x0000018e                I2C0_IRQHandler
                0x00000196                I2C1_IRQHandler
                0x0000019e                SPI0_IRQHandler
                0x000001a6                SPI1_IRQHandler
                0x000001ae                UART0_IRQHandler
                0x000001be                UART2_IRQHandler
                0x000001c6                ADC0_IRQHandler
                0x000001ce                CMP0_IRQHandler
                0x000001d6                TPM0_IRQHandler
                0x000001de                TPM1_IRQHandler
                0x000001e6                TPM2_IRQHandler
                0x000001ee                RTC_IRQHandler
                0x000001f6                RTC_Seconds_IRQHandler
                0x000001fe                PIT_IRQHandler
                0x00000206                I2S0_IRQHandler
                0x0000020e                USB0_IRQHandler
                0x00000216                DAC0_IRQHandler
                0x0000021e                TSI0_IRQHandler
                0x00000226                MCG_IRQHandler
                0x0000022e                LPTMR0_IRQHandler
                0x00000236                LCD_IRQHandler
                0x0000023e                PORTA_IRQHandler
                0x00000246                PORTC_PORTD_IRQHandler
                0x00000400                . = 0x400
 *fill*         0x0000024e      0x1b2 ff
                0x00000400                PROVIDE (__FLASH_CONFIG_START__ = .)
 *(SORT_BY_ALIGNMENT(.FlashConfig))
 .FlashConfig   0x00000400       0x10 ./startup/startup_mkl46z4.o
                0x00000400                Flash_Config
                0x00000410                PROVIDE (__FLASH_CONFIG_END__ = .)
                0x00000001                ASSERT (! ((__FLASH_CONFIG_START__ == __FLASH_CONFIG_END__)), Linker Flash Config Support Enabled, but no .FlashConfig section provided within application)
 *(SORT_BY_ALIGNMENT(.text*))
 .text.vPortStartFirstTask
                0x00000410       0x38 ./amazon-freertos/FreeRTOS/portable/port.o
 *fill*         0x00000448        0x8 ff
 .text.PendSV_Handler
                0x00000450       0x48 ./amazon-freertos/FreeRTOS/portable/port.o
                0x00000450                PendSV_Handler
 .text.DbgConsole_Init
                0x00000498       0x40 ./utilities/fsl_debug_console.o
                0x00000498                DbgConsole_Init
 .text.DbgConsole_Printf
                0x000004d8       0x98 ./utilities/fsl_debug_console.o
                0x000004d8                DbgConsole_Printf
 .text.IO_Init  0x00000570       0xc8 ./utilities/fsl_io.o
                0x00000570                IO_Init
 .text.IO_Transfer
                0x00000638       0x94 ./utilities/fsl_io.o
                0x00000638                IO_Transfer
 .text.LOG_Push
                0x000006cc       0x34 ./utilities/fsl_log.o
                0x000006cc                LOG_Push
 .text.CSal_Inicie
                0x00000700       0xc4 ./source/CtlSalidas.o
                0x00000700                CSal_Inicie
 .text.CSal_Procese
                0x000007c4      0x604 ./source/CtlSalidas.o
                0x000007c4                CSal_Procese
 .text.__NVIC_EnableIRQ
                0x00000dc8       0x34 ./source/freertos_hello.o
 .text.UART1_IRQHandler
                0x00000dfc       0x64 ./source/freertos_hello.o
                0x00000dfc                UART1_IRQHandler
 .text.main     0x00000e60       0xbc ./source/freertos_hello.o
                0x00000e60                main
 .text.hello_task
                0x00000f1c       0x60 ./source/freertos_hello.o
 .text.HardFault_Handler
                0x00000f7c       0x30 ./source/semihost_hardfault.o
                0x00000f7c                HardFault_Handler
 .text.prvSetupTimerInterrupt
                0x00000fac       0x3c ./freertos/portable/fsl_tickless_systick.o
                0x00000fac                prvSetupTimerInterrupt
 .text.CLOCK_SetEr32kClock
                0x00000fe8       0x34 ./drivers/fsl_clock.o
 .text.CLOCK_SetPllFllSelClock
                0x0000101c       0x38 ./drivers/fsl_clock.o
 .text.CLOCK_GetMcgExtClkFreq
                0x00001054       0x28 ./drivers/fsl_clock.o
 .text.CLOCK_GetFllExtRefClkFreq
                0x0000107c       0xa8 ./drivers/fsl_clock.o
 .text.CLOCK_GetInternalRefClkSelectFreq
                0x00001124       0x40 ./drivers/fsl_clock.o
 .text.CLOCK_GetFllRefClkFreq
                0x00001164       0x2c ./drivers/fsl_clock.o
 .text.CLOCK_GetOscRangeFromFreq
                0x00001190       0x4c ./drivers/fsl_clock.o
 .text.CLOCK_GetOsc0ErClkFreq
                0x000011dc       0x3c ./drivers/fsl_clock.o
                0x000011dc                CLOCK_GetOsc0ErClkFreq
 .text.CLOCK_GetEr32kClkFreq
                0x00001218       0x78 ./drivers/fsl_clock.o
                0x00001218                CLOCK_GetEr32kClkFreq
 .text.CLOCK_GetPllFllSelClkFreq
                0x00001290       0x4c ./drivers/fsl_clock.o
                0x00001290                CLOCK_GetPllFllSelClkFreq
 .text.CLOCK_GetFreq
                0x000012dc       0xe0 ./drivers/fsl_clock.o
                0x000012dc                CLOCK_GetFreq
 .text.CLOCK_SetSimConfig
                0x000013bc       0x38 ./drivers/fsl_clock.o
                0x000013bc                CLOCK_SetSimConfig
 .text.CLOCK_GetOutClkFreq
                0x000013f4       0x78 ./drivers/fsl_clock.o
                0x000013f4                CLOCK_GetOutClkFreq
 .text.CLOCK_GetFllFreq
                0x0000146c       0x84 ./drivers/fsl_clock.o
                0x0000146c                CLOCK_GetFllFreq
 .text.CLOCK_GetInternalRefClkFreq
                0x000014f0       0x28 ./drivers/fsl_clock.o
                0x000014f0                CLOCK_GetInternalRefClkFreq
 .text.CLOCK_GetPll0Freq
                0x00001518       0x70 ./drivers/fsl_clock.o
                0x00001518                CLOCK_GetPll0Freq
 .text.CLOCK_SetInternalRefClkConfig
                0x00001588      0x124 ./drivers/fsl_clock.o
                0x00001588                CLOCK_SetInternalRefClkConfig
 .text.CLOCK_EnablePll0
                0x000016ac       0x94 ./drivers/fsl_clock.o
                0x000016ac                CLOCK_EnablePll0
 .text.CLOCK_InitOsc0
                0x00001740       0x94 ./drivers/fsl_clock.o
                0x00001740                CLOCK_InitOsc0
 .text.CLOCK_SetPbeMode
                0x000017d4       0xb0 ./drivers/fsl_clock.o
                0x000017d4                CLOCK_SetPbeMode
 .text.CLOCK_BootToPeeMode
                0x00001884       0x70 ./drivers/fsl_clock.o
                0x00001884                CLOCK_BootToPeeMode
 .text.GPIO_PinInit
                0x000018f4       0x64 ./drivers/fsl_gpio.o
                0x000018f4                GPIO_PinInit
 .text.CLOCK_EnableClock
                0x00001958       0x34 ./drivers/fsl_lpsci.o
 .text.LPSCI_GetInstance
                0x0000198c       0x48 ./drivers/fsl_lpsci.o
                0x0000198c                LPSCI_GetInstance
 .text.LPSCI_Init
                0x000019d4      0x270 ./drivers/fsl_lpsci.o
                0x000019d4                LPSCI_Init
 .text.LPSCI_GetDefaultConfig
                0x00001c44       0x48 ./drivers/fsl_lpsci.o
                0x00001c44                LPSCI_GetDefaultConfig
 .text.LPSCI_ClearStatusFlags
                0x00001c8c       0x94 ./drivers/fsl_lpsci.o
                0x00001c8c                LPSCI_ClearStatusFlags
 .text.LPSCI_WriteBlocking
                0x00001d20       0x4c ./drivers/fsl_lpsci.o
                0x00001d20                LPSCI_WriteBlocking
 .text.LPSCI_ReadBlocking
                0x00001d6c       0xc0 ./drivers/fsl_lpsci.o
                0x00001d6c                LPSCI_ReadBlocking
 .text.UART0_DriverIRQHandler
                0x00001e2c       0x24 ./drivers/fsl_lpsci.o
                0x00001e2c                UART0_DriverIRQHandler
 .text.CLOCK_EnableClock
                0x00001e50       0x34 ./drivers/fsl_uart.o
 .text.UART_GetInstance
                0x00001e84       0x54 ./drivers/fsl_uart.o
                0x00001e84                UART_GetInstance
 .text.UART_Init
                0x00001ed8      0x1f8 ./drivers/fsl_uart.o
                0x00001ed8                UART_Init
 .text.UART_GetDefaultConfig
                0x000020d0       0x48 ./drivers/fsl_uart.o
                0x000020d0                UART_GetDefaultConfig
 .text.UART_EnableInterrupts
                0x00002118       0x58 ./drivers/fsl_uart.o
                0x00002118                UART_EnableInterrupts
 .text.UART_DisableInterrupts
                0x00002170       0x64 ./drivers/fsl_uart.o
                0x00002170                UART_DisableInterrupts
 .text.UART_ReadBlocking
                0x000021d4       0x98 ./drivers/fsl_uart.o
                0x000021d4                UART_ReadBlocking
 .text.UART1_DriverIRQHandler
                0x0000226c       0x24 ./drivers/fsl_uart.o
                0x0000226c                UART1_DriverIRQHandler
 .text.UART2_DriverIRQHandler
                0x00002290       0x24 ./drivers/fsl_uart.o
                0x00002290                UART2_DriverIRQHandler
 .text.CLOCK_SetLpsci0Clock
                0x000022b4       0x38 ./board/src/board.o
 .text.BOARD_InitDebugConsole
                0x000022ec       0x30 ./board/src/board.o
                0x000022ec                BOARD_InitDebugConsole
 .text.CLOCK_SetSimSafeDivs
                0x0000231c       0x20 ./board/src/clock_config.o
 .text.CLOCK_SetXtal0Freq
                0x0000233c       0x1c ./board/src/clock_config.o
 .text.CLOCK_CONFIG_SetFllExtRefDiv
                0x00002358       0x3c ./board/src/clock_config.o
 .text.BOARD_BootClockRUN
                0x00002394       0x64 ./board/src/clock_config.o
                0x00002394                BOARD_BootClockRUN
 .text.CLOCK_EnableClock
                0x000023f8       0x34 ./board/pin_mux.o
 .text.PORT_SetPinMux
                0x0000242c       0x40 ./board/pin_mux.o
 .text.BOARD_InitPins
                0x0000246c      0x5b4 ./board/pin_mux.o
                0x0000246c                BOARD_InitPins
 .text.pvPortMalloc
                0x00002a20      0x14c ./amazon-freertos/FreeRTOS/portable/heap_4.o
                0x00002a20                pvPortMalloc
 .text.vPortFree
                0x00002b6c       0x90 ./amazon-freertos/FreeRTOS/portable/heap_4.o
                0x00002b6c                vPortFree
 .text.prvHeapInit
                0x00002bfc       0xc0 ./amazon-freertos/FreeRTOS/portable/heap_4.o
 .text.prvInsertBlockIntoFreeList
                0x00002cbc       0xb0 ./amazon-freertos/FreeRTOS/portable/heap_4.o
 .text.pxPortInitialiseStack
                0x00002d6c       0x54 ./amazon-freertos/FreeRTOS/portable/port.o
                0x00002d6c                pxPortInitialiseStack
 .text.prvTaskExitError
                0x00002dc0       0x30 ./amazon-freertos/FreeRTOS/portable/port.o
 .text.xPortStartScheduler
                0x00002df0       0x48 ./amazon-freertos/FreeRTOS/portable/port.o
                0x00002df0                xPortStartScheduler
 .text.vPortYield
                0x00002e38       0x20 ./amazon-freertos/FreeRTOS/portable/port.o
                0x00002e38                vPortYield
 .text.vPortEnterCritical
                0x00002e58       0x24 ./amazon-freertos/FreeRTOS/portable/port.o
                0x00002e58                vPortEnterCritical
 .text.vPortExitCritical
                0x00002e7c       0x30 ./amazon-freertos/FreeRTOS/portable/port.o
                0x00002e7c                vPortExitCritical
 .text.SysTick_Handler
                0x00002eac       0x34 ./amazon-freertos/FreeRTOS/portable/port.o
                0x00002eac                SysTick_Handler
 .text.vQueueAddToRegistry
                0x00002ee0       0x50 ./amazon-freertos/FreeRTOS/queue.o
                0x00002ee0                vQueueAddToRegistry
 .text.prvInitialiseNewTask
                0x00002f30      0x12c ./amazon-freertos/FreeRTOS/tasks.o
 .text.prvAddNewTaskToReadyList
                0x0000305c       0xd0 ./amazon-freertos/FreeRTOS/tasks.o
 .text.vTaskDelayUntil
                0x0000312c       0xb8 ./amazon-freertos/FreeRTOS/tasks.o
                0x0000312c                vTaskDelayUntil
 .text.vTaskStartScheduler
                0x000031e4       0x78 ./amazon-freertos/FreeRTOS/tasks.o
                0x000031e4                vTaskStartScheduler
 .text.vTaskSuspendAll
                0x0000325c       0x18 ./amazon-freertos/FreeRTOS/tasks.o
                0x0000325c                vTaskSuspendAll
 .text.xTaskResumeAll
                0x00003274      0x118 ./amazon-freertos/FreeRTOS/tasks.o
                0x00003274                xTaskResumeAll
 .text.xTaskGetTickCount
                0x0000338c       0x1c ./amazon-freertos/FreeRTOS/tasks.o
                0x0000338c                xTaskGetTickCount
 .text.xTaskIncrementTick
                0x000033a8      0x14c ./amazon-freertos/FreeRTOS/tasks.o
                0x000033a8                xTaskIncrementTick
 .text.vTaskSwitchContext
                0x000034f4       0xa4 ./amazon-freertos/FreeRTOS/tasks.o
                0x000034f4                vTaskSwitchContext
 .text.vTaskPlaceOnEventList
                0x00003598       0x3c ./amazon-freertos/FreeRTOS/tasks.o
                0x00003598                vTaskPlaceOnEventList
 .text.vTaskPlaceOnEventListRestricted
                0x000035d4       0x4c ./amazon-freertos/FreeRTOS/tasks.o
                0x000035d4                vTaskPlaceOnEventListRestricted
 .text.xTaskRemoveFromEventList
                0x00003620       0xb8 ./amazon-freertos/FreeRTOS/tasks.o
                0x00003620                xTaskRemoveFromEventList
 .text.vTaskInternalSetTimeOutState
                0x000036d8       0x28 ./amazon-freertos/FreeRTOS/tasks.o
                0x000036d8                vTaskInternalSetTimeOutState
 .text.xTaskCheckForTimeOut
                0x00003700       0xa0 ./amazon-freertos/FreeRTOS/tasks.o
                0x00003700                xTaskCheckForTimeOut
 .text.vTaskMissedYield
                0x000037a0       0x14 ./amazon-freertos/FreeRTOS/tasks.o
                0x000037a0                vTaskMissedYield
 .text.prvIdleTask
                0x000037b4       0x20 ./amazon-freertos/FreeRTOS/tasks.o
 .text.prvInitialiseTaskLists
                0x000037d4       0x88 ./amazon-freertos/FreeRTOS/tasks.o
 .text.prvCheckTasksWaitingTermination
                0x0000385c       0x5c ./amazon-freertos/FreeRTOS/tasks.o
 .text.prvResetNextTaskUnblockTime
                0x000038b8       0x48 ./amazon-freertos/FreeRTOS/tasks.o
 .text.xTaskGetSchedulerState
                0x00003900       0x38 ./amazon-freertos/FreeRTOS/tasks.o
                0x00003900                xTaskGetSchedulerState
 .text.xTaskPriorityInherit
                0x00003938       0xdc ./amazon-freertos/FreeRTOS/tasks.o
                0x00003938                xTaskPriorityInherit
 .text.xTaskPriorityDisinherit
                0x00003a14       0xb8 ./amazon-freertos/FreeRTOS/tasks.o
                0x00003a14                xTaskPriorityDisinherit
 .text.vTaskPriorityDisinheritAfterTimeout
                0x00003acc       0xe8 ./amazon-freertos/FreeRTOS/tasks.o
                0x00003acc                vTaskPriorityDisinheritAfterTimeout
 .text.pvTaskIncrementMutexHeldCount
                0x00003bb4       0x24 ./amazon-freertos/FreeRTOS/tasks.o
                0x00003bb4                pvTaskIncrementMutexHeldCount
 .text.xTaskGenericNotify
                0x00003bd8      0x118 ./amazon-freertos/FreeRTOS/tasks.o
                0x00003bd8                xTaskGenericNotify
 .text.xTaskGenericNotifyFromISR
                0x00003cf0      0x154 ./amazon-freertos/FreeRTOS/tasks.o
                0x00003cf0                xTaskGenericNotifyFromISR
 .text.prvAddCurrentTaskToDelayedList
                0x00003e44       0xa8 ./amazon-freertos/FreeRTOS/tasks.o
 .text.xTimerCreateTimerTask
                0x00003eec       0x54 ./amazon-freertos/FreeRTOS/timers.o
                0x00003eec                xTimerCreateTimerTask
 .text.xTimerGenericCommand
                0x00003f40       0x94 ./amazon-freertos/FreeRTOS/timers.o
                0x00003f40                xTimerGenericCommand
 .text.prvProcessExpiredTimer
                0x00003fd4       0x70 ./amazon-freertos/FreeRTOS/timers.o
 .text.prvProcessTimerOrBlockTask
                0x00004044       0x8c ./amazon-freertos/FreeRTOS/timers.o
 .text.prvGetNextExpireTime
                0x000040d0       0x40 ./amazon-freertos/FreeRTOS/timers.o
 .text.prvSampleTimeNow
                0x00004110       0x40 ./amazon-freertos/FreeRTOS/timers.o
 .text.prvInsertTimerInActiveList
                0x00004150       0x84 ./amazon-freertos/FreeRTOS/timers.o
 .text.prvProcessReceivedCommands
                0x000041d4      0x128 ./amazon-freertos/FreeRTOS/timers.o
 .text.prvSwitchTimerLists
                0x000042fc       0xb4 ./amazon-freertos/FreeRTOS/timers.o
 .text.prvCheckForValidListAndQueue
                0x000043b0       0x74 ./amazon-freertos/FreeRTOS/timers.o
 .text.SystemInit
                0x00004424       0x1c ./CMSIS/system_MKL46Z4.o
                0x00004424                SystemInit
 .text.__assertion_failed
                0x00004440       0x4c c:/nxp/mcuxpressoide_11.4.0_6237/ide/plugins/com.nxp.mcuxpresso.tools.win32_11.4.0.202103011116/tools/bin/../lib/gcc/arm-none-eabi/10.2.1/../../../../arm-none-eabi/lib/thumb/v6-m/nofp\libcr_nohost_nf.a(_cr_assert.o)
                0x00004440                __assertion_failed
 .text._deferredlazyseek
                0x0000448c       0x40 c:/nxp/mcuxpressoide_11.4.0_6237/ide/plugins/com.nxp.mcuxpresso.tools.win32_11.4.0.202103011116/tools/bin/../lib/gcc/arm-none-eabi/10.2.1/../../../../arm-none-eabi/lib/thumb/v6-m/nofp\libcr_c.a(_deferredlazyseek.o)
                0x0000448c                _deferredlazyseek
 .text.__flsbuf
                0x000044cc      0x150 c:/nxp/mcuxpressoide_11.4.0_6237/ide/plugins/com.nxp.mcuxpresso.tools.win32_11.4.0.202103011116/tools/bin/../lib/gcc/arm-none-eabi/10.2.1/../../../../arm-none-eabi/lib/thumb/v6-m/nofp\libcr_c.a(_deferredlazyseek.o)
                0x000044cc                __flsbuf
 .text._fflush  0x0000461c       0x60 c:/nxp/mcuxpressoide_11.4.0_6237/ide/plugins/com.nxp.mcuxpresso.tools.win32_11.4.0.202103011116/tools/bin/../lib/gcc/arm-none-eabi/10.2.1/../../../../arm-none-eabi/lib/thumb/v6-m/nofp\libcr_c.a(_fflush.o)
                0x0000461c                _fflush
 .text._Cwritebuf
                0x0000467c       0x68 c:/nxp/mcuxpressoide_11.4.0_6237/ide/plugins/com.nxp.mcuxpresso.tools.win32_11.4.0.202103011116/tools/bin/../lib/gcc/arm-none-eabi/10.2.1/../../../../arm-none-eabi/lib/thumb/v6-m/nofp\libcr_c.a(_writebuf.o)
                0x0000467c                _Cwritebuf
 .text.malloc   0x000046e4       0xd0 c:/nxp/mcuxpressoide_11.4.0_6237/ide/plugins/com.nxp.mcuxpresso.tools.win32_11.4.0.202103011116/tools/bin/../lib/gcc/arm-none-eabi/10.2.1/../../../../arm-none-eabi/lib/thumb/v6-m/nofp\libcr_c.a(alloc.o)
                0x000046e4                malloc
 .text._Csys_alloc
                0x000047b4       0x20 c:/nxp/mcuxpressoide_11.4.0_6237/ide/plugins/com.nxp.mcuxpresso.tools.win32_11.4.0.202103011116/tools/bin/../lib/gcc/arm-none-eabi/10.2.1/../../../../arm-none-eabi/lib/thumb/v6-m/nofp\libcr_c.a(alloc.o)
                0x000047b4                _Csys_alloc
 .text.fseek    0x000047d4       0xf0 c:/nxp/mcuxpressoide_11.4.0_6237/ide/plugins/com.nxp.mcuxpresso.tools.win32_11.4.0.202103011116/tools/bin/../lib/gcc/arm-none-eabi/10.2.1/../../../../arm-none-eabi/lib/thumb/v6-m/nofp\libcr_c.a(fseek.o)
                0x000047d4                fseek
 .text.ftell    0x000048c4       0x48 c:/nxp/mcuxpressoide_11.4.0_6237/ide/plugins/com.nxp.mcuxpresso.tools.win32_11.4.0.202103011116/tools/bin/../lib/gcc/arm-none-eabi/10.2.1/../../../../arm-none-eabi/lib/thumb/v6-m/nofp\libcr_c.a(ftell.o)
                0x000048c4                ftell
 .text._initio  0x0000490c       0x7c c:/nxp/mcuxpressoide_11.4.0_6237/ide/plugins/com.nxp.mcuxpresso.tools.win32_11.4.0.202103011116/tools/bin/../lib/gcc/arm-none-eabi/10.2.1/../../../../arm-none-eabi/lib/thumb/v6-m/nofp\libcr_c.a(initio.o)
                0x0000490c                _initio
 .text.setvbuf  0x00004988       0x4c c:/nxp/mcuxpressoide_11.4.0_6237/ide/plugins/com.nxp.mcuxpresso.tools.win32_11.4.0.202103011116/tools/bin/../lib/gcc/arm-none-eabi/10.2.1/../../../../arm-none-eabi/lib/thumb/v6-m/nofp\libcr_c.a(setvbuf.o)
                0x00004988                setvbuf
 .text.strlen   0x000049d4       0x58 c:/nxp/mcuxpressoide_11.4.0_6237/ide/plugins/com.nxp.mcuxpresso.tools.win32_11.4.0.202103011116/tools/bin/../lib/gcc/arm-none-eabi/10.2.1/../../../../arm-none-eabi/lib/thumb/v6-m/nofp\libcr_c.a(strlen.o)
                0x000049d4                strlen
 .text._sbrk    0x00004a2c       0x44 c:/nxp/mcuxpressoide_11.4.0_6237/ide/plugins/com.nxp.mcuxpresso.tools.win32_11.4.0.202103011116/tools/bin/../lib/gcc/arm-none-eabi/10.2.1/../../../../arm-none-eabi/lib/thumb/v6-m/nofp\libcr_c.a(_cr_sbrk.o)
                0x00004a2c                _sbrk
 .text._fdopen  0x00004a70       0x74 c:/nxp/mcuxpressoide_11.4.0_6237/ide/plugins/com.nxp.mcuxpresso.tools.win32_11.4.0.202103011116/tools/bin/../lib/gcc/arm-none-eabi/10.2.1/../../../../arm-none-eabi/lib/thumb/v6-m/nofp\libcr_c.a(_fdopen.o)
                0x00004a70                _fdopen
 .text.fclose   0x00004ae4       0x5c c:/nxp/mcuxpressoide_11.4.0_6237/ide/plugins/com.nxp.mcuxpresso.tools.win32_11.4.0.202103011116/tools/bin/../lib/gcc/arm-none-eabi/10.2.1/../../../../arm-none-eabi/lib/thumb/v6-m/nofp\libcr_c.a(fclose.o)
                0x00004ae4                fclose
 .text.fflush   0x00004b40       0x44 c:/nxp/mcuxpressoide_11.4.0_6237/ide/plugins/com.nxp.mcuxpresso.tools.win32_11.4.0.202103011116/tools/bin/../lib/gcc/arm-none-eabi/10.2.1/../../../../arm-none-eabi/lib/thumb/v6-m/nofp\libcr_c.a(fflush.o)
                0x00004b40                fflush
 .text.__check_heap_overflow
                0x00004b84       0x18 c:/nxp/mcuxpressoide_11.4.0_6237/ide/plugins/com.nxp.mcuxpresso.tools.win32_11.4.0.202103011116/tools/bin/../lib/gcc/arm-none-eabi/10.2.1/../../../../arm-none-eabi/lib/thumb/v6-m/nofp\libcr_c.a(_cr_check_heap.o)
                0x00004b84                __check_heap_overflow
 .text._do_fflush
                0x00004b9c       0x48 c:/nxp/mcuxpressoide_11.4.0_6237/ide/plugins/com.nxp.mcuxpresso.tools.win32_11.4.0.202103011116/tools/bin/../lib/gcc/arm-none-eabi/10.2.1/../../../../arm-none-eabi/lib/thumb/v6-m/nofp\libcr_c.a(_do_fflush.o)
                0x00004b9c                _do_fflush
 .text.DbgConsole_RelocateLog
                0x00004be4       0x6c ./utilities/fsl_debug_console.o
 .text.UART_EnableTx
                0x00004c50       0x40 ./utilities/fsl_io.o
 .text.UART_EnableRx
                0x00004c90       0x40 ./utilities/fsl_io.o
 .text.LPSCI_EnableTx
                0x00004cd0       0x40 ./utilities/fsl_io.o
 .text.LPSCI_EnableRx
                0x00004d10       0x40 ./utilities/fsl_io.o
 .text.LOG_Init
                0x00004d50       0x3a ./utilities/fsl_log.o
                0x00004d50                LOG_Init
 .text.LOG_Pop  0x00004d8a       0x4a ./utilities/fsl_log.o
                0x00004d8a                LOG_Pop
 .text.ConvertRadixNumToString
                0x00004dd4      0x114 ./utilities/fsl_str.o
 .text.StrFormatPrintf
                0x00004ee8      0x324 ./utilities/fsl_str.o
                0x00004ee8                StrFormatPrintf
 .text.Es_momento
                0x0000520c       0x8c ./source/CtlSalidas.o
 .text.CSal_Envie_mensaje
                0x00005298       0x28 ./source/CtlSalidas.o
                0x00005298                CSal_Envie_mensaje
 .text.EnableIRQ
                0x000052c0       0x30 ./source/freertos_hello.o
 .text.OSC_SetExtRefClkConfig
                0x000052f0       0x3e ./drivers/fsl_clock.o
 .text.OSC_SetCapLoad
                0x0000532e       0x42 ./drivers/fsl_clock.o
 .text.CLOCK_GetPll0RefFreq
                0x00005370       0x10 ./drivers/fsl_clock.o
 .text.CLOCK_GetFixedFreqClkFreq
                0x00005380       0x30 ./drivers/fsl_clock.o
                0x00005380                CLOCK_GetFixedFreqClkFreq
 .text.CLOCK_SetExternalRefClkConfig
                0x000053b0       0x16 ./drivers/fsl_clock.o
                0x000053b0                CLOCK_SetExternalRefClkConfig
 .text.GPIO_PinWrite
                0x000053c6       0x34 ./drivers/fsl_gpio.o
 .text.GPIO_WritePinOutput
                0x000053fa       0x24 ./drivers/fsl_gpio.o
 .text.LPSCI_GetStatusFlags
                0x0000541e       0x26 ./drivers/fsl_lpsci.o
                0x0000541e                LPSCI_GetStatusFlags
 .text.UART_GetStatusFlags
                0x00005444       0x26 ./drivers/fsl_uart.o
                0x00005444                UART_GetStatusFlags
 .text.UART_WriteBlocking
                0x0000546a       0x3c ./drivers/fsl_uart.o
                0x0000546a                UART_WriteBlocking
 .text.SVC_Handler
                0x000054a6        0xa ./amazon-freertos/FreeRTOS/portable/port.o
                0x000054a6                SVC_Handler
 .text.ulSetInterruptMaskFromISR
                0x000054b0        0xc ./amazon-freertos/FreeRTOS/portable/port.o
                0x000054b0                ulSetInterruptMaskFromISR
 .text.vClearInterruptMaskFromISR
                0x000054bc        0x8 ./amazon-freertos/FreeRTOS/portable/port.o
                0x000054bc                vClearInterruptMaskFromISR
 .text.vListInitialise
                0x000054c4       0x3c ./amazon-freertos/FreeRTOS/list.o
                0x000054c4                vListInitialise
 .text.vListInitialiseItem
                0x00005500       0x16 ./amazon-freertos/FreeRTOS/list.o
                0x00005500                vListInitialiseItem
 .text.vListInsertEnd
                0x00005516       0x44 ./amazon-freertos/FreeRTOS/list.o
                0x00005516                vListInsertEnd
 .text.vListInsert
                0x0000555a       0x6c ./amazon-freertos/FreeRTOS/list.o
                0x0000555a                vListInsert
 .text.uxListRemove
                0x000055c6       0x50 ./amazon-freertos/FreeRTOS/list.o
                0x000055c6                uxListRemove
 .text.xQueueGenericReset
                0x00005616       0xa8 ./amazon-freertos/FreeRTOS/queue.o
                0x00005616                xQueueGenericReset
 .text.xQueueGenericCreate
                0x000056be       0x64 ./amazon-freertos/FreeRTOS/queue.o
                0x000056be                xQueueGenericCreate
 .text.prvInitialiseNewQueue
                0x00005722       0x4e ./amazon-freertos/FreeRTOS/queue.o
 .text.prvInitialiseMutex
                0x00005770       0x34 ./amazon-freertos/FreeRTOS/queue.o
 .text.xQueueCreateMutex
                0x000057a4       0x38 ./amazon-freertos/FreeRTOS/queue.o
                0x000057a4                xQueueCreateMutex
 .text.xQueueGenericSend
                0x000057dc      0x188 ./amazon-freertos/FreeRTOS/queue.o
                0x000057dc                xQueueGenericSend
 .text.xQueueGenericSendFromISR
                0x00005964       0xe2 ./amazon-freertos/FreeRTOS/queue.o
                0x00005964                xQueueGenericSendFromISR
 .text.xQueueReceive
                0x00005a46      0x16a ./amazon-freertos/FreeRTOS/queue.o
                0x00005a46                xQueueReceive
 .text.xQueueSemaphoreTake
                0x00005bb0      0x1b8 ./amazon-freertos/FreeRTOS/queue.o
                0x00005bb0                xQueueSemaphoreTake
 .text.prvGetDisinheritPriorityAfterTimeout
                0x00005d68       0x2c ./amazon-freertos/FreeRTOS/queue.o
 .text.prvCopyDataToQueue
                0x00005d94       0xd6 ./amazon-freertos/FreeRTOS/queue.o
 .text.prvCopyDataFromQueue
                0x00005e6a       0x4c ./amazon-freertos/FreeRTOS/queue.o
 .text.prvUnlockQueue
                0x00005eb6       0xbc ./amazon-freertos/FreeRTOS/queue.o
 .text.prvIsQueueEmpty
                0x00005f72       0x2c ./amazon-freertos/FreeRTOS/queue.o
 .text.prvIsQueueFull
                0x00005f9e       0x30 ./amazon-freertos/FreeRTOS/queue.o
 .text.vQueueWaitForMessageRestricted
                0x00005fce       0x66 ./amazon-freertos/FreeRTOS/queue.o
                0x00005fce                vQueueWaitForMessageRestricted
 .text.xTaskCreate
                0x00006034       0x90 ./amazon-freertos/FreeRTOS/tasks.o
                0x00006034                xTaskCreate
 .text.prvDeleteTCB
                0x000060c4       0x22 ./amazon-freertos/FreeRTOS/tasks.o
 .text.prvTimerTask
                0x000060e6       0x28 ./amazon-freertos/FreeRTOS/timers.o
 .text.SystemInitHook
                0x0000610e        0xa ./CMSIS/system_MKL46Z4.o
                0x0000610e                SystemInitHook
 .text.__main   0x00006118        0xc c:/nxp/mcuxpressoide_11.4.0_6237/ide/plugins/com.nxp.mcuxpresso.tools.win32_11.4.0.202103011116/tools/bin/../lib/gcc/arm-none-eabi/10.2.1/../../../../arm-none-eabi/lib/thumb/v6-m/nofp\libcr_nohost_nf.a(_cr__main.o)
                0x00006118                __main
 .text.__sys_appexit
                0x00006124        0x2 c:/nxp/mcuxpressoide_11.4.0_6237/ide/plugins/com.nxp.mcuxpresso.tools.win32_11.4.0.202103011116/tools/bin/../lib/gcc/arm-none-eabi/10.2.1/../../../../arm-none-eabi/lib/thumb/v6-m/nofp\libcr_nohost_nf.a(__sys_appexit.o)
                0x00006124                __sys_appexit
                0x00006124                __exit
 .text.memcpy   0x00006126        0x8 c:/nxp/mcuxpressoide_11.4.0_6237/ide/plugins/com.nxp.mcuxpresso.tools.win32_11.4.0.202103011116/tools/bin/../lib/gcc/arm-none-eabi/10.2.1/../../../../arm-none-eabi/lib/thumb/v6-m/nofp\libcr_c.a(memcpy.o)
                0x00006126                memcpy
 .text.memset   0x0000612e        0x8 c:/nxp/mcuxpressoide_11.4.0_6237/ide/plugins/com.nxp.mcuxpresso.tools.win32_11.4.0.202103011116/tools/bin/../lib/gcc/arm-none-eabi/10.2.1/../../../../arm-none-eabi/lib/thumb/v6-m/nofp\libcr_c.a(memset.o)
                0x0000612e                memset
 .text.free     0x00006136       0x2c c:/nxp/mcuxpressoide_11.4.0_6237/ide/plugins/com.nxp.mcuxpresso.tools.win32_11.4.0.202103011116/tools/bin/../lib/gcc/arm-none-eabi/10.2.1/../../../../arm-none-eabi/lib/thumb/v6-m/nofp\libcr_c.a(alloc.o)
                0x00006136                free
 .text.fputs    0x00006162       0x2e c:/nxp/mcuxpressoide_11.4.0_6237/ide/plugins/com.nxp.mcuxpresso.tools.win32_11.4.0.202103011116/tools/bin/../lib/gcc/arm-none-eabi/10.2.1/../../../../arm-none-eabi/lib/thumb/v6-m/nofp\libcr_c.a(fputs.o)
                0x00006162                fputs
 .text.remove   0x00006190       0x12 c:/nxp/mcuxpressoide_11.4.0_6237/ide/plugins/com.nxp.mcuxpresso.tools.win32_11.4.0.202103011116/tools/bin/../lib/gcc/arm-none-eabi/10.2.1/../../../../arm-none-eabi/lib/thumb/v6-m/nofp\libcr_c.a(remove.o)
                0x00006190                remove
 .text.__aeabi_division_idivmod
                0x000061a2       0x78 c:/nxp/mcuxpressoide_11.4.0_6237/ide/plugins/com.nxp.mcuxpresso.tools.win32_11.4.0.202103011116/tools/bin/../lib/gcc/arm-none-eabi/10.2.1/thumb/v6-m/nofp\libcr_eabihelpers.a(division_32.o)
                0x000061a2                __aeabi_idivmod
                0x000061a2                __aeabi_idiv
                0x000061a8                __aeabi_uidivmod
                0x000061a8                __aeabi_uidiv
 .text.__aeabi_division_idiv0
                0x0000621a        0x2 c:/nxp/mcuxpressoide_11.4.0_6237/ide/plugins/com.nxp.mcuxpresso.tools.win32_11.4.0.202103011116/tools/bin/../lib/gcc/arm-none-eabi/10.2.1/thumb/v6-m/nofp\libcr_eabihelpers.a(division_idiv0.o)
                0x0000621a                __aeabi_idiv0
 .text.__aeabi_memcpy
                0x0000621c       0x2c c:/nxp/mcuxpressoide_11.4.0_6237/ide/plugins/com.nxp.mcuxpresso.tools.win32_11.4.0.202103011116/tools/bin/../lib/gcc/arm-none-eabi/10.2.1/thumb/v6-m/nofp\libcr_eabihelpers.a(memcpy.o)
                0x0000621c                __aeabi_memcpy4
                0x0000621c                __aeabi_memcpy8
                0x0000621c                __aeabi_memcpy
 .text.__aeabi_memset_lowlevel
                0x00006248       0x2a c:/nxp/mcuxpressoide_11.4.0_6237/ide/plugins/com.nxp.mcuxpresso.tools.win32_11.4.0.202103011116/tools/bin/../lib/gcc/arm-none-eabi/10.2.1/thumb/v6-m/nofp\libcr_eabihelpers.a(memcpy.o)
                0x00006248                __aeabi_lowlevel_memset
 .text.__sys_close
                0x00006272        0x6 c:/nxp/mcuxpressoide_11.4.0_6237/ide/plugins/com.nxp.mcuxpresso.tools.win32_11.4.0.202103011116/tools/bin/../lib/gcc/arm-none-eabi/10.2.1/../../../../arm-none-eabi/lib/thumb/v6-m/nofp\libcr_nohost_nf.a(__sys_close.o)
                0x00006272                __sys_close
 .text.__sys_flen
                0x00006278        0x6 c:/nxp/mcuxpressoide_11.4.0_6237/ide/plugins/com.nxp.mcuxpresso.tools.win32_11.4.0.202103011116/tools/bin/../lib/gcc/arm-none-eabi/10.2.1/../../../../arm-none-eabi/lib/thumb/v6-m/nofp\libcr_nohost_nf.a(__sys_flen.o)
                0x00006278                __sys_flen
 .text.__sys_istty
                0x0000627e        0x6 c:/nxp/mcuxpressoide_11.4.0_6237/ide/plugins/com.nxp.mcuxpresso.tools.win32_11.4.0.202103011116/tools/bin/../lib/gcc/arm-none-eabi/10.2.1/../../../../arm-none-eabi/lib/thumb/v6-m/nofp\libcr_nohost_nf.a(__sys_istty.o)
                0x0000627e                __sys_istty
 .text.__sys_remove
                0x00006284        0x6 c:/nxp/mcuxpressoide_11.4.0_6237/ide/plugins/com.nxp.mcuxpresso.tools.win32_11.4.0.202103011116/tools/bin/../lib/gcc/arm-none-eabi/10.2.1/../../../../arm-none-eabi/lib/thumb/v6-m/nofp\libcr_nohost_nf.a(__sys_remove.o)
                0x00006284                __sys_remove
 .text.__sys_seek
                0x0000628a        0x6 c:/nxp/mcuxpressoide_11.4.0_6237/ide/plugins/com.nxp.mcuxpresso.tools.win32_11.4.0.202103011116/tools/bin/../lib/gcc/arm-none-eabi/10.2.1/../../../../arm-none-eabi/lib/thumb/v6-m/nofp\libcr_nohost_nf.a(__sys_seek.o)
                0x0000628a                __sys_seek
 .text.__sys_tmpnam
                0x00006290        0x6 c:/nxp/mcuxpressoide_11.4.0_6237/ide/plugins/com.nxp.mcuxpresso.tools.win32_11.4.0.202103011116/tools/bin/../lib/gcc/arm-none-eabi/10.2.1/../../../../arm-none-eabi/lib/thumb/v6-m/nofp\libcr_nohost_nf.a(__sys_tmpnam.o)
                0x00006290                __sys_tmpnam
 .text.__sys_write
                0x00006296        0x4 c:/nxp/mcuxpressoide_11.4.0_6237/ide/plugins/com.nxp.mcuxpresso.tools.win32_11.4.0.202103011116/tools/bin/../lib/gcc/arm-none-eabi/10.2.1/../../../../arm-none-eabi/lib/thumb/v6-m/nofp\libcr_nohost_nf.a(__sys_write.o)
                0x00006296                __sys_write
 *freertos*/tasks.o(SORT_BY_ALIGNMENT(.rodata*))
 *fill*         0x0000629a        0x2 ff
 .rodata.vTaskStartScheduler.str1.4
                0x0000629c        0x5 ./amazon-freertos/FreeRTOS/tasks.o
 *fill*         0x000062a1        0x3 ff
 .rodata.xTaskGenericNotify
                0x000062a4       0x14 ./amazon-freertos/FreeRTOS/tasks.o
 .rodata.xTaskGenericNotifyFromISR
                0x000062b8       0x14 ./amazon-freertos/FreeRTOS/tasks.o
 .rodata        0x000062cc       0x10 ./amazon-freertos/FreeRTOS/tasks.o
                0x000062cc                FreeRTOSDebugConfig
 *(SORT_BY_ALIGNMENT(.rodata) SORT_BY_ALIGNMENT(.rodata.*) SORT_BY_ALIGNMENT(.constdata) SORT_BY_ALIGNMENT(.constdata.*))
 .rodata.DbgConsole_Init.str1.4
                0x000062dc       0x44 ./utilities/fsl_debug_console.o
 .rodata.IO_Init.str1.4
                0x00006320       0x1b ./utilities/fsl_io.o
 *fill*         0x0000633b        0x1 ff
 .rodata.LOG_Push.str1.4
                0x0000633c       0x1d ./utilities/fsl_log.o
 *fill*         0x00006359        0x3 ff
 .rodata.CSal_Inicie.str1.4
                0x0000635c        0xa ./source/CtlSalidas.o
 *fill*         0x00006366        0x2 ff
 .rodata.main.str1.4
                0x00006368       0x5a ./source/freertos_hello.o
 *fill*         0x000063c2        0x2 ff
 .rodata.CLOCK_GetMcgExtClkFreq.str1.4
                0x000063c4       0x1f ./drivers/fsl_clock.o
 *fill*         0x000063e3        0x1 ff
 .rodata.CLOCK_GetOsc0ErClkFreq.str1.4
                0x000063e4       0x1f ./drivers/fsl_clock.o
 *fill*         0x00006403        0x1 ff
 .rodata.CLOCK_GetEr32kClkFreq.str1.4
                0x00006404       0x20 ./drivers/fsl_clock.o
 .rodata.CLOCK_GetFreq
                0x00006424       0x34 ./drivers/fsl_clock.o
 .rodata.CLOCK_GetPll0Freq.str1.4
                0x00006458       0x1e ./drivers/fsl_clock.o
 *fill*         0x00006476        0x2 ff
 .rodata.CLOCK_EnablePll0.str1.4
                0x00006478       0x1a ./drivers/fsl_clock.o
 *fill*         0x00006492        0x2 ff
 .rodata.CLOCK_SetPbeMode.str1.4
                0x00006494       0x1b ./drivers/fsl_clock.o
 *fill*         0x000064af        0x1 ff
 .rodata.CLOCK_BootToPeeMode.str1.4
                0x000064b0       0x1b ./drivers/fsl_clock.o
 *fill*         0x000064cb        0x1 ff
 .rodata.fllFactorTable.1
                0x000064cc       0x10 ./drivers/fsl_clock.o
 .rodata.GPIO_PinInit.str1.4
                0x000064dc       0x19 ./drivers/fsl_gpio.o
 *fill*         0x000064f5        0x3 ff
 .rodata.LPSCI_GetInstance.str1.4
                0x000064f8       0x37 ./drivers/fsl_lpsci.o
 *fill*         0x0000652f        0x1 ff
 .rodata.LPSCI_Init.str1.4
                0x00006530       0x44 ./drivers/fsl_lpsci.o
 .rodata.LPSCI_GetDefaultConfig.str1.4
                0x00006574       0x1a ./drivers/fsl_lpsci.o
 *fill*         0x0000658e        0x2 ff
 .rodata.LPSCI_WriteBlocking.str1.4
                0x00006590       0x18 ./drivers/fsl_lpsci.o
 .rodata.LPSCI_ReadBlocking.str1.4
                0x000065a8       0x18 ./drivers/fsl_lpsci.o
 .rodata.s_uartBases
                0x000065c0        0xc ./drivers/fsl_uart.o
 .rodata.s_uartClock
                0x000065cc        0xc ./drivers/fsl_uart.o
 .rodata.UART_GetInstance.str1.4
                0x000065d8       0x2c ./drivers/fsl_uart.o
 .rodata.UART_Init.str1.4
                0x00006604       0x43 ./drivers/fsl_uart.o
 *fill*         0x00006647        0x1 ff
 .rodata.UART_GetDefaultConfig.str1.4
                0x00006648       0x19 ./drivers/fsl_uart.o
 *fill*         0x00006661        0x3 ff
 .rodata.UART_ReadBlocking.str1.4
                0x00006664       0x17 ./drivers/fsl_uart.o
 *fill*         0x0000667b        0x1 ff
 .rodata.mcgConfig_BOARD_BootClockRUN
                0x0000667c        0xa ./board/src/clock_config.o
                0x0000667c                mcgConfig_BOARD_BootClockRUN
 *fill*         0x00006686        0x2 ff
 .rodata.simConfig_BOARD_BootClockRUN
                0x00006688        0x8 ./board/src/clock_config.o
                0x00006688                simConfig_BOARD_BootClockRUN
 .rodata.oscConfig_BOARD_BootClockRUN
                0x00006690        0x8 ./board/src/clock_config.o
                0x00006690                oscConfig_BOARD_BootClockRUN
 .rodata.xTimerCreateTimerTask.str1.4
                0x00006698        0x8 ./amazon-freertos/FreeRTOS/timers.o
 .rodata.prvProcessReceivedCommands
                0x000066a0       0x28 ./amazon-freertos/FreeRTOS/timers.o
 .rodata.prvCheckForValidListAndQueue.str1.4
                0x000066c8        0x5 ./amazon-freertos/FreeRTOS/timers.o
 *fill*         0x000066cd        0x3 ff
 .rodata.__num_Ciob_streams
                0x000066d0        0x4 c:/nxp/mcuxpressoide_11.4.0_6237/ide/plugins/com.nxp.mcuxpresso.tools.win32_11.4.0.202103011116/tools/bin/../lib/gcc/arm-none-eabi/10.2.1/../../../../arm-none-eabi/lib/thumb/v6-m/nofp\libcr_nohost_nf.a(__ciob.o)
                0x000066d0                __num_Ciob_streams
 .rodata.__assertion_failed.str1.1
                0x000066d4       0x15 c:/nxp/mcuxpressoide_11.4.0_6237/ide/plugins/com.nxp.mcuxpresso.tools.win32_11.4.0.202103011116/tools/bin/../lib/gcc/arm-none-eabi/10.2.1/../../../../arm-none-eabi/lib/thumb/v6-m/nofp\libcr_nohost_nf.a(_cr_assert.o)
 .rodata._Csys_alloc.str1.1
                0x000066e9       0x18 c:/nxp/mcuxpressoide_11.4.0_6237/ide/plugins/com.nxp.mcuxpresso.tools.win32_11.4.0.202103011116/tools/bin/../lib/gcc/arm-none-eabi/10.2.1/../../../../arm-none-eabi/lib/thumb/v6-m/nofp\libcr_c.a(alloc.o)
 .rodata._initio.str1.1
                0x00006701        0x4 c:/nxp/mcuxpressoide_11.4.0_6237/ide/plugins/com.nxp.mcuxpresso.tools.win32_11.4.0.202103011116/tools/bin/../lib/gcc/arm-none-eabi/10.2.1/../../../../arm-none-eabi/lib/thumb/v6-m/nofp\libcr_c.a(initio.o)
                0x00006708                . = ALIGN (0x4)
 *fill*         0x00006705        0x3 ff

.glue_7         0x00006708        0x0
 .glue_7        0x00006708        0x0 linker stubs

.glue_7t        0x00006708        0x0
 .glue_7t       0x00006708        0x0 linker stubs

.vfp11_veneer   0x00006708        0x0
 .vfp11_veneer  0x00006708        0x0 linker stubs

.v4_bx          0x00006708        0x0
 .v4_bx         0x00006708        0x0 linker stubs

.iplt           0x00006708        0x0
 .iplt          0x00006708        0x0 ./utilities/fsl_debug_console.o

.rel.dyn        0x00006708        0x0
 .rel.iplt      0x00006708        0x0 ./utilities/fsl_debug_console.o

.ARM.extab
 *(SORT_BY_ALIGNMENT(.ARM.extab*) SORT_BY_ALIGNMENT(.gnu.linkonce.armextab.*))

.ARM.exidx      0x00006708        0x0
                0x00006708                __exidx_start = .
 *(SORT_BY_ALIGNMENT(.ARM.exidx*) SORT_BY_ALIGNMENT(.gnu.linkonce.armexidx.*))
                0x00006708                __exidx_end = .
                0x00006708                _etext = .

.m_usb_data
 *(SORT_BY_ALIGNMENT(m_usb_bdt))

.mtb_buffer_default
                0x1fffe000       0x80
 *(SORT_BY_ALIGNMENT(.mtb*))
 .mtb.$RAM1     0x1fffe000       0x80 ./source/mtb.o
                0x1fffe000                __mtb_buffer__

.uninit_RESERVED
                0x1fffe080        0x0
                0x1fffe080                _start_uninit_RESERVED = .
 *(SORT_BY_ALIGNMENT(.bss.$RESERVED*))
                0x1fffe080                . = ALIGN (0x4)
                0x1fffe080                _end_uninit_RESERVED = .

.data           0x1fffe080       0x44 load address 0x00006708
 FILL mask 0xff
                0x1fffe080                _data = .
                [!provide]                PROVIDE (__start_data_RAM = .)
                [!provide]                PROVIDE (__start_data_SRAM = .)
 *(SORT_BY_ALIGNMENT(vtable))
 *(SORT_BY_ALIGNMENT(.ramfunc*))
 *(SORT_BY_ALIGNMENT(CodeQuickAccess))
 *(SORT_BY_ALIGNMENT(DataQuickAccess))
 *(SORT_BY_ALIGNMENT(RamFunction))
 *(SORT_BY_ALIGNMENT(.data*))
 .data.PIN_SALIDAS
                0x1fffe080       0x20 ./source/CtlSalidas.o
                0x1fffe080                PIN_SALIDAS
 .data.g_tipString
                0x1fffe0a0       0x11 ./source/freertos_hello.o
                0x1fffe0a0                g_tipString
 *fill*         0x1fffe0b1        0x3 ff
 .data.s_slowIrcFreq
                0x1fffe0b4        0x4 ./drivers/fsl_clock.o
 .data.s_fastIrcFreq
                0x1fffe0b8        0x4 ./drivers/fsl_clock.o
 .data.uxCriticalNesting
                0x1fffe0bc        0x4 ./amazon-freertos/FreeRTOS/portable/port.o
 .data.SystemCoreClock
                0x1fffe0c0        0x4 ./CMSIS/system_MKL46Z4.o
                0x1fffe0c0                SystemCoreClock
                0x1fffe0c4                . = ALIGN (0x4)
                0x1fffe0c4                _edata = .
                [!provide]                PROVIDE (__end_data_RAM = .)
                [!provide]                PROVIDE (__end_data_SRAM = .)

.igot.plt       0x1fffe0c4        0x0 load address 0x0000674c
 .igot.plt      0x1fffe0c4        0x0 ./utilities/fsl_debug_console.o

.bss            0x1fffe0c4     0x2c84
                0x1fffe0c4                _bss = .
                [!provide]                PROVIDE (__start_bss_RAM = .)
                [!provide]                PROVIDE (__start_bss_SRAM = .)
 *(SORT_BY_ALIGNMENT(.bss*))
 .bss.s_debugConsoleIO
                0x1fffe0c4        0x8 ./utilities/fsl_io.o
 .bss.c_salidas
                0x1fffe0cc      0x1f0 ./source/freertos_hello.o
                0x1fffe0cc                c_salidas
 .bss.c_sal_mensaje
                0x1fffe2bc       0x10 ./source/freertos_hello.o
                0x1fffe2bc                c_sal_mensaje
 .bss.g_xtal0Freq
                0x1fffe2cc        0x4 ./drivers/fsl_clock.o
                0x1fffe2cc                g_xtal0Freq
 .bss.g_xtal32Freq
                0x1fffe2d0        0x4 ./drivers/fsl_clock.o
                0x1fffe2d0                g_xtal32Freq
 .bss.s_lpsciHandle
                0x1fffe2d4        0x4 ./drivers/fsl_lpsci.o
 .bss.s_lpsciIsr
                0x1fffe2d8        0x4 ./drivers/fsl_lpsci.o
 .bss.s_uartHandle
                0x1fffe2dc        0xc ./drivers/fsl_uart.o
 .bss.s_uartIsr
                0x1fffe2e8        0x4 ./drivers/fsl_uart.o
 .bss.ucHeap    0x1fffe2ec     0x2800 ./amazon-freertos/FreeRTOS/portable/heap_4.o
 .bss.xStart    0x20000aec        0x8 ./amazon-freertos/FreeRTOS/portable/heap_4.o
 .bss.pxEnd     0x20000af4        0x4 ./amazon-freertos/FreeRTOS/portable/heap_4.o
 .bss.xFreeBytesRemaining
                0x20000af8        0x4 ./amazon-freertos/FreeRTOS/portable/heap_4.o
 .bss.xMinimumEverFreeBytesRemaining
                0x20000afc        0x4 ./amazon-freertos/FreeRTOS/portable/heap_4.o
 .bss.xBlockAllocatedBit
                0x20000b00        0x4 ./amazon-freertos/FreeRTOS/portable/heap_4.o
 .bss.xQueueRegistry
                0x20000b04       0x40 ./amazon-freertos/FreeRTOS/queue.o
                0x20000b04                xQueueRegistry
 .bss.pxCurrentTCB
                0x20000b44        0x4 ./amazon-freertos/FreeRTOS/tasks.o
                0x20000b44                pxCurrentTCB
 .bss.pxReadyTasksLists
                0x20000b48       0x64 ./amazon-freertos/FreeRTOS/tasks.o
 .bss.xDelayedTaskList1
                0x20000bac       0x14 ./amazon-freertos/FreeRTOS/tasks.o
 .bss.xDelayedTaskList2
                0x20000bc0       0x14 ./amazon-freertos/FreeRTOS/tasks.o
 .bss.pxDelayedTaskList
                0x20000bd4        0x4 ./amazon-freertos/FreeRTOS/tasks.o
 .bss.pxOverflowDelayedTaskList
                0x20000bd8        0x4 ./amazon-freertos/FreeRTOS/tasks.o
 .bss.xPendingReadyList
                0x20000bdc       0x14 ./amazon-freertos/FreeRTOS/tasks.o
 .bss.xTasksWaitingTermination
                0x20000bf0       0x14 ./amazon-freertos/FreeRTOS/tasks.o
 .bss.uxDeletedTasksWaitingCleanUp
                0x20000c04        0x4 ./amazon-freertos/FreeRTOS/tasks.o
 .bss.xSuspendedTaskList
                0x20000c08       0x14 ./amazon-freertos/FreeRTOS/tasks.o
 .bss.uxCurrentNumberOfTasks
                0x20000c1c        0x4 ./amazon-freertos/FreeRTOS/tasks.o
 .bss.xTickCount
                0x20000c20        0x4 ./amazon-freertos/FreeRTOS/tasks.o
 .bss.uxTopReadyPriority
                0x20000c24        0x4 ./amazon-freertos/FreeRTOS/tasks.o
 .bss.xSchedulerRunning
                0x20000c28        0x4 ./amazon-freertos/FreeRTOS/tasks.o
 .bss.uxPendedTicks
                0x20000c2c        0x4 ./amazon-freertos/FreeRTOS/tasks.o
 .bss.xYieldPending
                0x20000c30        0x4 ./amazon-freertos/FreeRTOS/tasks.o
 .bss.xNumOfOverflows
                0x20000c34        0x4 ./amazon-freertos/FreeRTOS/tasks.o
 .bss.uxTaskNumber
                0x20000c38        0x4 ./amazon-freertos/FreeRTOS/tasks.o
 .bss.xNextTaskUnblockTime
                0x20000c3c        0x4 ./amazon-freertos/FreeRTOS/tasks.o
 .bss.xIdleTaskHandle
                0x20000c40        0x4 ./amazon-freertos/FreeRTOS/tasks.o
 .bss.uxSchedulerSuspended
                0x20000c44        0x4 ./amazon-freertos/FreeRTOS/tasks.o
 .bss.xActiveTimerList1
                0x20000c48       0x14 ./amazon-freertos/FreeRTOS/timers.o
 .bss.xActiveTimerList2
                0x20000c5c       0x14 ./amazon-freertos/FreeRTOS/timers.o
 .bss.pxCurrentTimerList
                0x20000c70        0x4 ./amazon-freertos/FreeRTOS/timers.o
 .bss.pxOverflowTimerList
                0x20000c74        0x4 ./amazon-freertos/FreeRTOS/timers.o
 .bss.xTimerQueue
                0x20000c78        0x4 ./amazon-freertos/FreeRTOS/timers.o
 .bss.xTimerTaskHandle
                0x20000c7c        0x4 ./amazon-freertos/FreeRTOS/timers.o
 .bss.xLastTime.0
                0x20000c80        0x4 ./amazon-freertos/FreeRTOS/timers.o
 .bss.__Ciob    0x20000c84       0xb4 c:/nxp/mcuxpressoide_11.4.0_6237/ide/plugins/com.nxp.mcuxpresso.tools.win32_11.4.0.202103011116/tools/bin/../lib/gcc/arm-none-eabi/10.2.1/../../../../arm-none-eabi/lib/thumb/v6-m/nofp\libcr_nohost_nf.a(__ciob.o)
                0x20000c84                __Ciob
 .bss.__end_of_heap
                0x20000d38        0x4 c:/nxp/mcuxpressoide_11.4.0_6237/ide/plugins/com.nxp.mcuxpresso.tools.win32_11.4.0.202103011116/tools/bin/../lib/gcc/arm-none-eabi/10.2.1/../../../../arm-none-eabi/lib/thumb/v6-m/nofp\libcr_c.a(__init_alloc.o)
                0x20000d38                __end_of_heap
 .bss.__heaps   0x20000d3c        0x4 c:/nxp/mcuxpressoide_11.4.0_6237/ide/plugins/com.nxp.mcuxpresso.tools.win32_11.4.0.202103011116/tools/bin/../lib/gcc/arm-none-eabi/10.2.1/../../../../arm-none-eabi/lib/thumb/v6-m/nofp\libcr_c.a(__init_alloc.o)
                0x20000d3c                __heaps
 .bss.errno     0x20000d40        0x4 c:/nxp/mcuxpressoide_11.4.0_6237/ide/plugins/com.nxp.mcuxpresso.tools.win32_11.4.0.202103011116/tools/bin/../lib/gcc/arm-none-eabi/10.2.1/../../../../arm-none-eabi/lib/thumb/v6-m/nofp\libcr_c.a(errno.o)
                0x20000d40                errno
 .bss.dato_rx   0x20000d44        0x1 ./source/freertos_hello.o
                0x20000d44                dato_rx
 *(SORT_BY_ALIGNMENT(COMMON))
                0x20000d48                . = ALIGN (0x4)
 *fill*         0x20000d45        0x3 
                0x20000d48                _ebss = .
                [!provide]                PROVIDE (__end_bss_RAM = .)
                [!provide]                PROVIDE (__end_bss_SRAM = .)
                [!provide]                PROVIDE (end = .)

.noinit         0x20000d48        0x0
                0x20000d48                _noinit = .
                [!provide]                PROVIDE (__start_noinit_RAM = .)
                [!provide]                PROVIDE (__start_noinit_SRAM = .)
 *(SORT_BY_ALIGNMENT(.noinit*))
                0x20000d48                . = ALIGN (0x4)
                0x20000d48                _end_noinit = .
                [!provide]                PROVIDE (__end_noinit_RAM = .)
                [!provide]                PROVIDE (__end_noinit_SRAM = .)
                0x00000800                _HeapSize = 0x800

.heap           0x20000d48      0x800
                0x20000d48                _pvHeapStart = .
                0x20001548                . = (. + _HeapSize)
 *fill*         0x20000d48      0x800 
                0x20001548                . = ALIGN (0x4)
                0x20001548                _pvHeapLimit = .
                0x00000800                _StackSize = 0x800

.heap2stackfill
                0x20001548      0x800
                0x20001d48                . = (. + _StackSize)
 *fill*         0x20001548      0x800 

.stack          0x20005800        0x0
                0x20005800                _vStackBase = .
                0x20005800                . = ALIGN (0x4)
                0x20006000                _vStackTop = (. + _StackSize)
                0x00000000                _image_start = LOADADDR (.text)
                0x0000674c                _image_end = (LOADADDR (.data) + SIZEOF (.data))
                0x0000674c                _image_size = (_image_end - _image_start)
OUTPUT(proyect2_freertos_hello.axf elf32-littlearm)
LOAD linker stubs

.debug_info     0x00000000     0xd068
 .debug_info    0x00000000      0x32b ./utilities/fsl_debug_console.o
 .debug_info    0x0000032b      0x8c2 ./utilities/fsl_io.o
 .debug_info    0x00000bed      0x2ff ./utilities/fsl_log.o
 .debug_info    0x00000eec      0x4e7 ./utilities/fsl_str.o
 .debug_info    0x000013d3      0x4e7 ./startup/startup_mkl46z4.o
 .debug_info    0x000018ba      0x762 ./source/CtlSalidas.o
 .debug_info    0x0000201c      0xbb2 ./source/freertos_hello.o
 .debug_info    0x00002bce       0x4f ./source/mtb.o
 .debug_info    0x00002c1d       0x38 ./source/semihost_hardfault.o
 .debug_info    0x00002c55       0xb0 ./freertos/portable/fsl_tickless_systick.o
 .debug_info    0x00002d05     0x1a87 ./drivers/fsl_clock.o
 .debug_info    0x0000478c      0x7d8 ./drivers/fsl_gpio.o
 .debug_info    0x00004f64     0x14a8 ./drivers/fsl_lpsci.o
 .debug_info    0x0000640c     0x1449 ./drivers/fsl_uart.o
 .debug_info    0x00007855      0x390 ./board/src/board.o
 .debug_info    0x00007be5      0xafe ./board/src/clock_config.o
 .debug_info    0x000086e3      0x834 ./board/pin_mux.o
 .debug_info    0x00008f17      0x2f8 ./amazon-freertos/FreeRTOS/portable/heap_4.o
 .debug_info    0x0000920f      0x24a ./amazon-freertos/FreeRTOS/portable/port.o
 .debug_info    0x00009459      0x2b4 ./amazon-freertos/FreeRTOS/list.o
 .debug_info    0x0000970d     0x1046 ./amazon-freertos/FreeRTOS/queue.o
 .debug_info    0x0000a753     0x194e ./amazon-freertos/FreeRTOS/tasks.o
 .debug_info    0x0000c0a1      0xbbd ./amazon-freertos/FreeRTOS/timers.o
 .debug_info    0x0000cc5e      0x40a ./CMSIS/system_MKL46Z4.o

.debug_abbrev   0x00000000     0x293e
 .debug_abbrev  0x00000000      0x155 ./utilities/fsl_debug_console.o
 .debug_abbrev  0x00000155      0x1d1 ./utilities/fsl_io.o
 .debug_abbrev  0x00000326      0x159 ./utilities/fsl_log.o
 .debug_abbrev  0x0000047f      0x193 ./utilities/fsl_str.o
 .debug_abbrev  0x00000612      0x195 ./startup/startup_mkl46z4.o
 .debug_abbrev  0x000007a7      0x246 ./source/CtlSalidas.o
 .debug_abbrev  0x000009ed      0x26b ./source/freertos_hello.o
 .debug_abbrev  0x00000c58       0x43 ./source/mtb.o
 .debug_abbrev  0x00000c9b       0x2e ./source/semihost_hardfault.o
 .debug_abbrev  0x00000cc9       0x66 ./freertos/portable/fsl_tickless_systick.o
 .debug_abbrev  0x00000d2f      0x348 ./drivers/fsl_clock.o
 .debug_abbrev  0x00001077      0x1f3 ./drivers/fsl_gpio.o
 .debug_abbrev  0x0000126a      0x2f0 ./drivers/fsl_lpsci.o
 .debug_abbrev  0x0000155a      0x2f0 ./drivers/fsl_uart.o
 .debug_abbrev  0x0000184a      0x118 ./board/src/board.o
 .debug_abbrev  0x00001962      0x1ef ./board/src/clock_config.o
 .debug_abbrev  0x00001b51      0x1d5 ./board/pin_mux.o
 .debug_abbrev  0x00001d26      0x172 ./amazon-freertos/FreeRTOS/portable/heap_4.o
 .debug_abbrev  0x00001e98      0x196 ./amazon-freertos/FreeRTOS/portable/port.o
 .debug_abbrev  0x0000202e       0xef ./amazon-freertos/FreeRTOS/list.o
 .debug_abbrev  0x0000211d      0x21d ./amazon-freertos/FreeRTOS/queue.o
 .debug_abbrev  0x0000233a      0x2b5 ./amazon-freertos/FreeRTOS/tasks.o
 .debug_abbrev  0x000025ef      0x20a ./amazon-freertos/FreeRTOS/timers.o
 .debug_abbrev  0x000027f9      0x145 ./CMSIS/system_MKL46Z4.o

.debug_aranges  0x00000000      0xe18
 .debug_aranges
                0x00000000       0x58 ./utilities/fsl_debug_console.o
 .debug_aranges
                0x00000058       0x58 ./utilities/fsl_io.o
 .debug_aranges
                0x000000b0       0x58 ./utilities/fsl_log.o
 .debug_aranges
                0x00000108       0x38 ./utilities/fsl_str.o
 .debug_aranges
                0x00000140      0x160 ./startup/startup_mkl46z4.o
 .debug_aranges
                0x000002a0       0x50 ./source/CtlSalidas.o
 .debug_aranges
                0x000002f0       0x40 ./source/freertos_hello.o
 .debug_aranges
                0x00000330       0x18 ./source/mtb.o
 .debug_aranges
                0x00000348       0x20 ./source/semihost_hardfault.o
 .debug_aranges
                0x00000368       0x20 ./freertos/portable/fsl_tickless_systick.o
 .debug_aranges
                0x00000388      0x1d8 ./drivers/fsl_clock.o
 .debug_aranges
                0x00000560       0x78 ./drivers/fsl_gpio.o
 .debug_aranges
                0x000005d8      0x118 ./drivers/fsl_lpsci.o
 .debug_aranges
                0x000006f0      0x130 ./drivers/fsl_uart.o
 .debug_aranges
                0x00000820       0x28 ./board/src/board.o
 .debug_aranges
                0x00000848       0x58 ./board/src/clock_config.o
 .debug_aranges
                0x000008a0       0x38 ./board/pin_mux.o
 .debug_aranges
                0x000008d8       0x50 ./amazon-freertos/FreeRTOS/portable/heap_4.o
 .debug_aranges
                0x00000928       0x80 ./amazon-freertos/FreeRTOS/portable/port.o
 .debug_aranges
                0x000009a8       0x40 ./amazon-freertos/FreeRTOS/list.o
 .debug_aranges
                0x000009e8      0x130 ./amazon-freertos/FreeRTOS/queue.o
 .debug_aranges
                0x00000b18      0x1f8 ./amazon-freertos/FreeRTOS/tasks.o
 .debug_aranges
                0x00000d10       0xd8 ./amazon-freertos/FreeRTOS/timers.o
 .debug_aranges
                0x00000de8       0x30 ./CMSIS/system_MKL46Z4.o

.debug_ranges   0x00000000      0xc90
 .debug_ranges  0x00000000       0x48 ./utilities/fsl_debug_console.o
 .debug_ranges  0x00000048       0x48 ./utilities/fsl_io.o
 .debug_ranges  0x00000090       0x48 ./utilities/fsl_log.o
 .debug_ranges  0x000000d8       0x28 ./utilities/fsl_str.o
 .debug_ranges  0x00000100      0x150 ./startup/startup_mkl46z4.o
 .debug_ranges  0x00000250       0x40 ./source/CtlSalidas.o
 .debug_ranges  0x00000290       0x30 ./source/freertos_hello.o
 .debug_ranges  0x000002c0       0x10 ./source/semihost_hardfault.o
 .debug_ranges  0x000002d0       0x10 ./freertos/portable/fsl_tickless_systick.o
 .debug_ranges  0x000002e0      0x1c8 ./drivers/fsl_clock.o
 .debug_ranges  0x000004a8       0x68 ./drivers/fsl_gpio.o
 .debug_ranges  0x00000510      0x108 ./drivers/fsl_lpsci.o
 .debug_ranges  0x00000618      0x120 ./drivers/fsl_uart.o
 .debug_ranges  0x00000738       0x18 ./board/src/board.o
 .debug_ranges  0x00000750       0x48 ./board/src/clock_config.o
 .debug_ranges  0x00000798       0x28 ./board/pin_mux.o
 .debug_ranges  0x000007c0       0x40 ./amazon-freertos/FreeRTOS/portable/heap_4.o
 .debug_ranges  0x00000800       0x70 ./amazon-freertos/FreeRTOS/portable/port.o
 .debug_ranges  0x00000870       0x30 ./amazon-freertos/FreeRTOS/list.o
 .debug_ranges  0x000008a0      0x120 ./amazon-freertos/FreeRTOS/queue.o
 .debug_ranges  0x000009c0      0x1e8 ./amazon-freertos/FreeRTOS/tasks.o
 .debug_ranges  0x00000ba8       0xc8 ./amazon-freertos/FreeRTOS/timers.o
 .debug_ranges  0x00000c70       0x20 ./CMSIS/system_MKL46Z4.o

.debug_line     0x00000000     0x9098
 .debug_line    0x00000000      0x280 ./utilities/fsl_debug_console.o
 .debug_line    0x00000280      0x446 ./utilities/fsl_io.o
 .debug_line    0x000006c6      0x337 ./utilities/fsl_log.o
 .debug_line    0x000009fd      0x770 ./utilities/fsl_str.o
 .debug_line    0x0000116d      0x1ed ./startup/startup_mkl46z4.o
 .debug_line    0x0000135a      0x6eb ./source/CtlSalidas.o
 .debug_line    0x00001a45      0x479 ./source/freertos_hello.o
 .debug_line    0x00001ebe       0x30 ./source/mtb.o
 .debug_line    0x00001eee       0x59 ./source/semihost_hardfault.o
 .debug_line    0x00001f47      0x17d ./freertos/portable/fsl_tickless_systick.o
 .debug_line    0x000020c4     0x119f ./drivers/fsl_clock.o
 .debug_line    0x00003263      0x356 ./drivers/fsl_gpio.o
 .debug_line    0x000035b9      0xcff ./drivers/fsl_lpsci.o
 .debug_line    0x000042b8      0xd0a ./drivers/fsl_uart.o
 .debug_line    0x00004fc2      0x1cc ./board/src/board.o
 .debug_line    0x0000518e      0x2cd ./board/src/clock_config.o
 .debug_line    0x0000545b      0x3b7 ./board/pin_mux.o
 .debug_line    0x00005812      0x3df ./amazon-freertos/FreeRTOS/portable/heap_4.o
 .debug_line    0x00005bf1      0x38e ./amazon-freertos/FreeRTOS/portable/port.o
 .debug_line    0x00005f7f      0x2d2 ./amazon-freertos/FreeRTOS/list.o
 .debug_line    0x00006251      0xeeb ./amazon-freertos/FreeRTOS/queue.o
 .debug_line    0x0000713c     0x162a ./amazon-freertos/FreeRTOS/tasks.o
 .debug_line    0x00008766      0x70a ./amazon-freertos/FreeRTOS/timers.o
 .debug_line    0x00008e70      0x228 ./CMSIS/system_MKL46Z4.o

.debug_str      0x00000000     0x5d5c
 .debug_str     0x00000000      0x35e ./utilities/fsl_debug_console.o
                                0x395 (size before relaxing)
 .debug_str     0x0000035e      0xaed ./utilities/fsl_io.o
                                0xd8e (size before relaxing)
 .debug_str     0x00000e4b       0x85 ./utilities/fsl_log.o
                                0x35a (size before relaxing)
 .debug_str     0x00000ed0      0x1bc ./utilities/fsl_str.o
                                0x3bc (size before relaxing)
 .debug_str     0x0000108c      0x379 ./startup/startup_mkl46z4.o
                                0x4c1 (size before relaxing)
 .debug_str     0x00001405      0x224 ./source/CtlSalidas.o
                                0x42f (size before relaxing)
 .debug_str     0x00001629      0x515 ./source/freertos_hello.o
                               0x10e8 (size before relaxing)
 .debug_str     0x00001b3e       0x1f ./source/mtb.o
                                0x166 (size before relaxing)
 .debug_str     0x00001b5d       0x1f ./source/semihost_hardfault.o
                                0x166 (size before relaxing)
 .debug_str     0x00001b7c       0x53 ./freertos/portable/fsl_tickless_systick.o
                                0x22c (size before relaxing)
 .debug_str     0x00001bcf      0xfad ./drivers/fsl_clock.o
                               0x18a9 (size before relaxing)
 .debug_str     0x00002b7c      0x184 ./drivers/fsl_gpio.o
                                0x95a (size before relaxing)
 .debug_str     0x00002d00      0x856 ./drivers/fsl_lpsci.o
                               0x16f3 (size before relaxing)
 .debug_str     0x00003556      0x5b3 ./drivers/fsl_uart.o
                               0x16fa (size before relaxing)
 .debug_str     0x00003b09       0x50 ./board/src/board.o
                                0x2f0 (size before relaxing)
 .debug_str     0x00003b59      0x2ec ./board/src/clock_config.o
                                0xe96 (size before relaxing)
 .debug_str     0x00003e45      0x2b8 ./board/pin_mux.o
                                0x7d0 (size before relaxing)
 .debug_str     0x000040fd      0x1ec ./amazon-freertos/FreeRTOS/portable/heap_4.o
                                0x3c0 (size before relaxing)
 .debug_str     0x000042e9      0x151 ./amazon-freertos/FreeRTOS/portable/port.o
                                0x36e (size before relaxing)
 .debug_str     0x0000443a      0x135 ./amazon-freertos/FreeRTOS/list.o
                                0x32b (size before relaxing)
 .debug_str     0x0000456f      0x5f6 ./amazon-freertos/FreeRTOS/queue.o
                                0x8dc (size before relaxing)
 .debug_str     0x00004b65      0xc81 ./amazon-freertos/FreeRTOS/tasks.o
                               0x105d (size before relaxing)
 .debug_str     0x000057e6      0x518 ./amazon-freertos/FreeRTOS/timers.o
                                0x838 (size before relaxing)
 .debug_str     0x00005cfe       0x5e ./CMSIS/system_MKL46Z4.o
                                0x321 (size before relaxing)

.comment        0x00000000       0x4d
 .comment       0x00000000       0x4d ./utilities/fsl_debug_console.o
                                 0x4e (size before relaxing)
 .comment       0x0000004d       0x4e ./utilities/fsl_io.o
 .comment       0x0000004d       0x4e ./utilities/fsl_log.o
 .comment       0x0000004d       0x4e ./utilities/fsl_str.o
 .comment       0x0000004d       0x4e ./startup/startup_mkl46z4.o
 .comment       0x0000004d       0x4e ./source/CtlSalidas.o
 .comment       0x0000004d       0x4e ./source/freertos_hello.o
 .comment       0x0000004d       0x4e ./source/mtb.o
 .comment       0x0000004d       0x4e ./source/semihost_hardfault.o
 .comment       0x0000004d       0x4e ./freertos/portable/fsl_tickless_systick.o
 .comment       0x0000004d       0x4e ./drivers/fsl_clock.o
 .comment       0x0000004d       0x4e ./drivers/fsl_gpio.o
 .comment       0x0000004d       0x4e ./drivers/fsl_lpsci.o
 .comment       0x0000004d       0x4e ./drivers/fsl_uart.o
 .comment       0x0000004d       0x4e ./board/src/board.o
 .comment       0x0000004d       0x4e ./board/src/clock_config.o
 .comment       0x0000004d       0x4e ./board/pin_mux.o
 .comment       0x0000004d       0x4e ./amazon-freertos/FreeRTOS/portable/heap_4.o
 .comment       0x0000004d       0x4e ./amazon-freertos/FreeRTOS/portable/port.o
 .comment       0x0000004d       0x4e ./amazon-freertos/FreeRTOS/list.o
 .comment       0x0000004d       0x4e ./amazon-freertos/FreeRTOS/queue.o
 .comment       0x0000004d       0x4e ./amazon-freertos/FreeRTOS/tasks.o
 .comment       0x0000004d       0x4e ./amazon-freertos/FreeRTOS/timers.o
 .comment       0x0000004d       0x4e ./CMSIS/system_MKL46Z4.o
 .comment       0x0000004d       0x4e c:/nxp/mcuxpressoide_11.4.0_6237/ide/plugins/com.nxp.mcuxpresso.tools.win32_11.4.0.202103011116/tools/bin/../lib/gcc/arm-none-eabi/10.2.1/../../../../arm-none-eabi/lib/thumb/v6-m/nofp\libcr_nohost_nf.a(_cr__main.o)
 .comment       0x0000004d       0x4e c:/nxp/mcuxpressoide_11.4.0_6237/ide/plugins/com.nxp.mcuxpresso.tools.win32_11.4.0.202103011116/tools/bin/../lib/gcc/arm-none-eabi/10.2.1/../../../../arm-none-eabi/lib/thumb/v6-m/nofp\libcr_nohost_nf.a(_cr_assert.o)
 .comment       0x0000004d       0x4e c:/nxp/mcuxpressoide_11.4.0_6237/ide/plugins/com.nxp.mcuxpresso.tools.win32_11.4.0.202103011116/tools/bin/../lib/gcc/arm-none-eabi/10.2.1/../../../../arm-none-eabi/lib/thumb/v6-m/nofp\libcr_nohost_nf.a(__ciob.o)
 .comment       0x0000004d       0x4e c:/nxp/mcuxpressoide_11.4.0_6237/ide/plugins/com.nxp.mcuxpresso.tools.win32_11.4.0.202103011116/tools/bin/../lib/gcc/arm-none-eabi/10.2.1/../../../../arm-none-eabi/lib/thumb/v6-m/nofp\libcr_nohost_nf.a(__sys_appexit.o)
 .comment       0x0000004d       0x4e c:/nxp/mcuxpressoide_11.4.0_6237/ide/plugins/com.nxp.mcuxpresso.tools.win32_11.4.0.202103011116/tools/bin/../lib/gcc/arm-none-eabi/10.2.1/../../../../arm-none-eabi/lib/thumb/v6-m/nofp\libcr_c.a(memcpy.o)
 .comment       0x0000004d       0x4e c:/nxp/mcuxpressoide_11.4.0_6237/ide/plugins/com.nxp.mcuxpresso.tools.win32_11.4.0.202103011116/tools/bin/../lib/gcc/arm-none-eabi/10.2.1/../../../../arm-none-eabi/lib/thumb/v6-m/nofp\libcr_c.a(memset.o)
 .comment       0x0000004d       0x4e c:/nxp/mcuxpressoide_11.4.0_6237/ide/plugins/com.nxp.mcuxpresso.tools.win32_11.4.0.202103011116/tools/bin/../lib/gcc/arm-none-eabi/10.2.1/../../../../arm-none-eabi/lib/thumb/v6-m/nofp\libcr_c.a(_deferredlazyseek.o)
 .comment       0x0000004d       0x4e c:/nxp/mcuxpressoide_11.4.0_6237/ide/plugins/com.nxp.mcuxpresso.tools.win32_11.4.0.202103011116/tools/bin/../lib/gcc/arm-none-eabi/10.2.1/../../../../arm-none-eabi/lib/thumb/v6-m/nofp\libcr_c.a(_fflush.o)
 .comment       0x0000004d       0x4e c:/nxp/mcuxpressoide_11.4.0_6237/ide/plugins/com.nxp.mcuxpresso.tools.win32_11.4.0.202103011116/tools/bin/../lib/gcc/arm-none-eabi/10.2.1/../../../../arm-none-eabi/lib/thumb/v6-m/nofp\libcr_c.a(_writebuf.o)
 .comment       0x0000004d       0x4e c:/nxp/mcuxpressoide_11.4.0_6237/ide/plugins/com.nxp.mcuxpresso.tools.win32_11.4.0.202103011116/tools/bin/../lib/gcc/arm-none-eabi/10.2.1/../../../../arm-none-eabi/lib/thumb/v6-m/nofp\libcr_c.a(alloc.o)
 .comment       0x0000004d       0x4e c:/nxp/mcuxpressoide_11.4.0_6237/ide/plugins/com.nxp.mcuxpresso.tools.win32_11.4.0.202103011116/tools/bin/../lib/gcc/arm-none-eabi/10.2.1/../../../../arm-none-eabi/lib/thumb/v6-m/nofp\libcr_c.a(fputs.o)
 .comment       0x0000004d       0x4e c:/nxp/mcuxpressoide_11.4.0_6237/ide/plugins/com.nxp.mcuxpresso.tools.win32_11.4.0.202103011116/tools/bin/../lib/gcc/arm-none-eabi/10.2.1/../../../../arm-none-eabi/lib/thumb/v6-m/nofp\libcr_c.a(fseek.o)
 .comment       0x0000004d       0x4e c:/nxp/mcuxpressoide_11.4.0_6237/ide/plugins/com.nxp.mcuxpresso.tools.win32_11.4.0.202103011116/tools/bin/../lib/gcc/arm-none-eabi/10.2.1/../../../../arm-none-eabi/lib/thumb/v6-m/nofp\libcr_c.a(ftell.o)
 .comment       0x0000004d       0x4e c:/nxp/mcuxpressoide_11.4.0_6237/ide/plugins/com.nxp.mcuxpresso.tools.win32_11.4.0.202103011116/tools/bin/../lib/gcc/arm-none-eabi/10.2.1/../../../../arm-none-eabi/lib/thumb/v6-m/nofp\libcr_c.a(initio.o)
 .comment       0x0000004d       0x4e c:/nxp/mcuxpressoide_11.4.0_6237/ide/plugins/com.nxp.mcuxpresso.tools.win32_11.4.0.202103011116/tools/bin/../lib/gcc/arm-none-eabi/10.2.1/../../../../arm-none-eabi/lib/thumb/v6-m/nofp\libcr_c.a(setvbuf.o)
 .comment       0x0000004d       0x4e c:/nxp/mcuxpressoide_11.4.0_6237/ide/plugins/com.nxp.mcuxpresso.tools.win32_11.4.0.202103011116/tools/bin/../lib/gcc/arm-none-eabi/10.2.1/../../../../arm-none-eabi/lib/thumb/v6-m/nofp\libcr_c.a(strlen.o)
 .comment       0x0000004d       0x4e c:/nxp/mcuxpressoide_11.4.0_6237/ide/plugins/com.nxp.mcuxpresso.tools.win32_11.4.0.202103011116/tools/bin/../lib/gcc/arm-none-eabi/10.2.1/../../../../arm-none-eabi/lib/thumb/v6-m/nofp\libcr_c.a(__init_alloc.o)
 .comment       0x0000004d       0x4e c:/nxp/mcuxpressoide_11.4.0_6237/ide/plugins/com.nxp.mcuxpresso.tools.win32_11.4.0.202103011116/tools/bin/../lib/gcc/arm-none-eabi/10.2.1/../../../../arm-none-eabi/lib/thumb/v6-m/nofp\libcr_c.a(_cr_sbrk.o)
 .comment       0x0000004d       0x4e c:/nxp/mcuxpressoide_11.4.0_6237/ide/plugins/com.nxp.mcuxpresso.tools.win32_11.4.0.202103011116/tools/bin/../lib/gcc/arm-none-eabi/10.2.1/../../../../arm-none-eabi/lib/thumb/v6-m/nofp\libcr_c.a(_fdopen.o)
 .comment       0x0000004d       0x4e c:/nxp/mcuxpressoide_11.4.0_6237/ide/plugins/com.nxp.mcuxpresso.tools.win32_11.4.0.202103011116/tools/bin/../lib/gcc/arm-none-eabi/10.2.1/../../../../arm-none-eabi/lib/thumb/v6-m/nofp\libcr_c.a(errno.o)
 .comment       0x0000004d       0x4e c:/nxp/mcuxpressoide_11.4.0_6237/ide/plugins/com.nxp.mcuxpresso.tools.win32_11.4.0.202103011116/tools/bin/../lib/gcc/arm-none-eabi/10.2.1/../../../../arm-none-eabi/lib/thumb/v6-m/nofp\libcr_c.a(fclose.o)
 .comment       0x0000004d       0x4e c:/nxp/mcuxpressoide_11.4.0_6237/ide/plugins/com.nxp.mcuxpresso.tools.win32_11.4.0.202103011116/tools/bin/../lib/gcc/arm-none-eabi/10.2.1/../../../../arm-none-eabi/lib/thumb/v6-m/nofp\libcr_c.a(fflush.o)
 .comment       0x0000004d       0x4e c:/nxp/mcuxpressoide_11.4.0_6237/ide/plugins/com.nxp.mcuxpresso.tools.win32_11.4.0.202103011116/tools/bin/../lib/gcc/arm-none-eabi/10.2.1/../../../../arm-none-eabi/lib/thumb/v6-m/nofp\libcr_c.a(remove.o)
 .comment       0x0000004d       0x4e c:/nxp/mcuxpressoide_11.4.0_6237/ide/plugins/com.nxp.mcuxpresso.tools.win32_11.4.0.202103011116/tools/bin/../lib/gcc/arm-none-eabi/10.2.1/../../../../arm-none-eabi/lib/thumb/v6-m/nofp\libcr_c.a(_cr_check_heap.o)
 .comment       0x0000004d       0x4e c:/nxp/mcuxpressoide_11.4.0_6237/ide/plugins/com.nxp.mcuxpresso.tools.win32_11.4.0.202103011116/tools/bin/../lib/gcc/arm-none-eabi/10.2.1/../../../../arm-none-eabi/lib/thumb/v6-m/nofp\libcr_c.a(_do_fflush.o)
 .comment       0x0000004d       0x4e c:/nxp/mcuxpressoide_11.4.0_6237/ide/plugins/com.nxp.mcuxpresso.tools.win32_11.4.0.202103011116/tools/bin/../lib/gcc/arm-none-eabi/10.2.1/../../../../arm-none-eabi/lib/thumb/v6-m/nofp\libcr_nohost_nf.a(__sys_close.o)
 .comment       0x0000004d       0x4e c:/nxp/mcuxpressoide_11.4.0_6237/ide/plugins/com.nxp.mcuxpresso.tools.win32_11.4.0.202103011116/tools/bin/../lib/gcc/arm-none-eabi/10.2.1/../../../../arm-none-eabi/lib/thumb/v6-m/nofp\libcr_nohost_nf.a(__sys_flen.o)
 .comment       0x0000004d       0x4e c:/nxp/mcuxpressoide_11.4.0_6237/ide/plugins/com.nxp.mcuxpresso.tools.win32_11.4.0.202103011116/tools/bin/../lib/gcc/arm-none-eabi/10.2.1/../../../../arm-none-eabi/lib/thumb/v6-m/nofp\libcr_nohost_nf.a(__sys_istty.o)
 .comment       0x0000004d       0x4e c:/nxp/mcuxpressoide_11.4.0_6237/ide/plugins/com.nxp.mcuxpresso.tools.win32_11.4.0.202103011116/tools/bin/../lib/gcc/arm-none-eabi/10.2.1/../../../../arm-none-eabi/lib/thumb/v6-m/nofp\libcr_nohost_nf.a(__sys_remove.o)
 .comment       0x0000004d       0x4e c:/nxp/mcuxpressoide_11.4.0_6237/ide/plugins/com.nxp.mcuxpresso.tools.win32_11.4.0.202103011116/tools/bin/../lib/gcc/arm-none-eabi/10.2.1/../../../../arm-none-eabi/lib/thumb/v6-m/nofp\libcr_nohost_nf.a(__sys_seek.o)
 .comment       0x0000004d       0x4e c:/nxp/mcuxpressoide_11.4.0_6237/ide/plugins/com.nxp.mcuxpresso.tools.win32_11.4.0.202103011116/tools/bin/../lib/gcc/arm-none-eabi/10.2.1/../../../../arm-none-eabi/lib/thumb/v6-m/nofp\libcr_nohost_nf.a(__sys_tmpnam.o)
 .comment       0x0000004d       0x4e c:/nxp/mcuxpressoide_11.4.0_6237/ide/plugins/com.nxp.mcuxpresso.tools.win32_11.4.0.202103011116/tools/bin/../lib/gcc/arm-none-eabi/10.2.1/../../../../arm-none-eabi/lib/thumb/v6-m/nofp\libcr_nohost_nf.a(__sys_write.o)

.ARM.attributes
                0x00000000       0x2a
 .ARM.attributes
                0x00000000       0x2c ./utilities/fsl_debug_console.o
 .ARM.attributes
                0x0000002c       0x2c ./utilities/fsl_io.o
 .ARM.attributes
                0x00000058       0x2c ./utilities/fsl_log.o
 .ARM.attributes
                0x00000084       0x2c ./utilities/fsl_str.o
 .ARM.attributes
                0x000000b0       0x2c ./startup/startup_mkl46z4.o
 .ARM.attributes
                0x000000dc       0x2c ./source/CtlSalidas.o
 .ARM.attributes
                0x00000108       0x2c ./source/freertos_hello.o
 .ARM.attributes
                0x00000134       0x32 ./source/mtb.o
 .ARM.attributes
                0x00000166       0x2c ./source/semihost_hardfault.o
 .ARM.attributes
                0x00000192       0x2c ./freertos/portable/fsl_tickless_systick.o
 .ARM.attributes
                0x000001be       0x2c ./drivers/fsl_clock.o
 .ARM.attributes
                0x000001ea       0x2c ./drivers/fsl_gpio.o
 .ARM.attributes
                0x00000216       0x2c ./drivers/fsl_lpsci.o
 .ARM.attributes
                0x00000242       0x2c ./drivers/fsl_uart.o
 .ARM.attributes
                0x0000026e       0x2c ./board/src/board.o
 .ARM.attributes
                0x0000029a       0x2c ./board/src/clock_config.o
 .ARM.attributes
                0x000002c6       0x2c ./board/pin_mux.o
 .ARM.attributes
                0x000002f2       0x2c ./amazon-freertos/FreeRTOS/portable/heap_4.o
 .ARM.attributes
                0x0000031e       0x2c ./amazon-freertos/FreeRTOS/portable/port.o
 .ARM.attributes
                0x0000034a       0x2c ./amazon-freertos/FreeRTOS/list.o
 .ARM.attributes
                0x00000376       0x2c ./amazon-freertos/FreeRTOS/queue.o
 .ARM.attributes
                0x000003a2       0x2c ./amazon-freertos/FreeRTOS/tasks.o
 .ARM.attributes
                0x000003ce       0x2c ./amazon-freertos/FreeRTOS/timers.o
 .ARM.attributes
                0x000003fa       0x2c ./CMSIS/system_MKL46Z4.o
 .ARM.attributes
                0x00000426       0x2c c:/nxp/mcuxpressoide_11.4.0_6237/ide/plugins/com.nxp.mcuxpresso.tools.win32_11.4.0.202103011116/tools/bin/../lib/gcc/arm-none-eabi/10.2.1/../../../../arm-none-eabi/lib/thumb/v6-m/nofp\libcr_nohost_nf.a(_cr__main.o)
 .ARM.attributes
                0x00000452       0x2c c:/nxp/mcuxpressoide_11.4.0_6237/ide/plugins/com.nxp.mcuxpresso.tools.win32_11.4.0.202103011116/tools/bin/../lib/gcc/arm-none-eabi/10.2.1/../../../../arm-none-eabi/lib/thumb/v6-m/nofp\libcr_nohost_nf.a(_cr_assert.o)
 .ARM.attributes
                0x0000047e       0x31 c:/nxp/mcuxpressoide_11.4.0_6237/ide/plugins/com.nxp.mcuxpresso.tools.win32_11.4.0.202103011116/tools/bin/../lib/gcc/arm-none-eabi/10.2.1/../../../../arm-none-eabi/lib/thumb/v6-m/nofp\libcr_nohost_nf.a(__ciob.o)
 .ARM.attributes
                0x000004af       0x2c c:/nxp/mcuxpressoide_11.4.0_6237/ide/plugins/com.nxp.mcuxpresso.tools.win32_11.4.0.202103011116/tools/bin/../lib/gcc/arm-none-eabi/10.2.1/../../../../arm-none-eabi/lib/thumb/v6-m/nofp\libcr_nohost_nf.a(__sys_appexit.o)
 .ARM.attributes
                0x000004db       0x2c c:/nxp/mcuxpressoide_11.4.0_6237/ide/plugins/com.nxp.mcuxpresso.tools.win32_11.4.0.202103011116/tools/bin/../lib/gcc/arm-none-eabi/10.2.1/../../../../arm-none-eabi/lib/thumb/v6-m/nofp\libcr_c.a(memcpy.o)
 .ARM.attributes
                0x00000507       0x2c c:/nxp/mcuxpressoide_11.4.0_6237/ide/plugins/com.nxp.mcuxpresso.tools.win32_11.4.0.202103011116/tools/bin/../lib/gcc/arm-none-eabi/10.2.1/../../../../arm-none-eabi/lib/thumb/v6-m/nofp\libcr_c.a(memset.o)
 .ARM.attributes
                0x00000533       0x2c c:/nxp/mcuxpressoide_11.4.0_6237/ide/plugins/com.nxp.mcuxpresso.tools.win32_11.4.0.202103011116/tools/bin/../lib/gcc/arm-none-eabi/10.2.1/../../../../arm-none-eabi/lib/thumb/v6-m/nofp\libcr_c.a(_deferredlazyseek.o)
 .ARM.attributes
                0x0000055f       0x2c c:/nxp/mcuxpressoide_11.4.0_6237/ide/plugins/com.nxp.mcuxpresso.tools.win32_11.4.0.202103011116/tools/bin/../lib/gcc/arm-none-eabi/10.2.1/../../../../arm-none-eabi/lib/thumb/v6-m/nofp\libcr_c.a(_fflush.o)
 .ARM.attributes
                0x0000058b       0x2c c:/nxp/mcuxpressoide_11.4.0_6237/ide/plugins/com.nxp.mcuxpresso.tools.win32_11.4.0.202103011116/tools/bin/../lib/gcc/arm-none-eabi/10.2.1/../../../../arm-none-eabi/lib/thumb/v6-m/nofp\libcr_c.a(_writebuf.o)
 .ARM.attributes
                0x000005b7       0x2c c:/nxp/mcuxpressoide_11.4.0_6237/ide/plugins/com.nxp.mcuxpresso.tools.win32_11.4.0.202103011116/tools/bin/../lib/gcc/arm-none-eabi/10.2.1/../../../../arm-none-eabi/lib/thumb/v6-m/nofp\libcr_c.a(alloc.o)
 .ARM.attributes
                0x000005e3       0x2c c:/nxp/mcuxpressoide_11.4.0_6237/ide/plugins/com.nxp.mcuxpresso.tools.win32_11.4.0.202103011116/tools/bin/../lib/gcc/arm-none-eabi/10.2.1/../../../../arm-none-eabi/lib/thumb/v6-m/nofp\libcr_c.a(fputs.o)
 .ARM.attributes
                0x0000060f       0x2c c:/nxp/mcuxpressoide_11.4.0_6237/ide/plugins/com.nxp.mcuxpresso.tools.win32_11.4.0.202103011116/tools/bin/../lib/gcc/arm-none-eabi/10.2.1/../../../../arm-none-eabi/lib/thumb/v6-m/nofp\libcr_c.a(fseek.o)
 .ARM.attributes
                0x0000063b       0x2c c:/nxp/mcuxpressoide_11.4.0_6237/ide/plugins/com.nxp.mcuxpresso.tools.win32_11.4.0.202103011116/tools/bin/../lib/gcc/arm-none-eabi/10.2.1/../../../../arm-none-eabi/lib/thumb/v6-m/nofp\libcr_c.a(ftell.o)
 .ARM.attributes
                0x00000667       0x2c c:/nxp/mcuxpressoide_11.4.0_6237/ide/plugins/com.nxp.mcuxpresso.tools.win32_11.4.0.202103011116/tools/bin/../lib/gcc/arm-none-eabi/10.2.1/../../../../arm-none-eabi/lib/thumb/v6-m/nofp\libcr_c.a(initio.o)
 .ARM.attributes
                0x00000693       0x2c c:/nxp/mcuxpressoide_11.4.0_6237/ide/plugins/com.nxp.mcuxpresso.tools.win32_11.4.0.202103011116/tools/bin/../lib/gcc/arm-none-eabi/10.2.1/../../../../arm-none-eabi/lib/thumb/v6-m/nofp\libcr_c.a(setvbuf.o)
 .ARM.attributes
                0x000006bf       0x2c c:/nxp/mcuxpressoide_11.4.0_6237/ide/plugins/com.nxp.mcuxpresso.tools.win32_11.4.0.202103011116/tools/bin/../lib/gcc/arm-none-eabi/10.2.1/../../../../arm-none-eabi/lib/thumb/v6-m/nofp\libcr_c.a(strlen.o)
 .ARM.attributes
                0x000006eb       0x2c c:/nxp/mcuxpressoide_11.4.0_6237/ide/plugins/com.nxp.mcuxpresso.tools.win32_11.4.0.202103011116/tools/bin/../lib/gcc/arm-none-eabi/10.2.1/../../../../arm-none-eabi/lib/thumb/v6-m/nofp\libcr_c.a(__init_alloc.o)
 .ARM.attributes
                0x00000717       0x2c c:/nxp/mcuxpressoide_11.4.0_6237/ide/plugins/com.nxp.mcuxpresso.tools.win32_11.4.0.202103011116/tools/bin/../lib/gcc/arm-none-eabi/10.2.1/../../../../arm-none-eabi/lib/thumb/v6-m/nofp\libcr_c.a(_cr_sbrk.o)
 .ARM.attributes
                0x00000743       0x2c c:/nxp/mcuxpressoide_11.4.0_6237/ide/plugins/com.nxp.mcuxpresso.tools.win32_11.4.0.202103011116/tools/bin/../lib/gcc/arm-none-eabi/10.2.1/../../../../arm-none-eabi/lib/thumb/v6-m/nofp\libcr_c.a(_fdopen.o)
 .ARM.attributes
                0x0000076f       0x31 c:/nxp/mcuxpressoide_11.4.0_6237/ide/plugins/com.nxp.mcuxpresso.tools.win32_11.4.0.202103011116/tools/bin/../lib/gcc/arm-none-eabi/10.2.1/../../../../arm-none-eabi/lib/thumb/v6-m/nofp\libcr_c.a(errno.o)
 .ARM.attributes
                0x000007a0       0x2c c:/nxp/mcuxpressoide_11.4.0_6237/ide/plugins/com.nxp.mcuxpresso.tools.win32_11.4.0.202103011116/tools/bin/../lib/gcc/arm-none-eabi/10.2.1/../../../../arm-none-eabi/lib/thumb/v6-m/nofp\libcr_c.a(fclose.o)
 .ARM.attributes
                0x000007cc       0x2c c:/nxp/mcuxpressoide_11.4.0_6237/ide/plugins/com.nxp.mcuxpresso.tools.win32_11.4.0.202103011116/tools/bin/../lib/gcc/arm-none-eabi/10.2.1/../../../../arm-none-eabi/lib/thumb/v6-m/nofp\libcr_c.a(fflush.o)
 .ARM.attributes
                0x000007f8       0x2c c:/nxp/mcuxpressoide_11.4.0_6237/ide/plugins/com.nxp.mcuxpresso.tools.win32_11.4.0.202103011116/tools/bin/../lib/gcc/arm-none-eabi/10.2.1/../../../../arm-none-eabi/lib/thumb/v6-m/nofp\libcr_c.a(remove.o)
 .ARM.attributes
                0x00000824       0x2c c:/nxp/mcuxpressoide_11.4.0_6237/ide/plugins/com.nxp.mcuxpresso.tools.win32_11.4.0.202103011116/tools/bin/../lib/gcc/arm-none-eabi/10.2.1/../../../../arm-none-eabi/lib/thumb/v6-m/nofp\libcr_c.a(_cr_check_heap.o)
 .ARM.attributes
                0x00000850       0x2c c:/nxp/mcuxpressoide_11.4.0_6237/ide/plugins/com.nxp.mcuxpresso.tools.win32_11.4.0.202103011116/tools/bin/../lib/gcc/arm-none-eabi/10.2.1/../../../../arm-none-eabi/lib/thumb/v6-m/nofp\libcr_c.a(_do_fflush.o)
 .ARM.attributes
                0x0000087c       0x1c c:/nxp/mcuxpressoide_11.4.0_6237/ide/plugins/com.nxp.mcuxpresso.tools.win32_11.4.0.202103011116/tools/bin/../lib/gcc/arm-none-eabi/10.2.1/thumb/v6-m/nofp\libcr_eabihelpers.a(division_32.o)
 .ARM.attributes
                0x00000898       0x1c c:/nxp/mcuxpressoide_11.4.0_6237/ide/plugins/com.nxp.mcuxpresso.tools.win32_11.4.0.202103011116/tools/bin/../lib/gcc/arm-none-eabi/10.2.1/thumb/v6-m/nofp\libcr_eabihelpers.a(division_idiv0.o)
 .ARM.attributes
                0x000008b4       0x1c c:/nxp/mcuxpressoide_11.4.0_6237/ide/plugins/com.nxp.mcuxpresso.tools.win32_11.4.0.202103011116/tools/bin/../lib/gcc/arm-none-eabi/10.2.1/thumb/v6-m/nofp\libcr_eabihelpers.a(memcpy.o)
 .ARM.attributes
                0x000008d0       0x2c c:/nxp/mcuxpressoide_11.4.0_6237/ide/plugins/com.nxp.mcuxpresso.tools.win32_11.4.0.202103011116/tools/bin/../lib/gcc/arm-none-eabi/10.2.1/../../../../arm-none-eabi/lib/thumb/v6-m/nofp\libcr_nohost_nf.a(__sys_close.o)
 .ARM.attributes
                0x000008fc       0x2c c:/nxp/mcuxpressoide_11.4.0_6237/ide/plugins/com.nxp.mcuxpresso.tools.win32_11.4.0.202103011116/tools/bin/../lib/gcc/arm-none-eabi/10.2.1/../../../../arm-none-eabi/lib/thumb/v6-m/nofp\libcr_nohost_nf.a(__sys_flen.o)
 .ARM.attributes
                0x00000928       0x2c c:/nxp/mcuxpressoide_11.4.0_6237/ide/plugins/com.nxp.mcuxpresso.tools.win32_11.4.0.202103011116/tools/bin/../lib/gcc/arm-none-eabi/10.2.1/../../../../arm-none-eabi/lib/thumb/v6-m/nofp\libcr_nohost_nf.a(__sys_istty.o)
 .ARM.attributes
                0x00000954       0x2c c:/nxp/mcuxpressoide_11.4.0_6237/ide/plugins/com.nxp.mcuxpresso.tools.win32_11.4.0.202103011116/tools/bin/../lib/gcc/arm-none-eabi/10.2.1/../../../../arm-none-eabi/lib/thumb/v6-m/nofp\libcr_nohost_nf.a(__sys_remove.o)
 .ARM.attributes
                0x00000980       0x2c c:/nxp/mcuxpressoide_11.4.0_6237/ide/plugins/com.nxp.mcuxpresso.tools.win32_11.4.0.202103011116/tools/bin/../lib/gcc/arm-none-eabi/10.2.1/../../../../arm-none-eabi/lib/thumb/v6-m/nofp\libcr_nohost_nf.a(__sys_seek.o)
 .ARM.attributes
                0x000009ac       0x2c c:/nxp/mcuxpressoide_11.4.0_6237/ide/plugins/com.nxp.mcuxpresso.tools.win32_11.4.0.202103011116/tools/bin/../lib/gcc/arm-none-eabi/10.2.1/../../../../arm-none-eabi/lib/thumb/v6-m/nofp\libcr_nohost_nf.a(__sys_tmpnam.o)
 .ARM.attributes
                0x000009d8       0x2c c:/nxp/mcuxpressoide_11.4.0_6237/ide/plugins/com.nxp.mcuxpresso.tools.win32_11.4.0.202103011116/tools/bin/../lib/gcc/arm-none-eabi/10.2.1/../../../../arm-none-eabi/lib/thumb/v6-m/nofp\libcr_nohost_nf.a(__sys_write.o)

.debug_frame    0x00000000     0x2e60
 .debug_frame   0x00000000      0x114 ./utilities/fsl_debug_console.o
 .debug_frame   0x00000114      0x108 ./utilities/fsl_io.o
 .debug_frame   0x0000021c      0x108 ./utilities/fsl_log.o
 .debug_frame   0x00000324       0x94 ./utilities/fsl_str.o
 .debug_frame   0x000003b8      0x3b0 ./startup/startup_mkl46z4.o
 .debug_frame   0x00000768       0xf0 ./source/CtlSalidas.o
 .debug_frame   0x00000858       0xb0 ./source/freertos_hello.o
 .debug_frame   0x00000908       0x20 ./source/semihost_hardfault.o
 .debug_frame   0x00000928       0x2c ./freertos/portable/fsl_tickless_systick.o
 .debug_frame   0x00000954      0x6e0 ./drivers/fsl_clock.o
 .debug_frame   0x00001034      0x190 ./drivers/fsl_gpio.o
 .debug_frame   0x000011c4      0x414 ./drivers/fsl_lpsci.o
 .debug_frame   0x000015d8      0x464 ./drivers/fsl_uart.o
 .debug_frame   0x00001a3c       0x50 ./board/src/board.o
 .debug_frame   0x00001a8c      0x100 ./board/src/clock_config.o
 .debug_frame   0x00001b8c       0x8c ./board/pin_mux.o
 .debug_frame   0x00001c18       0xe4 ./amazon-freertos/FreeRTOS/portable/heap_4.o
 .debug_frame   0x00001cfc      0x158 ./amazon-freertos/FreeRTOS/portable/port.o
 .debug_frame   0x00001e54       0xb0 ./amazon-freertos/FreeRTOS/list.o
 .debug_frame   0x00001f04      0x470 ./amazon-freertos/FreeRTOS/queue.o
 .debug_frame   0x00002374      0x77c ./amazon-freertos/FreeRTOS/tasks.o
 .debug_frame   0x00002af0      0x308 ./amazon-freertos/FreeRTOS/timers.o
 .debug_frame   0x00002df8       0x68 ./CMSIS/system_MKL46Z4.o

Cross Reference Table

Symbol                                            File
ADC0_DriverIRQHandler                             ./startup/startup_mkl46z4.o
ADC0_IRQHandler                                   ./startup/startup_mkl46z4.o
BOARD_BootClockRUN                                ./board/src/clock_config.o
                                                  ./source/freertos_hello.o
BOARD_BootClockVLPR                               ./board/src/clock_config.o
BOARD_InitBootClocks                              ./board/src/clock_config.o
BOARD_InitBootPins                                ./board/pin_mux.o
BOARD_InitDebugConsole                            ./board/src/board.o
                                                  ./source/freertos_hello.o
BOARD_InitPins                                    ./board/pin_mux.o
                                                  ./source/freertos_hello.o
CLOCK_BootToBlpeMode                              ./drivers/fsl_clock.o
CLOCK_BootToBlpiMode                              ./drivers/fsl_clock.o
                                                  ./board/src/clock_config.o
CLOCK_BootToFeeMode                               ./drivers/fsl_clock.o
CLOCK_BootToFeiMode                               ./drivers/fsl_clock.o
CLOCK_BootToPeeMode                               ./drivers/fsl_clock.o
                                                  ./board/src/clock_config.o
CLOCK_CalcPllDiv                                  ./drivers/fsl_clock.o
CLOCK_ClearStatusFlags                            ./drivers/fsl_clock.o
CLOCK_DeinitOsc0                                  ./drivers/fsl_clock.o
CLOCK_EnablePll0                                  ./drivers/fsl_clock.o
CLOCK_EnableUsbfs0Clock                           ./drivers/fsl_clock.o
CLOCK_ExternalModeToFbeModeQuick                  ./drivers/fsl_clock.o
CLOCK_GetBusClkFreq                               ./drivers/fsl_clock.o
CLOCK_GetCoreSysClkFreq                           ./drivers/fsl_clock.o
CLOCK_GetEr32kClkFreq                             ./drivers/fsl_clock.o