C:\Users\User\Documents\Maestria Iot\Semestre 2021-2\RTOS\Entrega2\Proyecto2_RTOS\drivers/fsl_clock.h:791:20:CLOCK_SetSimSafeDivs	8	static
C:\Users\User\Documents\Maestria Iot\Semestre 2021-2\RTOS\Entrega2\Proyecto2_RTOS\drivers/fsl_clock.h:1122:20:CLOCK_SetXtal0Freq	16	static
C:\Users\User\Documents\Maestria Iot\Semestre 2021-2\RTOS\Entrega2\Proyecto2_RTOS\drivers/fsl_smc.h:286:20:SMC_SetPowerModeProtection	16	static
C:\Users\User\Documents\Maestria Iot\Semestre 2021-2\RTOS\Entrega2\Proyecto2_RTOS\drivers/fsl_smc.h:305:33:SMC_GetPowerModeState	16	static
../board/src/clock_config.c:74:13:CLOCK_CONFIG_SetFllExtRefDiv	16	static
../board/src/clock_config.c:82:6:BOARD_InitBootClocks	8	static
../board/src/clock_config.c:169:6:BOARD_BootClockRUN	8	static
../board/src/clock_config.c:264:6:BOARD_BootClockVLPR	8	static
